{
    "real-world": [],
    "zwift-bologna": [
        [
            44.5308037,
            11.26261748
        ],
        [
            44.45463821,
            11.36991729102076
        ]
    ],
    "zwift-crit-city": [
        [
            -10.3657,
            165.7824
        ],
        [
            -10.4038,
            165.8207
        ]
    ],
    "zwift-france": [
        [
            -21.64155,
            166.1384
        ],
        [
            -21.7564,
            166.26125
        ]
    ],
    "zwift-innsbruck": [
        [
            47.2947,
            11.3501
        ],
        [
            47.2055,
            11.4822
        ]
    ],
    "zwift-london": [
        [
            51.5362,
            -0.1776
        ],
        [
            51.4601,
            -0.0555
        ]
    ],
    "zwift-makuri-islands": [
        [
            -10.7375,
            165.7828
        ],
        [
            -10.831,
            165.8772
        ]
    ],
    "zwift-new-york": [
        [
            40.81725,
            -74.0227
        ],
        [
            40.74085,
            -73.9222
        ]
    ],
    "zwift-paris": [
        [
            48.9058,
            2.2561
        ],
        [
            48.82945,
            2.3722
        ]
    ],
    "zwift-richmond": [
        [
            37.5774,
            -77.48954
        ],
        [
            37.5014,
            -77.394
        ]
    ],
    "zwift-scotland": [
        [
            55.675959999999996,
            -5.28053
        ],
        [
            55.6185,
            -5.17753
        ]
    ],
    "zwift-watopia": [
        [
            -11.626,
            166.87747
        ],
        [
            -11.729,
            167.03255
        ]
    ],
    "zwift-yorkshire": [
        [
            54.0254,
            -1.632
        ],
        [
            53.9491,
            -1.5022
        ]
    ]
}
