{
    "base_uri": "https:\/\/www.strava.com\/",
    "headers": {
        "Authorization": "Bearer theAccessToken"
    },
    "query": {
        "page": 1,
        "per_page": 200
    }
}
