{
    "base_uri": "https:\/\/www.strava.com\/",
    "headers": {
        "Authorization": "Bearer theAccessToken"
    }
}
