[
    {
        "name": "Eight Sleep&#x27;s 2023 Finale",
        "teaser": "Log 88 minutes of activity for a chance to win $10,000 credit at eightsleep.com\" class=\"Trophy_trophy__xNe_r\"><img src=\"https:\/\/dgalywyr863hv.cloudfront.net\/challenges\/4062\/4062-logo-100.png\" alt=\"Eight Sleep&#x27;s 2023 Finale",
        "logo_url": "https:\/\/dgalywyr863hv.cloudfront.net\/challenges\/4062\/4062-logo-100.png",
        "url": "eight-sleep-2023-finale",
        "challenge_id": "4062"
    },
    {
        "name": "Get in the Groove with Nuun",
        "teaser": "Complete 300 minutes of activity for a grand prize entry!\" class=\"Trophy_trophy__xNe_r\"><img src=\"https:\/\/dgalywyr863hv.cloudfront.net\/challenges\/4074\/4074-logo-100.png\" alt=\"Get in the Groove with Nuun",
        "logo_url": "https:\/\/dgalywyr863hv.cloudfront.net\/challenges\/4074\/4074-logo-100.png",
        "url": "Get-in-the-Groove-with-Nuun",
        "challenge_id": "4074"
    },
    {
        "name": "BIKE24 No End of Season",
        "teaser": "Record 365 Minutes of Activity and Receive a 10% Voucher as a Reward\" class=\"Trophy_trophy__xNe_r\"><img src=\"https:\/\/dgalywyr863hv.cloudfront.net\/challenges\/4026\/4026-logo-100.png\" alt=\"BIKE24 No End of Season",
        "logo_url": "https:\/\/dgalywyr863hv.cloudfront.net\/challenges\/4026\/4026-logo-100.png",
        "url": "bike24-no-end-of-season",
        "challenge_id": "4026"
    },
    {
        "name": "October Cycling Climbing Challenge",
        "teaser": "Leave the flats behind and climb at least 7,500 meters this month.\" class=\"Trophy_trophy__xNe_r\"><img src=\"https:\/\/dgalywyr863hv.cloudfront.net\/challenges\/4007\/4007-logo-100.png\" alt=\"October Cycling Climbing Challenge",
        "logo_url": "https:\/\/dgalywyr863hv.cloudfront.net\/challenges\/4007\/4007-logo-100.png",
        "url": "October-Cycling-Climbing-Challenge-2023",
        "challenge_id": "4007"
    }
]
