<html><body>
<p align="center">
    <img src="public/strava.png" alt="Strava">
</p>

Since I began cycling `261 days` ago on `29-01-2023`,
I had `5 cycling days`.<br>
I recorded a total distance of `76 km`
(`0.00` trips around the world &eth;&#159;&#140;&#141; and
`0.000` trips to the moon &eth;&#159;&#140;&#149;),
an elevation of `332 m`
(`0.0` times Mount Everest &eth;&#159;&#143;&#148;)
and a total time of `2h 55m` &eth;&#159;&#142;&#137;

That's a daily average of `0 km`,
a weekly average of `2 km` and a
monthly average of `8 km` &eth;&#159;&#144;&pound;

I burned `1737 calories` doing so, that's about `6` pizza slices &eth;&#159;&#141;&#149;

---

<kbd><a href="#weekly-distances">Weekly distances</a></kbd> |
<kbd><a href="#activities">Activities</a></kbd> |
<kbd><a href="#monthly-stats">Monthly stats</a></kbd> |
<kbd><a href="#activity-heatmap">Activity heatmap</a></kbd> |
<kbd><a href="#stats-per-weekday">Stats per weekday</a></kbd> |
<kbd><a href="#daytime-stats">Daytime stats</a></kbd> |
<kbd><a href="#stats-per-bike">Stats per bike</a></kbd> |
<kbd><a href="#best-power-outputs-over-time">Power outputs</a></kbd> |
<kbd><a href="#eddington-chart">Eddington</a></kbd> |
<kbd><a href="#distance-breakdown">Distance breakdown</a></kbd> |
<kbd><a href="#completed-challenges">Completed challenges</a></kbd>

## Weekly distances

<img src="build/charts/chart_1000_300.svg" alt="Weekly distances">

## Activities

<table>
    <tr>
        <th></th>
        <th></th>
        <th align="center"><img src="https://raw.githubusercontent.com/robiningelbrecht/strava-activities/master/public/distance.svg" width="30" alt="distance" title="distance"></th>
        <th align="center"><img src="https://raw.githubusercontent.com/robiningelbrecht/strava-activities/master/public/elevation.svg" width="30" alt="elevation" title="elevation"></th>
        <th align="center"><img src="https://raw.githubusercontent.com/robiningelbrecht/strava-activities/master/public/time.svg" width="30" alt="time" title="time"></th>
        <th align="center"><img src="https://raw.githubusercontent.com/robiningelbrecht/strava-activities/master/public/average-watt.svg" width="30" alt="average watts" title="average watts"></th>
        <th align="center"><img src="https://raw.githubusercontent.com/robiningelbrecht/strava-activities/master/public/average-speed.svg" width="30" alt="average speed" title="average speed"></th>
        <th align="center"><img src="https://raw.githubusercontent.com/robiningelbrecht/strava-activities/master/public/heart-rate.svg" width="30" alt="average heart rate" title="average heart rate"></th>
    </tr>
            <tr>
            <td>11-09-23</td>
            <td>
                <img src="https://raw.githubusercontent.com/robiningelbrecht/strava-activities/master/public/activity-ride.svg" width="12" alt="virtual ride" title="virtual ride">
                <a href="https://www.strava.com/activities/9830227182" title="Kcal: 163 | Gear: None ">Night Ride</a>
            </td>
            <td align="center">6 <sup><sub>km</sub></sup>
</td>
            <td align="center">9 <sup><sub>m</sub></sup>
</td>
            <td align="center">16:41</td>
            <td align="center">93 <sup><sub>w</sub></sup>
</td>
            <td align="center">22 <sup><sub>km/h</sub></sup>
</td>
            <td align="center">133</td>
        </tr>
            <tr>
            <td>31-08-23</td>
            <td>
                <img src="https://raw.githubusercontent.com/robiningelbrecht/strava-activities/master/public/activity-virtual-ride.svg" width="12" alt="virtual ride" title="virtual ride">
                <a href="https://www.strava.com/activities/9756441741" title="Kcal: 695 | Gear: Retro Race Bike ">Watopia Flat Forward in Lo...</a>
            </td>
            <td align="center">34 <sup><sub>km</sub></sup>
</td>
            <td align="center">278 <sup><sub>m</sub></sup>
</td>
            <td align="center">1:03:06</td>
            <td align="center">192 <sup><sub>w</sub></sup>
</td>
            <td align="center">31.9 <sup><sub>km/h</sub></sup>
</td>
            <td align="center">154</td>
        </tr>
            <tr>
            <td>29-07-23</td>
            <td>
                <img src="https://raw.githubusercontent.com/robiningelbrecht/strava-activities/master/public/activity-ride.svg" width="12" alt="virtual ride" title="virtual ride">
                <a href="https://www.strava.com/activities/9542782814" title="Kcal: 293 | Gear: Retro Race Bike ">Morning Ride</a>
            </td>
            <td align="center">12 <sup><sub>km</sub></sup>
</td>
            <td align="center">15 <sup><sub>m</sub></sup>
</td>
            <td align="center">31:56</td>
            <td align="center">92 <sup><sub>w</sub></sup>
</td>
            <td align="center">23.3 <sup><sub>km/h</sub></sup>
</td>
            <td align="center">129</td>
        </tr>
            <tr>
            <td>28-07-23</td>
            <td>
                <img src="https://raw.githubusercontent.com/robiningelbrecht/strava-activities/master/public/activity-ride.svg" width="12" alt="virtual ride" title="virtual ride">
                <a href="https://www.strava.com/activities/9542782814" title="Kcal: 293 | Gear: Zwift hub ">Morning Ride</a>
            </td>
            <td align="center">12 <sup><sub>km</sub></sup>
</td>
            <td align="center">15 <sup><sub>m</sub></sup>
</td>
            <td align="center">31:56</td>
            <td align="center">92 <sup><sub>w</sub></sup>
</td>
            <td align="center">23.3 <sup><sub>km/h</sub></sup>
</td>
            <td align="center">129</td>
        </tr>
            <tr>
            <td>29-01-23</td>
            <td>
                <img src="https://raw.githubusercontent.com/robiningelbrecht/strava-activities/master/public/activity-ride.svg" width="12" alt="virtual ride" title="virtual ride">
                <a href="https://www.strava.com/activities/9542782814" title="Kcal: 293 | Gear: Retro Race Bike ">Morning Ride</a>
            </td>
            <td align="center">12 <sup><sub>km</sub></sup>
</td>
            <td align="center">15 <sup><sub>m</sub></sup>
</td>
            <td align="center">31:56</td>
            <td align="center">92 <sup><sub>w</sub></sup>
</td>
            <td align="center">23.3 <sup><sub>km/h</sub></sup>
</td>
            <td align="center">129</td>
        </tr>
        </table>
<details>
    <summary>Older activities</summary>
    <table>
        <tr>
            <th></th>
            <th></th>
            <th align="center"><img src="https://raw.githubusercontent.com/robiningelbrecht/strava-activities/master/public/distance.svg" width="30" alt="distance" title="distance"></th>
            <th align="center"><img src="https://raw.githubusercontent.com/robiningelbrecht/strava-activities/master/public/elevation.svg" width="30" alt="elevation" title="elevation"></th>
            <th align="center"><img src="https://raw.githubusercontent.com/robiningelbrecht/strava-activities/master/public/time.svg" width="30" alt="time" title="time"></th>
            <th align="center"><img src="https://raw.githubusercontent.com/robiningelbrecht/strava-activities/master/public/average-watt.svg" width="30" alt="average watts" title="average watts"></th>
            <th align="center"><img src="https://raw.githubusercontent.com/robiningelbrecht/strava-activities/master/public/average-speed.svg" width="30" alt="average speed" title="average speed"></th>
            <th align="center"><img src="https://raw.githubusercontent.com/robiningelbrecht/strava-activities/master/public/heart-rate.svg" width="30" alt="average heart rate" title="average heart rate"></th>
        </tr>
            </table>
</details>


## Monthly stats

<table>
    <thead>
    <tr>
        <th>&nbsp;&nbsp;&nbsp;&nbsp;&nbsp;</th>
        <th># of rides</th>
        <th align="center"><img src="https://raw.githubusercontent.com/robiningelbrecht/strava-activities/master/public/distance.svg" width="30" alt="distance" title="distance"></th>
        <th align="center"><img src="https://raw.githubusercontent.com/robiningelbrecht/strava-activities/master/public/activity-ride.svg" width="30" alt="Gear" title="Gear"></th>
        <th align="center"><img src="https://raw.githubusercontent.com/robiningelbrecht/strava-activities/master/public/elevation.svg" width="30" alt="elevation" title="elevation"></th>
        <th align="center"><img src="https://raw.githubusercontent.com/robiningelbrecht/strava-activities/master/public/time.svg" width="30" alt="time" title="time"></th>
        <th align="center"><img src="https://raw.githubusercontent.com/robiningelbrecht/strava-activities/master/public/challenge2.svg" width="30" alt="completed challenges" title="completed challenges"></th>
    </tr>
    </thead>
    <tbody>
            <tr>
            <td align="center">September 2023</td>
            <td align="center">1</td>
            <td align="center">6 <sup><sub>km</sub></sup>
</td>
            <td>
                <ul>
                                            <li>
<b>Other</b>: 6 <sup><sub>km</sub></sup>
</li>
                                    </ul>
            </td>
            <td align="center">9 <sup><sub>m</sub></sup>
</td>
            <td align="center">16m</td>
            <td align="center">0</td>
        </tr>
            <tr>
            <td align="center">August 2023</td>
            <td align="center">1</td>
            <td align="center">34 <sup><sub>km</sub></sup>
</td>
            <td>
                <ul>
                                            <li>
<b>Retro Race Bike</b>: 34 <sup><sub>km</sub></sup>
</li>
                                    </ul>
            </td>
            <td align="center">278 <sup><sub>m</sub></sup>
</td>
            <td align="center">1h 3m</td>
            <td align="center">0</td>
        </tr>
            <tr>
            <td align="center">July 2023</td>
            <td align="center">2</td>
            <td align="center">24 <sup><sub>km</sub></sup>
</td>
            <td>
                <ul>
                                            <li>
<b>Retro Race Bike</b>: 12 <sup><sub>km</sub></sup>
</li>
                                            <li>
<b>Zwift hub</b>: 12 <sup><sub>km</sub></sup>
</li>
                                    </ul>
            </td>
            <td align="center">30 <sup><sub>m</sub></sup>
</td>
            <td align="center">1h 3m</td>
            <td align="center">0</td>
        </tr>
            <tr>
            <td align="center">January 2023</td>
            <td align="center">1</td>
            <td align="center">12 <sup><sub>km</sub></sup>
</td>
            <td>
                <ul>
                                            <li>
<b>Retro Race Bike</b>: 12 <sup><sub>km</sub></sup>
</li>
                                    </ul>
            </td>
            <td align="center">15 <sup><sub>m</sub></sup>
</td>
            <td align="center">31m</td>
            <td align="center">0</td>
        </tr>
        <tr>
        <td align="center" rowspan="3"><b>Totals</b></td>
        <td align="center"><b>Virtual/Indoor</b></td>
        <td align="center" colspan="2"><b>34 <sup><sub>km</sub></sup></b></td>
        <td align="center"><b>278 <sup><sub>m</sub></sup></b></td>
        <td align="center" colspan="2"><b>1h 3m</b></td>
    </tr>
    <tr>
        <td align="center"><b>Outside</b></td>
        <td align="center" colspan="2"><b>42 <sup><sub>km</sub></sup></b></td>
        <td align="center"><b>54 <sup><sub>m</sub></sup></b></td>
        <td align="center" colspan="2"><b>1h 52m</b></td>
    </tr>
    <tr>
        <td align="center"><b>Total</b></td>
        <td align="center" colspan="2"><b>76 <sup><sub>km</sub></sup></b></td>
        <td align="center"><b>332 <sup><sub>m</sub></sup></b></td>
        <td align="center" colspan="2"><b>2h 55m</b></td>
    </tr>
    </tbody>
</table>

## Activity heatmap

<img src="build/charts/chart-activities-heatmap_1000_180.svg" alt="Heatmap">

## Stats per weekday

<img src="build/charts/chart-weekday-stats_1000_300.svg" alt="Weekday stats">

<table>
    <thead>
    <tr>
        <th></th>
        <th># of rides</th>
        <th align="center"><img src="https://raw.githubusercontent.com/robiningelbrecht/strava-activities/master/public/distance.svg" width="30" alt="distance" title="distance"></th>
        <th align="center"><img src="https://raw.githubusercontent.com/robiningelbrecht/strava-activities/master/public/elevation.svg" width="30" alt="elevation" title="elevation"></th>
        <th align="center"><img src="https://raw.githubusercontent.com/robiningelbrecht/strava-activities/master/public/time.svg" width="30" alt="time" title="time"></th>
        <th align="center"><img src="https://raw.githubusercontent.com/robiningelbrecht/strava-activities/master/public/average-speed.svg" width="30" alt="average speed" title="average speed"></th>
    </tr>
    </thead>
    <tbody>
            <tr>
            <td align="center">Monday</td>
            <td align="center">1</td>
            <td align="center">
                                    6 <sup><sub>km avg</sub></sup> /
                    6 <sup><sub>km total</sub></sup>
                            </td>
            <td align="center">9 <sup><sub>m</sub></sup>
</td>
            <td align="center">16m</td>
            <td align="center">21.6 <sup><sub>km/h</sub></sup>
</td>
        </tr>
            <tr>
            <td align="center">Tuesday</td>
            <td align="center">0</td>
            <td align="center">
                                    0 <sup><sub>km</sub></sup>
                            </td>
            <td align="center">0 <sup><sub>m</sub></sup>
</td>
            <td align="center"></td>
            <td align="center">0.0 <sup><sub>km/h</sub></sup>
</td>
        </tr>
            <tr>
            <td align="center">Wednesday</td>
            <td align="center">0</td>
            <td align="center">
                                    0 <sup><sub>km</sub></sup>
                            </td>
            <td align="center">0 <sup><sub>m</sub></sup>
</td>
            <td align="center"></td>
            <td align="center">0.0 <sup><sub>km/h</sub></sup>
</td>
        </tr>
            <tr>
            <td align="center">Thursday</td>
            <td align="center">1</td>
            <td align="center">
                                    34 <sup><sub>km avg</sub></sup> /
                    34 <sup><sub>km total</sub></sup>
                            </td>
            <td align="center">278 <sup><sub>m</sub></sup>
</td>
            <td align="center">1h 3m</td>
            <td align="center">32.3 <sup><sub>km/h</sub></sup>
</td>
        </tr>
            <tr>
            <td align="center">Friday</td>
            <td align="center">1</td>
            <td align="center">
                                    12 <sup><sub>km avg</sub></sup> /
                    12 <sup><sub>km total</sub></sup>
                            </td>
            <td align="center">15 <sup><sub>m</sub></sup>
</td>
            <td align="center">31m</td>
            <td align="center">22.5 <sup><sub>km/h</sub></sup>
</td>
        </tr>
            <tr>
            <td align="center">Saturday</td>
            <td align="center">1</td>
            <td align="center">
                                    12 <sup><sub>km avg</sub></sup> /
                    12 <sup><sub>km total</sub></sup>
                            </td>
            <td align="center">15 <sup><sub>m</sub></sup>
</td>
            <td align="center">31m</td>
            <td align="center">22.5 <sup><sub>km/h</sub></sup>
</td>
        </tr>
            <tr>
            <td align="center">Sunday</td>
            <td align="center">1</td>
            <td align="center">
                                    12 <sup><sub>km avg</sub></sup> /
                    12 <sup><sub>km total</sub></sup>
                            </td>
            <td align="center">15 <sup><sub>m</sub></sup>
</td>
            <td align="center">31m</td>
            <td align="center">22.5 <sup><sub>km/h</sub></sup>
</td>
        </tr>
        </tbody>
</table>


## Daytime stats

<img src="build/charts/chart-daytime-stats.svg" alt="Daytime stats">

<table>
    <thead>
    <tr>
        <th></th>
        <th># of rides</th>
        <th align="center"><img src="https://raw.githubusercontent.com/robiningelbrecht/strava-activities/master/public/distance.svg" width="30" alt="distance" title="distance"></th>
        <th align="center"><img src="https://raw.githubusercontent.com/robiningelbrecht/strava-activities/master/public/elevation.svg" width="30" alt="elevation" title="elevation"></th>
        <th align="center"><img src="https://raw.githubusercontent.com/robiningelbrecht/strava-activities/master/public/time.svg" width="30" alt="time" title="time"></th>
        <th align="center"><img src="https://raw.githubusercontent.com/robiningelbrecht/strava-activities/master/public/average-speed.svg" width="30" alt="average speed" title="average speed"></th>
    </tr>
    </thead>
    <tbody>
            <tr>
            <td align="center">Morning (6h - 12h)</td>
            <td align="center">3</td>
            <td align="center">
                                    12 <sup><sub>km avg</sub></sup> /
                    36 <sup><sub>km total</sub></sup>
                            </td>
            <td align="center">45 <sup><sub>m</sub></sup>
</td>
            <td align="center">1h 35m</td>
            <td align="center">22.5 <sup><sub>km/h</sub></sup>
</td>
        </tr>
            <tr>
            <td align="center">Afternoon (12h - 17h)</td>
            <td align="center">1</td>
            <td align="center">
                                    34 <sup><sub>km avg</sub></sup> /
                    34 <sup><sub>km total</sub></sup>
                            </td>
            <td align="center">278 <sup><sub>m</sub></sup>
</td>
            <td align="center">1h 3m</td>
            <td align="center">32.3 <sup><sub>km/h</sub></sup>
</td>
        </tr>
            <tr>
            <td align="center">Evening (17h - 23h)</td>
            <td align="center">1</td>
            <td align="center">
                                    6 <sup><sub>km avg</sub></sup> /
                    6 <sup><sub>km total</sub></sup>
                            </td>
            <td align="center">9 <sup><sub>m</sub></sup>
</td>
            <td align="center">16m</td>
            <td align="center">21.6 <sup><sub>km/h</sub></sup>
</td>
        </tr>
            <tr>
            <td align="center">Night (23h - 6h)</td>
            <td align="center">0</td>
            <td align="center">
                                    0 <sup><sub>km</sub></sup>
                            </td>
            <td align="center">0 <sup><sub>m</sub></sup>
</td>
            <td align="center"></td>
            <td align="center">0.0 <sup><sub>km/h</sub></sup>
</td>
        </tr>
        </tbody>
</table>

## Stats per bike

<table>
    <thead>
    <tr>
        <th></th>
        <th># of rides</th>
        <th align="center"><img src="https://raw.githubusercontent.com/robiningelbrecht/strava-activities/master/public/distance.svg" width="30" alt="distance" title="distance"></th>
        <th align="center"><img src="https://raw.githubusercontent.com/robiningelbrecht/strava-activities/master/public/elevation.svg" width="30" alt="elevation" title="elevation"></th>
        <th align="center"><img src="https://raw.githubusercontent.com/robiningelbrecht/strava-activities/master/public/time.svg" width="30" alt="time" title="time"></th>
        <th align="center"><img src="https://raw.githubusercontent.com/robiningelbrecht/strava-activities/master/public/average-speed.svg" width="30" alt="average speed" title="average speed"></th>
    </tr>
    </thead>
    <tbody>
            <tr>
            <td align="center">Retro Race Bike</td>
            <td align="center">3</td>
            <td align="center">
                                    483 <sup><sub>km avg</sub></sup> /
                    1 450 <sup><sub>km total</sub></sup>
                            </td>
            <td align="center">308 <sup><sub>m</sub></sup>
</td>
            <td align="center">2h 6m</td>
            <td align="center">685.2 <sup><sub>km/h</sub></sup>
</td>
        </tr>
            <tr>
            <td align="center">Zwift hub</td>
            <td align="center">1</td>
            <td align="center">
                                    145 <sup><sub>km avg</sub></sup> /
                    145 <sup><sub>km total</sub></sup>
                            </td>
            <td align="center">15 <sup><sub>m</sub></sup>
</td>
            <td align="center">31m</td>
            <td align="center">272.4 <sup><sub>km/h</sub></sup>
</td>
        </tr>
            <tr>
            <td align="center">Other</td>
            <td align="center">1</td>
            <td align="center">
                                    6 <sup><sub>km avg</sub></sup> /
                    6 <sup><sub>km total</sub></sup>
                            </td>
            <td align="center">6 <sup><sub>m</sub></sup>
</td>
            <td align="center">16m</td>
            <td align="center">21.6 <sup><sub>km/h</sub></sup>
</td>
        </tr>
        </tbody>
</table>

## Best power outputs over time

<table>
    <tr>
        <th align="center"><img src="https://raw.githubusercontent.com/robiningelbrecht/strava-activities/master/public/time.svg" width="30" alt="time" title="time"></th>
        <th align="center" colspan="2"><img src="https://raw.githubusercontent.com/robiningelbrecht/strava-activities/master/public/average-watt.svg" width="30" alt="average watts" title="average watts"></th>
        <th></th>
    </tr>
                    <tr>
            <td align="center">5 s</td>
            <td align="center">493 <sup><sub>w</sub></sup>
</td>
            <td align="center">7.14 <sup><sub>w/kg</sub></sup>
</td>
            <td>
                <img src="https://raw.githubusercontent.com/robiningelbrecht/strava-activities/master/public/activity-virtual-ride.svg" width="12" alt="virtual ride" title="virtual ride">
                <a href="https://www.strava.com/activities/9756441741">
                    Watopia Flat Forward in London
                </a>
            </td>
        </tr>
                    <tr>
            <td align="center">10 s</td>
            <td align="center">460 <sup><sub>w</sub></sup>
</td>
            <td align="center">6.67 <sup><sub>w/kg</sub></sup>
</td>
            <td>
                <img src="https://raw.githubusercontent.com/robiningelbrecht/strava-activities/master/public/activity-virtual-ride.svg" width="12" alt="virtual ride" title="virtual ride">
                <a href="https://www.strava.com/activities/9756441741">
                    Watopia Flat Forward in London
                </a>
            </td>
        </tr>
                    <tr>
            <td align="center">30 s</td>
            <td align="center">412 <sup><sub>w</sub></sup>
</td>
            <td align="center">5.97 <sup><sub>w/kg</sub></sup>
</td>
            <td>
                <img src="https://raw.githubusercontent.com/robiningelbrecht/strava-activities/master/public/activity-virtual-ride.svg" width="12" alt="virtual ride" title="virtual ride">
                <a href="https://www.strava.com/activities/9756441741">
                    Watopia Flat Forward in London
                </a>
            </td>
        </tr>
                    <tr>
            <td align="center">1 m</td>
            <td align="center">352 <sup><sub>w</sub></sup>
</td>
            <td align="center">5.1 <sup><sub>w/kg</sub></sup>
</td>
            <td>
                <img src="https://raw.githubusercontent.com/robiningelbrecht/strava-activities/master/public/activity-virtual-ride.svg" width="12" alt="virtual ride" title="virtual ride">
                <a href="https://www.strava.com/activities/9756441741">
                    Watopia Flat Forward in London
                </a>
            </td>
        </tr>
                    <tr>
            <td align="center">5 m</td>
            <td align="center">273 <sup><sub>w</sub></sup>
</td>
            <td align="center">3.96 <sup><sub>w/kg</sub></sup>
</td>
            <td>
                <img src="https://raw.githubusercontent.com/robiningelbrecht/strava-activities/master/public/activity-virtual-ride.svg" width="12" alt="virtual ride" title="virtual ride">
                <a href="https://www.strava.com/activities/9756441741">
                    Watopia Flat Forward in London
                </a>
            </td>
        </tr>
                    <tr>
            <td align="center">8 m</td>
            <td align="center">256 <sup><sub>w</sub></sup>
</td>
            <td align="center">3.71 <sup><sub>w/kg</sub></sup>
</td>
            <td>
                <img src="https://raw.githubusercontent.com/robiningelbrecht/strava-activities/master/public/activity-virtual-ride.svg" width="12" alt="virtual ride" title="virtual ride">
                <a href="https://www.strava.com/activities/9756441741">
                    Watopia Flat Forward in London
                </a>
            </td>
        </tr>
                    <tr>
            <td align="center">20 m</td>
            <td align="center">239 <sup><sub>w</sub></sup>
</td>
            <td align="center">3.46 <sup><sub>w/kg</sub></sup>
</td>
            <td>
                <img src="https://raw.githubusercontent.com/robiningelbrecht/strava-activities/master/public/activity-virtual-ride.svg" width="12" alt="virtual ride" title="virtual ride">
                <a href="https://www.strava.com/activities/9756441741">
                    Watopia Flat Forward in London
                </a>
            </td>
        </tr>
                    <tr>
            <td align="center">1 h</td>
            <td align="center">218 <sup><sub>w</sub></sup>
</td>
            <td align="center">3.16 <sup><sub>w/kg</sub></sup>
</td>
            <td>
                <img src="https://raw.githubusercontent.com/robiningelbrecht/strava-activities/master/public/activity-virtual-ride.svg" width="12" alt="virtual ride" title="virtual ride">
                <a href="https://www.strava.com/activities/9756441741">
                    Watopia Flat Forward in London
                </a>
            </td>
        </tr>
    </table>

## Eddington chart

&gt; The Eddington number in the context of cycling is defined as the maximum number E such that the cyclist has cycled at least E km on at least E days.
&gt;
&gt; For example, an Eddington number of 70 would imply that the cyclist has cycled at least 70 km in a day on at least 70 occasions.
&gt; Achieving a high Eddington number is difficult, since moving from, say, 70 to 75 will (probably) require more than five new long-distance rides, since any rides shorter than 75 km will no longer be included in the reckoning.

<img src="build/charts/chart-activities-eddington_1000_300.svg" alt="Eddington">

<table align="center">
    <tr>
        <th align="center">Eddington</th>
            <th align="center">6 <sup><sub>km</sub></sup>
</th>
            <th align="center">7 <sup><sub>km</sub></sup>
</th>
            <th align="center">8 <sup><sub>km</sub></sup>
</th>
            <th align="center">9 <sup><sub>km</sub></sup>
</th>
            <th align="center">10 <sup><sub>km</sub></sup>
</th>
            <th align="center">11 <sup><sub>km</sub></sup>
</th>
            <th align="center">12 <sup><sub>km</sub></sup>
</th>
            <th align="center">13 <sup><sub>km</sub></sup>
</th>
            <th align="center">14 <sup><sub>km</sub></sup>
</th>
            <th align="center">15 <sup><sub>km</sub></sup>
</th>
            <th align="center">16 <sup><sub>km</sub></sup>
</th>
        </tr>
    <tr>
        <td align="center">Days needed</td>
            <td align="center">1</td>
            <td align="center">3</td>
            <td align="center">4</td>
            <td align="center">5</td>
            <td align="center">6</td>
            <td align="center">7</td>
            <td align="center">8</td>
            <td align="center">12</td>
            <td align="center">13</td>
            <td align="center">14</td>
            <td align="center">15</td>
        </tr>
</table>

## Distance breakdown

<table>
    <thead>
    <tr>
        <th></th>
        <th># of rides</th>
        <th align="center"><img src="https://raw.githubusercontent.com/robiningelbrecht/strava-activities/master/public/distance.svg" width="30" alt="distance" title="distance"></th>
        <th align="center"><img src="https://raw.githubusercontent.com/robiningelbrecht/strava-activities/master/public/elevation.svg" width="30" alt="elevation" title="elevation"></th>
        <th align="center"><img src="https://raw.githubusercontent.com/robiningelbrecht/strava-activities/master/public/time.svg" width="30" alt="time" title="time"></th>
        <th align="center"><img src="https://raw.githubusercontent.com/robiningelbrecht/strava-activities/master/public/average-speed.svg" width="30" alt="average speed" title="average speed"></th>
    </tr>
    </thead>
    <tbody>
            <tr>
            <td align="center">0 - 10 km</td>
            <td align="center">1</td>
            <td align="center">
                                     6 <sup><sub>km avg</sub></sup> /
                     6 <sup><sub>km total</sub></sup>
                            </td>
            <td align="center">9 <sup><sub>m</sub></sup>
</td>
            <td align="center">16m</td>
            <td align="center">21.6 <sup><sub>km/h</sub></sup>
</td>
        </tr>
            <tr>
            <td align="center">10 - 20 km</td>
            <td align="center">3</td>
            <td align="center">
                                     12 <sup><sub>km avg</sub></sup> /
                     36 <sup><sub>km total</sub></sup>
                            </td>
            <td align="center">45 <sup><sub>m</sub></sup>
</td>
            <td align="center">1h 35m</td>
            <td align="center">22.5 <sup><sub>km/h</sub></sup>
</td>
        </tr>
            <tr>
            <td align="center">20 - 30 km</td>
            <td align="center">0</td>
            <td align="center">
                                    0 <sup><sub>km</sub></sup>
                            </td>
            <td align="center">0 <sup><sub>m</sub></sup>
</td>
            <td align="center"></td>
            <td align="center">0.0 <sup><sub>km/h</sub></sup>
</td>
        </tr>
            <tr>
            <td align="center">30 - 40 km</td>
            <td align="center">1</td>
            <td align="center">
                                     34 <sup><sub>km avg</sub></sup> /
                     34 <sup><sub>km total</sub></sup>
                            </td>
            <td align="center">278 <sup><sub>m</sub></sup>
</td>
            <td align="center">1h 3m</td>
            <td align="center">32.3 <sup><sub>km/h</sub></sup>
</td>
        </tr>
        </tbody>
</table>

## Completed challenges

<a href="https://www.strava.com/challenges/castelli-keep-it-up-2023"><img src="https://raw.githubusercontent.com/robiningelbrecht/strava-activities/master/files/challenges/b7537b1e-69f7-11ee-a81e-0242a0cd5a47.png" alt="Castelli Keep It Up" title="Castelli Keep It Up" width="75"></a><a href="https://www.strava.com/challenges/June-Sweat-With-Pride-Challenge-2023"><img src="https://raw.githubusercontent.com/robiningelbrecht/strava-activities/master/files/challenges/98b92ae4-0234-11ee-ad06-000d3a360b3f.png" alt="June Sweat With Pride Challenge" title="June Sweat With Pride Challenge" width="75"></a>
## Want to have these statistics for yourself?

Follow [this tutorial](https://github.com/robiningelbrecht/strava-activities-template)
</body></html>
