{
    "build\/charts\/chart-daytime-stats.json": "{\n    \"width\": 1000,\n    \"height\": 300,\n    \"options\": {\n        \"backgroundColor\": \"#ffffff\",\n        \"animation\": false,\n        \"grid\": {\n            \"left\": \"3%\",\n            \"right\": \"4%\",\n            \"bottom\": \"3%\",\n            \"containLabel\": true\n        },\n        \"legend\": {\n            \"show\": false\n        },\n        \"tooltip\": {\n            \"trigger\": \"item\",\n            \"formatter\": \"{d}%\"\n        },\n        \"series\": [\n            {\n                \"type\": \"pie\",\n                \"itemStyle\": {\n                    \"borderColor\": \"#fff\",\n                    \"borderWidth\": 2\n                },\n                \"label\": {\n                    \"formatter\": \"{daytime|{b}}\\n{sub|{d}%}\",\n                    \"lineHeight\": 15,\n                    \"rich\": {\n                        \"daytime\": {\n                            \"fontWeight\": \"bold\"\n                        },\n                        \"sub\": {\n                            \"fontSize\": 12\n                        }\n                    }\n                },\n                \"data\": [\n                    {\n                        \"value\": 54.56,\n                        \"name\": \"\\ud83c\\udf1e Morning\"\n                    },\n                    {\n                        \"value\": 35.94,\n                        \"name\": \"\\ud83c\\udf06 Afternoon\"\n                    },\n                    {\n                        \"value\": 9.5,\n                        \"name\": \"\\ud83c\\udf03 Evening\"\n                    },\n                    {\n                        \"value\": 0,\n                        \"name\": \"\\ud83c\\udf19 Night\"\n                    }\n                ]\n            }\n        ]\n    }\n}"
}
