Importing challenges...
Could not import challenges from trophy case page...
  => Could not challenge "Challenge 1", error: WAW ERROR