Importing challenges...
Could not import challenges from trophy case page...
  => Imported challenge "Challenge 1"