{
    "files\/strava-challenge-history.html": "<!-- OVERRIDE ME WITH HTML COPY\/PASTED FROM https:\/\/www.strava.com\/athletes\/[YOUR_ATHLETE_ID]\/trophy-case -->"
}
