{
    "query": {
        "lat": 80,
        "lon": 100,
        "format": "json"
    }
}
