Importing segments and efforts...
  => Added segment "Segment One"
  => Added segment effort for "Segment One"