{
    "build\/charts\/chart-weekday-stats_1000_300.json": "{\n    \"width\": 1000,\n    \"height\": 300,\n    \"options\": {\n        \"backgroundColor\": \"#ffffff\",\n        \"animation\": false,\n        \"grid\": {\n            \"left\": \"3%\",\n            \"right\": \"4%\",\n            \"bottom\": \"3%\",\n            \"containLabel\": true\n        },\n        \"legend\": {\n            \"show\": false\n        },\n        \"tooltip\": {\n            \"trigger\": \"item\",\n            \"formatter\": \"{d}%\"\n        },\n        \"series\": [\n            {\n                \"type\": \"pie\",\n                \"label\": {\n                    \"alignTo\": \"edge\",\n                    \"minMargin\": 5,\n                    \"edgeDistance\": 10,\n                    \"formatter\": \"{weekday|{@[1]}}\\n{sub|{@[2]} rides, {@[3]} km, {@[4]}}\",\n                    \"lineHeight\": 15,\n                    \"rich\": {\n                        \"weekday\": {\n                            \"fontWeight\": \"bold\"\n                        },\n                        \"sub\": {\n                            \"fontSize\": 12\n                        }\n                    }\n                },\n                \"data\": [\n                    [\n                        15,\n                        \"Tuesday\",\n                        1,\n                        6,\n                        \"16m\"\n                    ],\n                    [\n                        0,\n                        \"Wednesday\",\n                        0,\n                        0,\n                        \"1m\"\n                    ],\n                    [\n                        0,\n                        \"Thursday\",\n                        0,\n                        0,\n                        \"1m\"\n                    ],\n                    [\n                        56,\n                        \"Friday\",\n                        1,\n                        34,\n                        \"1h 3m\"\n                    ],\n                    [\n                        0,\n                        \"Saturday\",\n                        0,\n                        0,\n                        \"1m\"\n                    ],\n                    [\n                        29,\n                        \"Sunday\",\n                        1,\n                        12,\n                        \"31m\"\n                    ],\n                    [\n                        0,\n                        \"Monday\",\n                        0,\n                        0,\n                        \"1m\"\n                    ]\n                ]\n            }\n        ]\n    }\n}"
}
