<!-- Modal header --><html><body>
<div class="flex items-center justify-between p-4 md:p-5 border-b rounded-t dark:border-gray-600">
        <h3 class="flex items-center text-lg font-semibold text-gray-900 dark:text-white">
                                                    <a href="#" data-model-content-url="month/month-2023-06.html">
                    <svg class="w-3 h-3 text-gray-800 dark:text-white" aria-hidden="true" xmlns="http://www.w3.org/2000/svg" fill="none" viewbox="0 0 8 14">
                        <path stroke="currentColor" stroke-linecap="round" stroke-linejoin="round" stroke-width="2" d="M7 1 1.3 6.326a.91.91 0 0 0 0 1.348L7 13"></path>
                    </svg>
                </a>
                        <span class="mx-2">July 2023</span>
                            <a href="#" data-model-content-url="month/month-2023-08.html">
                    <svg class="w-3 h-3 text-gray-800 dark:text-white" aria-hidden="true" xmlns="http://www.w3.org/2000/svg" fill="none" viewbox="0 0 8 14">
                        <path stroke="currentColor" stroke-linecap="round" stroke-linejoin="round" stroke-width="2" d="m1 13 5.7-5.326a.909.909 0 0 0 0-1.348L1 1"></path>
                    </svg>
                </a>
                    </h3>
        <div class="flex items-center">
            <ul class="hidden md:flex text-center mr-2 divide-x divide-gray-200 dark:divide-gray-700">
                <li class="flex items-center gap-x-0.5 pr-2">
                    <svg class="w-5 h-5" xmlns="http://www.w3.org/2000/svg" viewbox="0 0 64 64" stroke-width="3" stroke="#F26722" fill="none"><path d="M17.94,54.81a.1.1,0,0,1-.14,0c-1-1.11-11.69-13.23-11.69-21.26,0-9.94,6.5-12.24,11.76-12.24,4.84,0,11.06,2.6,11.06,12.24C28.93,41.84,18.87,53.72,17.94,54.81Z"></path><circle cx="17.52" cy="31.38" r="4.75"></circle><path d="M49.58,34.77a.11.11,0,0,1-.15,0c-.87-1-9.19-10.45-9.19-16.74,0-7.84,5.12-9.65,9.27-9.65,3.81,0,8.71,2,8.71,9.65C58.22,24.52,50.4,33.81,49.58,34.77Z"></path><circle cx="49.23" cy="17.32" r="3.75"></circle><path d="M17.87,54.89a28.73,28.73,0,0,0,3.9.89"></path><path d="M24.68,56.07c2.79.12,5.85-.28,7.9-2.08,5.8-5.09,2.89-11.25,6.75-14.71a16.72,16.72,0,0,1,4.93-3" stroke-dasharray="7.8 2.92"></path><path d="M45.63,35.8a23,23,0,0,1,3.88-.95"></path></svg>
                    <div>58</div>
                    <div class="text-xs text-gray-500 dark:text-gray-400">km</div>
                </li>
                <li class="flex items-center gap-x-0.5 px-2">
                    <svg class="w-5 h-5" xmlns="http://www.w3.org/2000/svg" fill="#F26722" viewbox="0 0 32 32"><path d="M 17.011719 3.0214844 L 16.099609 4.6816406 C 13.925337 8.6341175 11.752154 12.584804 9.578125 16.537109 L 7.6621094 14.621094 L 7.0019531 15.71875 C 5.0489841 18.973698 3.0956556 22.230199 1.1425781 25.486328 L 0.234375 27 L 2 27 L 31.517578 27 L 30.919922 25.605469 C 29.919963 23.272564 28.919963 20.938564 27.919922 18.605469 L 27.337891 17.248047 L 25.269531 19.316406 C 22.803333 14.44792 20.334132 9.5793478 17.867188 4.7109375 L 17.011719 3.0214844 z M 16.939453 7.3027344 C 17.952378 9.3017082 18.965829 11.299996 19.978516 13.298828 L 19.205078 13.962891 L 16.925781 12.009766 L 14.646484 13.962891 L 13.716797 13.164062 C 14.791046 11.210336 15.864885 9.2563086 16.939453 7.3027344 z M 16.925781 14.642578 L 19.205078 16.595703 L 20.908203 15.136719 C 21.974522 17.24151 23.041208 19.346257 24.107422 21.451172 L 24.730469 22.683594 L 26.662109 20.751953 C 27.268948 22.167887 27.875558 23.583992 28.482422 25 L 3.765625 25 C 5.1965747 22.614689 6.6276315 20.230552 8.0585938 17.845703 L 10.046875 19.833984 L 10.689453 18.667969 C 11.370357 17.430195 12.051768 16.192896 12.732422 14.955078 L 14.646484 16.595703 L 16.925781 14.642578 z"></path></svg>
                    <div>586</div>
                    <div class="text-xs text-gray-500 dark:text-gray-400">m</div>
                </li>
                <li class="flex items-center gap-x-0.5 px-2">
                    <svg class="w-5 h-5" xmlns="http://www.w3.org/2000/svg" viewbox="0 0 24 24" fill="none"><path d="M12 8V12L15 15" stroke="#F26722" stroke-width="2" stroke-linecap="round"></path><circle cx="12" cy="12" r="9" stroke="#F26722" stroke-width="2"></circle></svg>
                    <div>3</div>
                    <div class="text-xs text-gray-500 dark:text-gray-400">hours</div>
                </li>
                <li class="flex items-center gap-x-0.5 px-2">
                    <svg class="w-5 h-5" xmlns="http://www.w3.org/2000/svg" viewbox="0 0 24 24" fill="none"><path d="M19 9C19 10.45 18.57 11.78 17.83 12.89C16.75 14.49 15.04 15.62 13.05 15.91C12.71 15.97 12.36 16 12 16C11.64 16 11.29 15.97 10.95 15.91C8.96 15.62 7.25 14.49 6.17 12.89C5.43 11.78 5 10.45 5 9C5 5.13 8.13 2 12 2C15.87 2 19 5.13 19 9Z" stroke="#F26722" stroke-width="1.5" stroke-linecap="round" stroke-linejoin="round"></path><path d="M21.25 18.47L19.6 18.86C19.23 18.95 18.94 19.23 18.86 19.6L18.51 21.07C18.32 21.87 17.3 22.11 16.77 21.48L12 16L7.22996 21.49C6.69996 22.12 5.67996 21.88 5.48996 21.08L5.13996 19.61C5.04996 19.24 4.75996 18.95 4.39996 18.87L2.74996 18.48C1.98996 18.3 1.71996 17.35 2.26996 16.8L6.16996 12.9C7.24996 14.5 8.95996 15.63 10.95 15.92C11.29 15.98 11.64 16.01 12 16.01C12.36 16.01 12.71 15.98 13.05 15.92C15.04 15.63 16.75 14.5 17.83 12.9L21.73 16.8C22.28 17.34 22.01 18.29 21.25 18.47Z" stroke="#F26722" stroke-width="1.5" stroke-linecap="round" stroke-linejoin="round"></path><path d="M12.58 5.98L13.17 7.15999C13.25 7.31999 13.46 7.48 13.65 7.51L14.72 7.68999C15.4 7.79999 15.56 8.3 15.07 8.79L14.24 9.61998C14.1 9.75998 14.02 10.03 14.07 10.23L14.31 11.26C14.5 12.07 14.07 12.39 13.35 11.96L12.35 11.37C12.17 11.26 11.87 11.26 11.69 11.37L10.69 11.96C9.96997 12.38 9.53997 12.07 9.72997 11.26L9.96997 10.23C10.01 10.04 9.93997 9.75998 9.79997 9.61998L8.96997 8.79C8.47997 8.3 8.63997 7.80999 9.31997 7.68999L10.39 7.51C10.57 7.48 10.78 7.31999 10.86 7.15999L11.45 5.98C11.74 5.34 12.26 5.34 12.58 5.98Z" stroke="#F26722" stroke-width="1.5" stroke-linecap="round" stroke-linejoin="round"></path></svg>
                    <div> 0</div>
                </li>
                <li class="flex items-center gap-x-0.5 px-2">
                    <svg class="w-5 h-5" aria-hidden="true" xmlns="http://www.w3.org/2000/svg" fill="none" viewbox="0 0 18 20"><path stroke="#F26722" stroke-linecap="round" stroke-linejoin="round" stroke-width="1.5" d="M15.147 15.085a7.159 7.159 0 0 1-6.189 3.307A6.713 6.713 0 0 1 3.1 15.444c-2.679-4.513.287-8.737.888-9.548A4.373 4.373 0 0 0 5 1.608c1.287.953 6.445 3.218 5.537 10.5 1.5-1.122 2.706-3.01 2.853-6.14 1.433 1.049 3.993 5.395 1.757 9.117Z"></path></svg>
                    <div>1 976</div>
                    <div class="text-xs text-gray-500 dark:text-gray-400">kcal</div>
                </li>
                <li class="flex items-center gap-x-0.5 pl-2">
                    <svg class="w-5 h-5" viewbox="0 0 24 24" fill="none" xmlns="http://www.w3.org/2000/svg"><g stroke-width="0"></g><g stroke-linecap="round" stroke-linejoin="round"></g><g> <path d="M10 4L7 20M17 4L14 20M5 8H20M4 16H19" stroke="#F26722" stroke-width="2" stroke-linecap="round"></path> </g></svg>
                    <div>4</div>
                    <div class="text-xs text-gray-500 dark:text-gray-400">rides</div>
                </li>
            </ul>
            <button type="button" class="close text-gray-400 bg-transparent hover:bg-gray-200 hover:text-gray-900 rounded-lg text-sm w-8 h-8 ms-auto inline-flex justify-center items-center dark:hover:bg-gray-600 dark:hover:text-white">
                <svg class="w-3 h-3" aria-hidden="true" xmlns="http://www.w3.org/2000/svg" fill="none" viewbox="0 0 14 14">
                    <path stroke="currentColor" stroke-linecap="round" stroke-linejoin="round" stroke-width="2" d="m1 1 6 6m0 0 6 6M7 7l6-6M7 7l-6 6"></path>
                </svg>
                <span class="sr-only">Close modal</span>
            </button>
        </div>
    </div>
    <!-- Modal body -->
    <div class="p-4 md:p-5 space-y-4">
        <div class="grid grid-cols-1 gap-4">
            <div class="flex flex-col">
                <div class="grid grid-cols-7 gap-px leading-6 font-semibold text-xs text-center border border-b-0 dark:border-gray-600">
                    <div class="py-2 bg-white dark:bg-gray-700">
                        Mon
                    </div>
                    <div class="py-2 bg-white dark:bg-gray-700">
                        Thu
                    </div>
                    <div class="py-2 bg-white dark:bg-gray-700">
                        Wed
                    </div>
                    <div class="py-2 bg-white dark:bg-gray-700">
                        Thu
                    </div>
                    <div class="py-2 bg-white dark:bg-gray-700">
                        Fri
                    </div>
                    <div class="py-2 bg-white dark:bg-gray-700">
                        Sat
                    </div>
                    <div class="py-2 bg-white dark:bg-gray-700">
                        Sun
                    </div>
                </div>
                <div class="grid grid-cols-7 gap-px leading-6 text-xs w-full bg-gray-200 dark:bg-gray-600 border dark:border-gray-600">
                                            <div class="py-2 px-3 bg-gray-100 dark:bg-gray-800">
                            <div class="text-right text-gray-400">
                                26
                            </div>
                            <div class="h-16 overflow-y-auto">
                                                            </div>
                        </div>
                                            <div class="py-2 px-3 bg-gray-100 dark:bg-gray-800">
                            <div class="text-right text-gray-400">
                                27
                            </div>
                            <div class="h-16 overflow-y-auto">
                                                            </div>
                        </div>
                                            <div class="py-2 px-3 bg-gray-100 dark:bg-gray-800">
                            <div class="text-right text-gray-400">
                                28
                            </div>
                            <div class="h-16 overflow-y-auto">
                                                            </div>
                        </div>
                                            <div class="py-2 px-3 bg-gray-100 dark:bg-gray-800">
                            <div class="text-right text-gray-400">
                                29
                            </div>
                            <div class="h-16 overflow-y-auto">
                                                            </div>
                        </div>
                                            <div class="py-2 px-3 bg-gray-100 dark:bg-gray-800">
                            <div class="text-right text-gray-400">
                                30
                            </div>
                            <div class="h-16 overflow-y-auto">
                                                            </div>
                        </div>
                                            <div class="py-2 px-3 bg-white dark:bg-gray-700">
                            <div class="text-right text-gray-400">
                                1
                            </div>
                            <div class="h-16 overflow-y-auto">
                                                            </div>
                        </div>
                                            <div class="py-2 px-3 bg-white dark:bg-gray-700">
                            <div class="text-right text-gray-400">
                                2
                            </div>
                            <div class="h-16 overflow-y-auto">
                                                            </div>
                        </div>
                                            <div class="py-2 px-3 bg-white dark:bg-gray-700">
                            <div class="text-right text-gray-400">
                                3
                            </div>
                            <div class="h-16 overflow-y-auto">
                                                            </div>
                        </div>
                                            <div class="py-2 px-3 bg-white dark:bg-gray-700">
                            <div class="text-right text-gray-400">
                                4
                            </div>
                            <div class="h-16 overflow-y-auto">
                                                            </div>
                        </div>
                                            <div class="py-2 px-3 bg-white dark:bg-gray-700">
                            <div class="text-right text-gray-400">
                                5
                            </div>
                            <div class="h-16 overflow-y-auto">
                                                            </div>
                        </div>
                                            <div class="py-2 px-3 bg-white dark:bg-gray-700">
                            <div class="text-right text-gray-400">
                                6
                            </div>
                            <div class="h-16 overflow-y-auto">
                                                            </div>
                        </div>
                                            <div class="py-2 px-3 bg-white dark:bg-gray-700">
                            <div class="text-right text-gray-400">
                                7
                            </div>
                            <div class="h-16 overflow-y-auto">
                                                            </div>
                        </div>
                                            <div class="py-2 px-3 bg-white dark:bg-gray-700">
                            <div class="text-right text-gray-400">
                                8
                            </div>
                            <div class="h-16 overflow-y-auto">
                                                            </div>
                        </div>
                                            <div class="py-2 px-3 bg-white dark:bg-gray-700">
                            <div class="text-right text-gray-400">
                                9
                            </div>
                            <div class="h-16 overflow-y-auto">
                                                            </div>
                        </div>
                                            <div class="py-2 px-3 bg-white dark:bg-gray-700">
                            <div class="text-right text-gray-400">
                                10
                            </div>
                            <div class="h-16 overflow-y-auto">
                                                            </div>
                        </div>
                                            <div class="py-2 px-3 bg-white dark:bg-gray-700">
                            <div class="text-right text-gray-400">
                                11
                            </div>
                            <div class="h-16 overflow-y-auto">
                                                            </div>
                        </div>
                                            <div class="py-2 px-3 bg-white dark:bg-gray-700">
                            <div class="text-right text-gray-400">
                                12
                            </div>
                            <div class="h-16 overflow-y-auto">
                                                            </div>
                        </div>
                                            <div class="py-2 px-3 bg-white dark:bg-gray-700">
                            <div class="text-right text-gray-400">
                                13
                            </div>
                            <div class="h-16 overflow-y-auto">
                                                            </div>
                        </div>
                                            <div class="py-2 px-3 bg-white dark:bg-gray-700">
                            <div class="text-right text-gray-400">
                                14
                            </div>
                            <div class="h-16 overflow-y-auto">
                                                            </div>
                        </div>
                                            <div class="py-2 px-3 bg-white dark:bg-gray-700">
                            <div class="text-right text-gray-400">
                                15
                            </div>
                            <div class="h-16 overflow-y-auto">
                                                            </div>
                        </div>
                                            <div class="py-2 px-3 bg-white dark:bg-gray-700">
                            <div class="text-right text-gray-400">
                                16
                            </div>
                            <div class="h-16 overflow-y-auto">
                                                            </div>
                        </div>
                                            <div class="py-2 px-3 bg-white dark:bg-gray-700">
                            <div class="text-right text-gray-400">
                                17
                            </div>
                            <div class="h-16 overflow-y-auto">
                                                            </div>
                        </div>
                                            <div class="py-2 px-3 bg-white dark:bg-gray-700">
                            <div class="text-right text-gray-400">
                                18
                            </div>
                            <div class="h-16 overflow-y-auto">
                                                            </div>
                        </div>
                                            <div class="py-2 px-3 bg-white dark:bg-gray-700">
                            <div class="text-right text-gray-400">
                                19
                            </div>
                            <div class="h-16 overflow-y-auto">
                                                            </div>
                        </div>
                                            <div class="py-2 px-3 bg-white dark:bg-gray-700">
                            <div class="text-right text-gray-400">
                                20
                            </div>
                            <div class="h-16 overflow-y-auto">
                                                            </div>
                        </div>
                                            <div class="py-2 px-3 bg-white dark:bg-gray-700">
                            <div class="text-right text-gray-400">
                                21
                            </div>
                            <div class="h-16 overflow-y-auto">
                                                            </div>
                        </div>
                                            <div class="py-2 px-3 bg-white dark:bg-gray-700">
                            <div class="text-right text-gray-400">
                                22
                            </div>
                            <div class="h-16 overflow-y-auto">
                                                            </div>
                        </div>
                                            <div class="py-2 px-3 bg-white dark:bg-gray-700">
                            <div class="text-right text-gray-400">
                                23
                            </div>
                            <div class="h-16 overflow-y-auto">
                                                            </div>
                        </div>
                                            <div class="py-2 px-3 bg-white dark:bg-gray-700">
                            <div class="text-right text-gray-400">
                                24
                            </div>
                            <div class="h-16 overflow-y-auto">
                                                            </div>
                        </div>
                                            <div class="py-2 px-3 bg-white dark:bg-gray-700">
                            <div class="text-right text-gray-400">
                                25
                            </div>
                            <div class="h-16 overflow-y-auto">
                                                            </div>
                        </div>
                                            <div class="py-2 px-3 bg-white dark:bg-gray-700">
                            <div class="text-right text-gray-400">
                                26
                            </div>
                            <div class="h-16 overflow-y-auto">
                                                            </div>
                        </div>
                                            <div class="py-2 px-3 bg-white dark:bg-gray-700">
                            <div class="text-right text-gray-400">
                                27
                            </div>
                            <div class="h-16 overflow-y-auto">
                                                            </div>
                        </div>
                                            <div class="py-2 px-3 bg-white dark:bg-gray-700">
                            <div class="text-right text-gray-400">
                                28
                            </div>
                            <div class="h-16 overflow-y-auto">
                                                                    <ul>
                                                                                                                                <li class="mb-1 truncate pl-1 bg-emerald-600/[.1] border-l-2 border-l-emerald-600">
                                                                        <a href="#" data-model-content-url="activity/activity-9542782314.html" class="font-medium text-blue-600 dark:text-blue-500 hover:underline flex items-center gap-x-1" rel="nofollow">
                                    <svg class="h-4 shrink-0" xmlns="http://www.w3.org/2000/svg" fill="#F26722" viewbox="0 0 300.25 300.25"><path d="M238.703,127.946c-5.119,0-10.089,0.487-14.847,1.67l-18.955-50.955h6.176c9.72,0,18.913-3.577,25.887-10.345l6.541-6.273  c2.973-2.885,3.043-7.595,0.158-10.568s-7.633-3.024-10.605-0.139l-6.541,6.206c-4.159,4.037-9.643,6.118-15.439,6.118h-16.979  c-2.458,0-4.76,1.356-6.161,3.375c-1.401,2.02-1.725,4.673-0.865,6.975l7.214,19.372c-0.046-0.001-0.093,0.141-0.139,0.141  c-0.016,0-0.032,0.137-0.049,0.137H98.126L85.165,71.823l14.078-4.895c3.467-1.191,5.564-4.55,4.961-8.166  c-0.604-3.615-3.731-6.101-7.397-6.101H55.597c-5.775,0-10.475,4.506-10.475,10.281c0,8.941,7.266,16.12,16.196,16.12  c1.79,0,3.565-0.347,5.277-0.934l4.103-1.433l13.146,21.996l-10.097,30.285c-3.312-0.669-6.714-1.09-10.193-1.201  c-17.589-0.563-34.055,6.138-46.219,18.697c-11.694,12.074-17.84,27.992-17.303,44.822c1.032,32.337,27.172,58.476,59.509,59.508  c0.673,0.021,1.34,0.032,2.008,0.032c16.811,0,32.513-6.716,44.212-18.794c9.464-9.773,15.291-22.38,16.885-35.38h12.051  c2.598,2,5.961,3.634,9.639,3.634c8.196,0,14.864-6.636,14.864-14.833c0-2.661-0.712-5.139-1.942-7.303l42.042-71.305l10.553,28.289  c-19.435,10.359-32.698,30.831-32.698,54.348c0,33.938,27.61,61.549,61.548,61.549s61.547-27.61,61.547-61.547  S272.641,127.946,238.703,127.946z M180.979,108.661l-36.606,62.091c-0.013,0-0.025-0.062-0.037-0.062  c-0.043,0-0.084,0.096-0.127,0.097l-37.131-62.125H180.979z M93.992,115.669l37.378,62.514c-0.618,1.101-1.089,2.478-1.412,3.478  h-7.326c-2.591-21-16.064-39.121-34.658-48.001L93.992,115.669z M74.447,181.661c-0.503-1-1.081-1.526-1.728-2.233l8.865-26.626  c10.72,5.925,18.562,16.859,20.834,28.859H74.447z M91.395,218.126c-8.215,8.481-19.311,13.04-31.215,12.655  c-21.822-0.696-39.461-18.319-40.157-40.141c-0.363-11.369,3.784-22.112,11.679-30.262c7.898-8.154,18.497-12.642,29.845-12.642  c0.455,0,0.91,0.01,1.369,0.024c1.502,0.048,2.981,0.185,4.439,0.389l-8.966,26.9c-6.569,1.537-11.481,7.43-11.481,14.461  c0,8.196,6.668,14.801,14.863,14.801c5.552,0,10.395-2.65,12.947-7.65h27.699C100.966,204.661,97.197,212.135,91.395,218.126z   M238.703,231.042c-22.909,0-41.548-18.639-41.548-41.548c0-14.932,7.921-28.044,19.779-35.369l14.098,37.785  c1.125,3.017,3.986,4.88,7.027,4.88c0.871,0,1.757-0.152,2.621-0.476c3.881-1.447,5.853-5.768,4.404-9.648l-14.169-37.977  c2.524-0.481,5.125-0.743,7.788-0.743c22.909,0,41.547,18.639,41.547,41.548S261.613,231.042,238.703,231.042z"></path></svg>
                                        <span class="truncate">Morning Ride</span>
            </a>

                                            </li>
                                                                            </ul>
                                                            </div>
                        </div>
                                            <div class="py-2 px-3 bg-white dark:bg-gray-700">
                            <div class="text-right text-gray-400">
                                29
                            </div>
                            <div class="h-16 overflow-y-auto">
                                                                    <ul>
                                                                                                                                <li class="mb-1 truncate pl-1 bg-emerald-600/[.1] border-l-2 border-l-emerald-600">
                                                                        <a href="#" data-model-content-url="activity/activity-9542782814.html" class="font-medium text-blue-600 dark:text-blue-500 hover:underline flex items-center gap-x-1" rel="nofollow">
                                    <svg class="h-4 shrink-0" xmlns="http://www.w3.org/2000/svg" fill="#F26722" viewbox="0 0 300.25 300.25"><path d="M238.703,127.946c-5.119,0-10.089,0.487-14.847,1.67l-18.955-50.955h6.176c9.72,0,18.913-3.577,25.887-10.345l6.541-6.273  c2.973-2.885,3.043-7.595,0.158-10.568s-7.633-3.024-10.605-0.139l-6.541,6.206c-4.159,4.037-9.643,6.118-15.439,6.118h-16.979  c-2.458,0-4.76,1.356-6.161,3.375c-1.401,2.02-1.725,4.673-0.865,6.975l7.214,19.372c-0.046-0.001-0.093,0.141-0.139,0.141  c-0.016,0-0.032,0.137-0.049,0.137H98.126L85.165,71.823l14.078-4.895c3.467-1.191,5.564-4.55,4.961-8.166  c-0.604-3.615-3.731-6.101-7.397-6.101H55.597c-5.775,0-10.475,4.506-10.475,10.281c0,8.941,7.266,16.12,16.196,16.12  c1.79,0,3.565-0.347,5.277-0.934l4.103-1.433l13.146,21.996l-10.097,30.285c-3.312-0.669-6.714-1.09-10.193-1.201  c-17.589-0.563-34.055,6.138-46.219,18.697c-11.694,12.074-17.84,27.992-17.303,44.822c1.032,32.337,27.172,58.476,59.509,59.508  c0.673,0.021,1.34,0.032,2.008,0.032c16.811,0,32.513-6.716,44.212-18.794c9.464-9.773,15.291-22.38,16.885-35.38h12.051  c2.598,2,5.961,3.634,9.639,3.634c8.196,0,14.864-6.636,14.864-14.833c0-2.661-0.712-5.139-1.942-7.303l42.042-71.305l10.553,28.289  c-19.435,10.359-32.698,30.831-32.698,54.348c0,33.938,27.61,61.549,61.548,61.549s61.547-27.61,61.547-61.547  S272.641,127.946,238.703,127.946z M180.979,108.661l-36.606,62.091c-0.013,0-0.025-0.062-0.037-0.062  c-0.043,0-0.084,0.096-0.127,0.097l-37.131-62.125H180.979z M93.992,115.669l37.378,62.514c-0.618,1.101-1.089,2.478-1.412,3.478  h-7.326c-2.591-21-16.064-39.121-34.658-48.001L93.992,115.669z M74.447,181.661c-0.503-1-1.081-1.526-1.728-2.233l8.865-26.626  c10.72,5.925,18.562,16.859,20.834,28.859H74.447z M91.395,218.126c-8.215,8.481-19.311,13.04-31.215,12.655  c-21.822-0.696-39.461-18.319-40.157-40.141c-0.363-11.369,3.784-22.112,11.679-30.262c7.898-8.154,18.497-12.642,29.845-12.642  c0.455,0,0.91,0.01,1.369,0.024c1.502,0.048,2.981,0.185,4.439,0.389l-8.966,26.9c-6.569,1.537-11.481,7.43-11.481,14.461  c0,8.196,6.668,14.801,14.863,14.801c5.552,0,10.395-2.65,12.947-7.65h27.699C100.966,204.661,97.197,212.135,91.395,218.126z   M238.703,231.042c-22.909,0-41.548-18.639-41.548-41.548c0-14.932,7.921-28.044,19.779-35.369l14.098,37.785  c1.125,3.017,3.986,4.88,7.027,4.88c0.871,0,1.757-0.152,2.621-0.476c3.881-1.447,5.853-5.768,4.404-9.648l-14.169-37.977  c2.524-0.481,5.125-0.743,7.788-0.743c22.909,0,41.547,18.639,41.547,41.548S261.613,231.042,238.703,231.042z"></path></svg>
                                        <span class="truncate">Morning Ride</span>
            </a>

                                            </li>
                                                                            </ul>
                                                            </div>
                        </div>
                                            <div class="py-2 px-3 bg-white dark:bg-gray-700">
                            <div class="text-right text-gray-400">
                                30
                            </div>
                            <div class="h-16 overflow-y-auto">
                                                                    <ul>
                                                                                                                                <li class="mb-1 truncate pl-1 bg-orange-500/[.1] border-l-2 border-l-orange-500">
                                                                        <a href="#" data-model-content-url="activity/activity-87756441741.html" class="font-medium text-blue-600 dark:text-blue-500 hover:underline flex items-center gap-x-1" rel="nofollow">
                                                        <svg class="w-3 shrink-0" viewbox="0 0 24 24" xmlns="http://www.w3.org/2000/svg" fill="#F26722"><g stroke-width="0"></g><g stroke-linecap="round" stroke-linejoin="round"></g><g><defs><style>.cls-1{fill:none;stroke:#F26722;stroke-miterlimit:10;stroke-width:1.91px;}</style></defs><circle class="cls-1" cx="6.27" cy="13.91" r="4.77"></circle><circle class="cls-1" cx="18.2" cy="16.3" r="2.39"></circle><polyline class="cls-1" points="6.27 13.91 8.18 13.91 18.68 13.91"></polyline><line class="cls-1" x1="6.27" y1="18.68" x2="18.68" y2="18.68"></line><line class="cls-1" x1="18.68" y1="6.27" x2="18.68" y2="13.91"></line><line class="cls-1" x1="6.27" y1="2.45" x2="6.27" y2="9.14"></line><polyline class="cls-1" points="0.55 1.5 2.46 1.5 10.09 4.36"></polyline><line class="cls-1" x1="6.27" y1="18.68" x2="4.36" y2="22.5"></line><line class="cls-1" x1="18.68" y1="18.68" x2="18.68" y2="22.5"></line><line class="cls-1" x1="23.45" y1="22.5" x2="0.55" y2="22.5"></line><path class="cls-1" d="M21.55,5.32h0a3.28,3.28,0,0,1-2.31.95H15.82"></path><circle class="cls-1" cx="6.27" cy="13.91" r="0.95"></circle></g></svg>
                                                        <span class="truncate">Virtual ride non Zwift</span>
            </a>

                                            </li>
                                                                            </ul>
                                                            </div>
                        </div>
                                            <div class="py-2 px-3 bg-white dark:bg-gray-700">
                            <div class="text-right text-gray-400">
                                31
                            </div>
                            <div class="h-16 overflow-y-auto">
                                                                    <ul>
                                                                                                                                <li class="mb-1 truncate pl-1 bg-orange-500/[.1] border-l-2 border-l-orange-500">
                                                                        <a href="#" data-model-content-url="activity/activity-8756441741.html" class="font-medium text-blue-600 dark:text-blue-500 hover:underline flex items-center gap-x-1" rel="nofollow">
                                                        <svg class="w-4 shrink-0" viewbox="0 0 64 64" xmlns="http://www.w3.org/2000/svg" aria-hidden="true" fill="#000000"><g stroke-width="0" transform="translate(9,9), scale(0.7)"><rect x="0" y="0" width="64" height="64" rx="32" fill="#FCCD00" stroke-width="0"></rect></g><g stroke-linecap="round" stroke-linejoin="round" stroke-width="0"></g><g><path d="M36.604 23.043c-.623-.342-1.559-.512-2.805-.512h-6.693v7.795h6.525c1.295 0 2.268-.156 2.916-.473c1.146-.551 1.721-1.639 1.721-3.268c0-1.757-.555-2.939-1.664-3.542" fill="#000000"></path><path d="M32.002 2C15.434 2 2 15.432 2 32s13.434 30 30.002 30s30-13.432 30-30s-13.432-30-30-30m12.82 44.508h-6.693a20.582 20.582 0 0 1-.393-1.555a14.126 14.126 0 0 1-.256-2.5l-.041-2.697c-.023-1.85-.344-3.084-.959-3.701c-.613-.615-1.766-.924-3.453-.924h-5.922v11.377H21.18V17.492h13.879c1.984.039 3.51.289 4.578.748s1.975 1.135 2.717 2.027a9.07 9.07 0 0 1 1.459 2.441c.357.893.537 1.908.537 3.051c0 1.379-.348 2.732-1.043 4.064s-1.844 2.273-3.445 2.826c1.338.537 2.287 1.303 2.844 2.293c.559.99.838 2.504.838 4.537v1.949c0 1.324.053 2.225.16 2.697c.16.748.533 1.299 1.119 1.652v.731z" fill="#000000"></path></g></svg>
                                                        <span class="truncate">Virtual ride non Zwift</span>
            </a>

                                            </li>
                                                                            </ul>
                                                            </div>
                        </div>
                                            <div class="py-2 px-3 bg-gray-100 dark:bg-gray-800">
                            <div class="text-right text-gray-400">
                                1
                            </div>
                            <div class="h-16 overflow-y-auto">
                                                            </div>
                        </div>
                                            <div class="py-2 px-3 bg-gray-100 dark:bg-gray-800">
                            <div class="text-right text-gray-400">
                                2
                            </div>
                            <div class="h-16 overflow-y-auto">
                                                            </div>
                        </div>
                                            <div class="py-2 px-3 bg-gray-100 dark:bg-gray-800">
                            <div class="text-right text-gray-400">
                                3
                            </div>
                            <div class="h-16 overflow-y-auto">
                                                            </div>
                        </div>
                                            <div class="py-2 px-3 bg-gray-100 dark:bg-gray-800">
                            <div class="text-right text-gray-400">
                                4
                            </div>
                            <div class="h-16 overflow-y-auto">
                                                            </div>
                        </div>
                                            <div class="py-2 px-3 bg-gray-100 dark:bg-gray-800">
                            <div class="text-right text-gray-400">
                                5
                            </div>
                            <div class="h-16 overflow-y-auto">
                                                            </div>
                        </div>
                                            <div class="py-2 px-3 bg-gray-100 dark:bg-gray-800">
                            <div class="text-right text-gray-400">
                                6
                            </div>
                            <div class="h-16 overflow-y-auto">
                                                            </div>
                        </div>
                                    </div>
            </div>
        </div>
    </div>
</body></html>
