<html><body>
<nav class="flex mb-5" aria-label="Breadcrumb">
    <ol class="inline-flex items-center space-x-1 text-sm font-medium md:space-x-2">
        <li class="inline-flex items-center">
            <a href="#" data-router-navigate="dashboard" class="inline-flex items-center text-gray-700 hover:text-primary-600 dark:text-gray-300 dark:hover:text-white hover:underline">
                <svg class="w-5 h-5 mr-2.5" fill="currentColor" viewbox="0 0 20 20" xmlns="http://www.w3.org/2000/svg"><path d="M10.707 2.293a1 1 0 00-1.414 0l-7 7a1 1 0 001.414 1.414L4 10.414V17a1 1 0 001 1h2a1 1 0 001-1v-2a1 1 0 011-1h2a1 1 0 011 1v2a1 1 0 001 1h2a1 1 0 001-1v-6.586l.293.293a1 1 0 001.414-1.414l-7-7z"></path></svg>
                Dashboard
            </a>
        </li>
            <li>
        <div class="flex items-center">
            <svg class="w-6 h-6 text-gray-400" fill="currentColor" viewbox="0 0 20 20" xmlns="http://www.w3.org/2000/svg"><path fill-rule="evenodd" d="M7.293 14.707a1 1 0 010-1.414L10.586 10 7.293 6.707a1 1 0 011.414-1.414l4 4a1 1 0 010 1.414l-4 4a1 1 0 01-1.414 0z" clip-rule="evenodd"></path></svg>
            <a href="#" data-router-navigate="heatmap" class="ml-1 text-gray-700 hover:text-primary-600 md:ml-2 dark:text-gray-300 dark:hover:text-white">Heatmap</a>
        </div>
    </li>
    </ol>
</nav>
            <!-- HEATMAP -->
        <div id="heatmap" data-leaflet-routes='{"be":["adowHewlRa@aL?sAHuE?eGCaDGoAMmASkAc@qBmCyKc@aC@IJIpAUbBc@~Bc@tA_@XFPCNGZW^MKBm@Zy@?AGMs@SyA?i@WiC@cACg@MiAKqASoAs@kFu@yFMqAQ_AiAsJ]_Cq@_DaA_BiBqCk@uAQw@OaA[yDI}A_@}CHCVuATeCDQLY|BaChAeAjAoAnCeCpGkG@MAKwA_EKa@[cC@m@Bi@Xw@j@oA"]}' data-leaflet-fit-map-bounds-routes='["adowHewlRa@aL?sAHuE?eGCaDGoAMmASkAc@qBmCyKc@aC@IJIpAUbBc@~Bc@tA_@XFPCNGZW^MKBm@Zy@?AGMs@SyA?i@WiC@cACg@MiAKqASoAs@kFu@yFMqAQ_AiAsJ]_Cq@_DaA_BiBqCk@uAQw@OaA[yDI}A_@}CHCVuATeCDQLY|BaChAeAjAoAnCeCpGkG@MAKwA_EKa@[cC@m@Bi@Xw@j@oA"]' class="grid grid-cols-1 mb-4 h-[calc(100vh-150px)]">
        </div>
    
</body></html>
