<html><body>
<nav class="flex mb-5" aria-label="Breadcrumb">
    <ol class="inline-flex items-center space-x-1 text-sm font-medium md:space-x-2">
        <li class="inline-flex items-center">
            <a href="#" data-router-navigate="dashboard.html" class="inline-flex items-center text-gray-700 hover:text-primary-600 dark:text-gray-300 dark:hover:text-white">
                <svg class="w-5 h-5 mr-2.5" fill="currentColor" viewbox="0 0 20 20" xmlns="http://www.w3.org/2000/svg"><path d="M10.707 2.293a1 1 0 00-1.414 0l-7 7a1 1 0 001.414 1.414L4 10.414V17a1 1 0 001 1h2a1 1 0 001-1v-2a1 1 0 011-1h2a1 1 0 011 1v2a1 1 0 001 1h2a1 1 0 001-1v-6.586l.293.293a1 1 0 001.414-1.414l-7-7z"></path></svg>
                Dashboard
            </a>
        </li>
            <li>
        <div class="flex items-center">
            <svg class="w-6 h-6 text-gray-400" fill="currentColor" viewbox="0 0 20 20" xmlns="http://www.w3.org/2000/svg"><path fill-rule="evenodd" d="M7.293 14.707a1 1 0 010-1.414L10.586 10 7.293 6.707a1 1 0 011.414-1.414l4 4a1 1 0 010 1.414l-4 4a1 1 0 01-1.414 0z" clip-rule="evenodd"></path></svg>
            <a href="#" data-router-navigate="photos.html" class="ml-1 text-gray-700 hover:text-primary-600 md:ml-2 dark:text-gray-300 dark:hover:text-white">Photos</a>
        </div>
    </li>
    </ol>
</nav>
            <!-- PHOTOS -->
        <div class="mb-4 border-b border-gray-200 dark:border-gray-700">
            <ul class="flex flex-wrap -mb-px text-sm font-medium text-center" id="photoTypeTab" data-tabs-toggle="#photoTypeTabContent" role="tablist">
                <li class="mr-2" role="presentation">
                    <a href="#" data-tabs-target="#Ride" role="tab" aria-controls="Ride" aria-selected="true" class="inline-flex items-center justify-center p-4 border-b-2 rounded-t-lg hover:text-gray-600 hover:border-gray-300 dark:hover:text-gray-300 group">
                        Rides (0)
                    </a>
                </li>
                <li class="mr-2" role="presentation">
                    <a href="#" data-tabs-target="#VirtualRide" role="tab" aria-controls="VirtualRide" class="inline-flex items-center justify-center p-4 border-b-2 rounded-t-lg hover:text-gray-600 hover:border-gray-300 dark:hover:text-gray-300 group">
                        Virtual rides (4)
                    </a>
                </li>
            </ul>
        </div>
                <div id="photoTypeTabContent">
                            <div class="gap-4 columns-2 md:columns-3 lg:columns-4" id="VirtualRide" role="tabpanel" aria-labelledby="VirtualRide-tab">
                                                                <div class="mb-4 break-inside-avoid-column bg-white border border-gray-200 rounded-lg shadow dark:bg-gray-800 dark:border-gray-700">
                            <a href="https://www.strava.com/activities/9756441741" target="_blank">
                                <img class="h-auto max-w-full rounded-t-lg lazy" data-src="https://raw.githubusercontent.com/robiningelbrecht/strava-activities/master/files/activities/aea2d7b4-53a7-11ee-a5e1-9a34a3268d74.jpg" alt="Watopia Flat Forward in London" src="https://raw.githubusercontent.com/robiningelbrecht/strava-activities/master/build/html/placeholder.webp">
                            </a>

                            <div class="p-2 text-center">
                                <a href="https://www.strava.com/activities/9756441741" target="_blank">
                                    <h5 class="font-bold tracking-tight text-gray-900 dark:text-white hover:underline">Watopia Flat Forward in London</h5>
                                </a>
                            </div>
                        </div>
                                            <div class="mb-4 break-inside-avoid-column bg-white border border-gray-200 rounded-lg shadow dark:bg-gray-800 dark:border-gray-700">
                            <a href="https://www.strava.com/activities/9756441741" target="_blank">
                                <img class="h-auto max-w-full rounded-t-lg lazy" data-src="https://raw.githubusercontent.com/robiningelbrecht/strava-activities/master/files/activities/aea955a8-53a7-11ee-bb29-9a34a3268d74.jpg" alt="Watopia Flat Forward in London" src="https://raw.githubusercontent.com/robiningelbrecht/strava-activities/master/build/html/placeholder.webp">
                            </a>

                            <div class="p-2 text-center">
                                <a href="https://www.strava.com/activities/9756441741" target="_blank">
                                    <h5 class="font-bold tracking-tight text-gray-900 dark:text-white hover:underline">Watopia Flat Forward in London</h5>
                                </a>
                            </div>
                        </div>
                                            <div class="mb-4 break-inside-avoid-column bg-white border border-gray-200 rounded-lg shadow dark:bg-gray-800 dark:border-gray-700">
                            <a href="https://www.strava.com/activities/9756441741" target="_blank">
                                <img class="h-auto max-w-full rounded-t-lg lazy" data-src="https://raw.githubusercontent.com/robiningelbrecht/strava-activities/master/files/activities/aeb339e2-53a7-11ee-8ef5-9a34a3268d74.jpg" alt="Watopia Flat Forward in London" src="https://raw.githubusercontent.com/robiningelbrecht/strava-activities/master/build/html/placeholder.webp">
                            </a>

                            <div class="p-2 text-center">
                                <a href="https://www.strava.com/activities/9756441741" target="_blank">
                                    <h5 class="font-bold tracking-tight text-gray-900 dark:text-white hover:underline">Watopia Flat Forward in London</h5>
                                </a>
                            </div>
                        </div>
                                            <div class="mb-4 break-inside-avoid-column bg-white border border-gray-200 rounded-lg shadow dark:bg-gray-800 dark:border-gray-700">
                            <a href="https://www.strava.com/activities/9756441741" target="_blank">
                                <img class="h-auto max-w-full rounded-t-lg lazy" data-src="https://raw.githubusercontent.com/robiningelbrecht/strava-activities/master/files/activities/aeb9c32a-53a7-11ee-824c-9a34a3268d74.jpg" alt="Watopia Flat Forward in London" src="https://raw.githubusercontent.com/robiningelbrecht/strava-activities/master/build/html/placeholder.webp">
                            </a>

                            <div class="p-2 text-center">
                                <a href="https://www.strava.com/activities/9756441741" target="_blank">
                                    <h5 class="font-bold tracking-tight text-gray-900 dark:text-white hover:underline">Watopia Flat Forward in London</h5>
                                </a>
                            </div>
                        </div>
                                    </div>
                            <div class="gap-4 columns-2 md:columns-3 lg:columns-4" id="Ride" role="tabpanel" aria-labelledby="Ride-tab">
                                                        </div>
                    </div>
    
</body></html>
