<html><body>
<nav class="flex mb-5" aria-label="Breadcrumb">
    <ol class="inline-flex items-center space-x-1 text-sm font-medium md:space-x-2">
        <li class="inline-flex items-center">
            <a href="#" data-router-navigate="dashboard" class="inline-flex items-center text-gray-700 hover:text-primary-600 dark:text-gray-300 dark:hover:text-white hover:underline">
                <svg class="w-5 h-5 mr-2.5" fill="currentColor" viewbox="0 0 20 20" xmlns="http://www.w3.org/2000/svg"><path d="M10.707 2.293a1 1 0 00-1.414 0l-7 7a1 1 0 001.414 1.414L4 10.414V17a1 1 0 001 1h2a1 1 0 001-1v-2a1 1 0 011-1h2a1 1 0 011 1v2a1 1 0 001 1h2a1 1 0 001-1v-6.586l.293.293a1 1 0 001.414-1.414l-7-7z"></path></svg>
                Dashboard
            </a>
        </li>
            <li>
        <div class="flex items-center">
            <svg class="w-6 h-6 text-gray-400" fill="currentColor" viewbox="0 0 20 20" xmlns="http://www.w3.org/2000/svg"><path fill-rule="evenodd" d="M7.293 14.707a1 1 0 010-1.414L10.586 10 7.293 6.707a1 1 0 011.414-1.414l4 4a1 1 0 010 1.414l-4 4a1 1 0 01-1.414 0z" clip-rule="evenodd"></path></svg>
            <a href="#" data-router-navigate="monthly-stats" class="ml-1 text-gray-700 hover:text-primary-600 md:ml-2 dark:text-gray-300 dark:hover:text-white">Monthly stats</a>
        </div>
    </li>
    </ol>
</nav>
            <!-- MONTHLY STATS -->
        <div class="grid grid-cols-1 mb-4">
            <div class="p-4 bg-white border border-gray-200 rounded-lg shadow-sm dark:border-gray-700 sm:p-6 dark:bg-gray-800">
                <div class="relative overflow-x-auto">
                    <table class="w-full text-sm text-center text-gray-500 dark:text-gray-400">
                        <thead class="text-xs text-gray-700 uppercase bg-gray-50 dark:bg-gray-700 dark:text-gray-400">
                        <tr>
                            <th scope="col" class="px-2 py-3 sticky left-0 bg-gray-50 dark:bg-gray-700">

                            </th>
                            <th scope="col" class="px-2 py-3">
                                # rides
                            </th>
                            <th scope="col" class="px-2 py-3">
                                <div class="flex items-center justify-center">
                                    <svg class="w-7 h-7" xmlns="http://www.w3.org/2000/svg" viewbox="0 0 64 64" stroke-width="3" stroke="#F26722" fill="none"><path d="M17.94,54.81a.1.1,0,0,1-.14,0c-1-1.11-11.69-13.23-11.69-21.26,0-9.94,6.5-12.24,11.76-12.24,4.84,0,11.06,2.6,11.06,12.24C28.93,41.84,18.87,53.72,17.94,54.81Z"></path><circle cx="17.52" cy="31.38" r="4.75"></circle><path d="M49.58,34.77a.11.11,0,0,1-.15,0c-.87-1-9.19-10.45-9.19-16.74,0-7.84,5.12-9.65,9.27-9.65,3.81,0,8.71,2,8.71,9.65C58.22,24.52,50.4,33.81,49.58,34.77Z"></path><circle cx="49.23" cy="17.32" r="3.75"></circle><path d="M17.87,54.89a28.73,28.73,0,0,0,3.9.89"></path><path d="M24.68,56.07c2.79.12,5.85-.28,7.9-2.08,5.8-5.09,2.89-11.25,6.75-14.71a16.72,16.72,0,0,1,4.93-3" stroke-dasharray="7.8 2.92"></path><path d="M45.63,35.8a23,23,0,0,1,3.88-.95"></path></svg>
                                </div>
                            </th>
                            <th scope="col" class="px-2 py-3">
                                <div class="flex items-center justify-center">
                                    <svg class="w-7 h-7" xmlns="http://www.w3.org/2000/svg" fill="#F26722" viewbox="0 0 32 32"><path d="M 17.011719 3.0214844 L 16.099609 4.6816406 C 13.925337 8.6341175 11.752154 12.584804 9.578125 16.537109 L 7.6621094 14.621094 L 7.0019531 15.71875 C 5.0489841 18.973698 3.0956556 22.230199 1.1425781 25.486328 L 0.234375 27 L 2 27 L 31.517578 27 L 30.919922 25.605469 C 29.919963 23.272564 28.919963 20.938564 27.919922 18.605469 L 27.337891 17.248047 L 25.269531 19.316406 C 22.803333 14.44792 20.334132 9.5793478 17.867188 4.7109375 L 17.011719 3.0214844 z M 16.939453 7.3027344 C 17.952378 9.3017082 18.965829 11.299996 19.978516 13.298828 L 19.205078 13.962891 L 16.925781 12.009766 L 14.646484 13.962891 L 13.716797 13.164062 C 14.791046 11.210336 15.864885 9.2563086 16.939453 7.3027344 z M 16.925781 14.642578 L 19.205078 16.595703 L 20.908203 15.136719 C 21.974522 17.24151 23.041208 19.346257 24.107422 21.451172 L 24.730469 22.683594 L 26.662109 20.751953 C 27.268948 22.167887 27.875558 23.583992 28.482422 25 L 3.765625 25 C 5.1965747 22.614689 6.6276315 20.230552 8.0585938 17.845703 L 10.046875 19.833984 L 10.689453 18.667969 C 11.370357 17.430195 12.051768 16.192896 12.732422 14.955078 L 14.646484 16.595703 L 16.925781 14.642578 z"></path></svg>
                                </div>
                            </th>
                            <th scope="col" class="px-2 py-3">
                                <div class="flex items-center justify-center">
                                    <svg class="w-7 h-7" xmlns="http://www.w3.org/2000/svg" viewbox="0 0 24 24" fill="none"><path d="M12 8V12L15 15" stroke="#F26722" stroke-width="2" stroke-linecap="round"></path><circle cx="12" cy="12" r="9" stroke="#F26722" stroke-width="2"></circle></svg>
                                </div>
                            </th>
                            <th scope="col" class="px-2 py-3">
                                <div class="flex items-center justify-center">
                                    <svg class="w-7 h-7" aria-hidden="true" xmlns="http://www.w3.org/2000/svg" fill="none" viewbox="0 0 18 20"><path stroke="#F26722" stroke-linecap="round" stroke-linejoin="round" stroke-width="1.5" d="M15.147 15.085a7.159 7.159 0 0 1-6.189 3.307A6.713 6.713 0 0 1 3.1 15.444c-2.679-4.513.287-8.737.888-9.548A4.373 4.373 0 0 0 5 1.608c1.287.953 6.445 3.218 5.537 10.5 1.5-1.122 2.706-3.01 2.853-6.14 1.433 1.049 3.993 5.395 1.757 9.117Z"></path></svg>
                                </div>
                            </th>
                            <th scope="col" class="px-2 py-3">
                                <div class="flex items-center justify-center">
                                    <svg class="w-7 h-7" xmlns="http://www.w3.org/2000/svg" viewbox="0 0 24 24" fill="none"><path d="M19 9C19 10.45 18.57 11.78 17.83 12.89C16.75 14.49 15.04 15.62 13.05 15.91C12.71 15.97 12.36 16 12 16C11.64 16 11.29 15.97 10.95 15.91C8.96 15.62 7.25 14.49 6.17 12.89C5.43 11.78 5 10.45 5 9C5 5.13 8.13 2 12 2C15.87 2 19 5.13 19 9Z" stroke="#F26722" stroke-width="1.5" stroke-linecap="round" stroke-linejoin="round"></path><path d="M21.25 18.47L19.6 18.86C19.23 18.95 18.94 19.23 18.86 19.6L18.51 21.07C18.32 21.87 17.3 22.11 16.77 21.48L12 16L7.22996 21.49C6.69996 22.12 5.67996 21.88 5.48996 21.08L5.13996 19.61C5.04996 19.24 4.75996 18.95 4.39996 18.87L2.74996 18.48C1.98996 18.3 1.71996 17.35 2.26996 16.8L6.16996 12.9C7.24996 14.5 8.95996 15.63 10.95 15.92C11.29 15.98 11.64 16.01 12 16.01C12.36 16.01 12.71 15.98 13.05 15.92C15.04 15.63 16.75 14.5 17.83 12.9L21.73 16.8C22.28 17.34 22.01 18.29 21.25 18.47Z" stroke="#F26722" stroke-width="1.5" stroke-linecap="round" stroke-linejoin="round"></path><path d="M12.58 5.98L13.17 7.15999C13.25 7.31999 13.46 7.48 13.65 7.51L14.72 7.68999C15.4 7.79999 15.56 8.3 15.07 8.79L14.24 9.61998C14.1 9.75998 14.02 10.03 14.07 10.23L14.31 11.26C14.5 12.07 14.07 12.39 13.35 11.96L12.35 11.37C12.17 11.26 11.87 11.26 11.69 11.37L10.69 11.96C9.96997 12.38 9.53997 12.07 9.72997 11.26L9.96997 10.23C10.01 10.04 9.93997 9.75998 9.79997 9.61998L8.96997 8.79C8.47997 8.3 8.63997 7.80999 9.31997 7.68999L10.39 7.51C10.57 7.48 10.78 7.31999 10.86 7.15999L11.45 5.98C11.74 5.34 12.26 5.34 12.58 5.98Z" stroke="#F26722" stroke-width="1.5" stroke-linecap="round" stroke-linejoin="round"></path></svg>
                                </div>
                            </th>
                        </tr>
                        </thead>
                        <tbody>
                                                    <tr class="bg-white border-b dark:bg-gray-900 dark:border-gray-700">
                                <th scope="row" class="sticky left-0 w-36 px-2 py-2 text-right font-medium text-gray-900 whitespace-nowrap dark:text-white bg-white dark:bg-gray-900">
                                    <a href="#" data-model-content-url="month/month-2023-09.html" class="text-blue-600 dark:text-blue-500 hover:underline">
                                        September 2023
                                    </a>
                                </th>
                                <td class="px-2 py-2 truncate">
                                    4
                                </td>
                                <td class="px-2 py-2 truncate">
                                    24<span class="text-xs">km</span>
                                </td>
                                <td class="px-2 py-2 truncate">
                                    36<span class="text-xs">m</span>
                                </td>
                                <td class="px-2 py-2 truncate">
                                    1h 6m
                                </td>
                                <td class="px-2 py-2 truncate">
                                    652<span class="text-xs">kcal</span>
                                </td>
                                <td class="px-2 py-2 truncate">
                                    0
                                </td>
                            </tr>
                                                    <tr class="border-b bg-gray-50 dark:bg-gray-800 dark:border-gray-700">
                                <th scope="row" class="sticky left-0 w-36 px-2 py-2 text-right font-medium text-gray-900 whitespace-nowrap dark:text-white bg-gray-50 dark:bg-gray-800">
                                    <a href="#" data-model-content-url="month/month-2023-08.html" class="text-blue-600 dark:text-blue-500 hover:underline">
                                        August 2023
                                    </a>
                                </th>
                                <td class="px-2 py-2 truncate">
                                    1
                                </td>
                                <td class="px-2 py-2 truncate">
                                    34<span class="text-xs">km</span>
                                </td>
                                <td class="px-2 py-2 truncate">
                                    278<span class="text-xs">m</span>
                                </td>
                                <td class="px-2 py-2 truncate">
                                    1h 3m
                                </td>
                                <td class="px-2 py-2 truncate">
                                    695<span class="text-xs">kcal</span>
                                </td>
                                <td class="px-2 py-2 truncate">
                                    0
                                </td>
                            </tr>
                                                    <tr class="bg-white border-b dark:bg-gray-900 dark:border-gray-700">
                                <th scope="row" class="sticky left-0 w-36 px-2 py-2 text-right font-medium text-gray-900 whitespace-nowrap dark:text-white bg-white dark:bg-gray-900">
                                    <a href="#" data-model-content-url="month/month-2023-07.html" class="text-blue-600 dark:text-blue-500 hover:underline">
                                        July 2023
                                    </a>
                                </th>
                                <td class="px-2 py-2 truncate">
                                    4
                                </td>
                                <td class="px-2 py-2 truncate">
                                    58<span class="text-xs">km</span>
                                </td>
                                <td class="px-2 py-2 truncate">
                                    586<span class="text-xs">m</span>
                                </td>
                                <td class="px-2 py-2 truncate">
                                    3h 10m
                                </td>
                                <td class="px-2 py-2 truncate">
                                    1 976<span class="text-xs">kcal</span>
                                </td>
                                <td class="px-2 py-2 truncate">
                                    0
                                </td>
                            </tr>
                                                    <tr class="border-b bg-gray-50 dark:bg-gray-800 dark:border-gray-700">
                                <th scope="row" class="sticky left-0 w-36 px-2 py-2 text-right font-medium text-gray-900 whitespace-nowrap dark:text-white bg-gray-50 dark:bg-gray-800">
                                    <a href="#" data-model-content-url="month/month-2023-01.html" class="text-blue-600 dark:text-blue-500 hover:underline">
                                        January 2023
                                    </a>
                                </th>
                                <td class="px-2 py-2 truncate">
                                    1
                                </td>
                                <td class="px-2 py-2 truncate">
                                    112<span class="text-xs">km</span>
                                </td>
                                <td class="px-2 py-2 truncate">
                                    15<span class="text-xs">m</span>
                                </td>
                                <td class="px-2 py-2 truncate">
                                    31m
                                </td>
                                <td class="px-2 py-2 truncate">
                                    293<span class="text-xs">kcal</span>
                                </td>
                                <td class="px-2 py-2 truncate">
                                    0
                                </td>
                            </tr>
                                                    <tr class="bg-white border-b dark:bg-gray-900 dark:border-gray-700">
                                <th scope="row" class="sticky left-0 w-36 px-2 py-2 text-right font-medium text-gray-900 whitespace-nowrap dark:text-white bg-white dark:bg-gray-900">
                                    <a href="#" data-model-content-url="month/month-2022-07.html" class="text-blue-600 dark:text-blue-500 hover:underline">
                                        July 2022
                                    </a>
                                </th>
                                <td class="px-2 py-2 truncate">
                                    1
                                </td>
                                <td class="px-2 py-2 truncate">
                                    0<span class="text-xs">km</span>
                                </td>
                                <td class="px-2 py-2 truncate">
                                    278<span class="text-xs">m</span>
                                </td>
                                <td class="px-2 py-2 truncate">
                                    1h 3m
                                </td>
                                <td class="px-2 py-2 truncate">
                                    695<span class="text-xs">kcal</span>
                                </td>
                                <td class="px-2 py-2 truncate">
                                    0
                                </td>
                            </tr>
                                                </tbody>
                        <tfoot>
                        <tr class="font-semibold text-gray-900 dark:text-white border-t-4 dark:border-gray-700">
                            <td class="px-2 py-2 text-right sticky left-0 bg-white dark:bg-gray-800">
                                Virtual/Indoor
                            </td>
                            <td class="px-2 py-2">
                                4
                            </td>
                            <td class="px-2 py-2">
                                67<span class="text-xs">km</span>
                            </td>
                            <td class="px-2 py-2">
                                1 112<span class="text-xs">m</span>
                            </td>
                            <td class="px-2 py-2">
                                4h 12m
                            </td>
                            <td class="px-2 py-2">
                                2 780<span class="text-xs">kcal</span>
                            </td>
                            <td class="px-2 py-2">
                            </td>
                        </tr>
                        <tr class="font-semibold text-gray-900 dark:text-white">
                            <td class="px-2 py-2 text-right sticky left-0 bg-white dark:bg-gray-800">
                                Outside
                            </td>
                            <td class="px-2 py-2">
                                7
                            </td>
                            <td class="px-2 py-2">
                                162<span class="text-xs">km</span>
                            </td>
                            <td class="px-2 py-2">
                                81<span class="text-xs">m</span>
                            </td>
                            <td class="px-2 py-2">
                                2h 42m
                            </td>
                            <td class="px-2 py-2">
                                1 531<span class="text-xs">kcal</span>
                            </td>
                            <td class="px-2 py-2">
                            </td>
                        </tr>
                        <tr class="font-semibold text-gray-900 dark:text-white">
                            <td class="px-2 py-2 text-right sticky left-0 bg-white dark:bg-gray-800">
                                Total
                            </td>
                            <td class="px-2 py-2">
                                11
                            </td>
                            <td class="px-2 py-2">
                                229<span class="text-xs">km</span>
                            </td>
                            <td class="px-2 py-2">
                                1 193<span class="text-xs">m</span>
                            </td>
                            <td class="px-2 py-2">
                                6h 54m
                            </td>
                            <td class="px-2 py-2">
                                4 311<span class="text-xs">kcal</span>
                            </td>
                            <td class="px-2 py-2">
                            </td>
                        </tr>
                        </tfoot>
                    </table>
                </div>
            </div>
        </div>
    
</body></html>
