<!-- Modal header --><html><body>
<div class="flex items-center justify-between p-4 md:p-5 border-b rounded-t dark:border-gray-600">
        <h3 class="flex items-center text-xl font-semibold text-gray-900 dark:text-white">
                                    <a href="#" data-modal-id="month-2023-07" data-model-content-url="month/month-2023-07.html">
                <svg class="w-4 h-4 text-gray-800 dark:text-white" aria-hidden="true" xmlns="http://www.w3.org/2000/svg" fill="none" viewbox="0 0 8 14">
                    <path stroke="currentColor" stroke-linecap="round" stroke-linejoin="round" stroke-width="2" d="M7 1 1.3 6.326a.91.91 0 0 0 0 1.348L7 13"></path>
                </svg>
            </a>
            <span class="mx-2">August 2023</span>
            <a href="#" data-modal-id="month-2023-09" data-model-content-url="month/month-2023-09.html">
                <svg class="w-4 h-4 text-gray-800 dark:text-white" aria-hidden="true" xmlns="http://www.w3.org/2000/svg" fill="none" viewbox="0 0 8 14">
                    <path stroke="currentColor" stroke-linecap="round" stroke-linejoin="round" stroke-width="2" d="m1 13 5.7-5.326a.909.909 0 0 0 0-1.348L1 1"></path>
                </svg>
            </a>
        </h3>
        <button type="button" class="close text-gray-400 bg-transparent hover:bg-gray-200 hover:text-gray-900 rounded-lg text-sm w-8 h-8 ms-auto inline-flex justify-center items-center dark:hover:bg-gray-600 dark:hover:text-white">
            <svg class="w-3 h-3" aria-hidden="true" xmlns="http://www.w3.org/2000/svg" fill="none" viewbox="0 0 14 14">
                <path stroke="currentColor" stroke-linecap="round" stroke-linejoin="round" stroke-width="2" d="m1 1 6 6m0 0 6 6M7 7l6-6M7 7l-6 6"></path>
            </svg>
            <span class="sr-only">Close modal</span>
        </button>
    </div>
    <!-- Modal body -->
    <div class="p-4 md:p-5 space-y-4">
        <div class="grid grid-cols-1 gap-4">
            <div class="flex flex-col bg-gray-200 dark:bg-gray-600">
                <div class="grid grid-cols-7 gap-px leading-6 font-semibold text-xs text-center border border-b-0 dark:border-gray-600">
                    <div class="py-2 bg-white dark:bg-gray-700">
                        Mon
                    </div>
                    <div class="py-2 bg-white dark:bg-gray-700">
                        Thu
                    </div>
                    <div class="py-2 bg-white dark:bg-gray-700">
                        Wed
                    </div>
                    <div class="py-2 bg-white dark:bg-gray-700">
                        Thu
                    </div>
                    <div class="py-2 bg-white dark:bg-gray-700">
                        Fri
                    </div>
                    <div class="py-2 bg-white dark:bg-gray-700">
                        Sat
                    </div>
                    <div class="py-2 bg-white dark:bg-gray-700">
                        Sun
                    </div>
                </div>
                <div class="grid grid-cols-7 gap-px leading-6 text-xs w-full border dark:border-gray-600">
                                            <div class="relative py-2 px-3 bg-gray-100 dark:bg-gray-800">
                            <div class="text-right text-gray-400">
                                31
                            </div>
                            <div>
                                                            </div>
                        </div>
                                            <div class="relative py-2 px-3 bg-white dark:bg-gray-700">
                            <div class="text-right text-gray-400">
                                1
                            </div>
                            <div>
                                                            </div>
                        </div>
                                            <div class="relative py-2 px-3 bg-white dark:bg-gray-700">
                            <div class="text-right text-gray-400">
                                2
                            </div>
                            <div>
                                                            </div>
                        </div>
                                            <div class="relative py-2 px-3 bg-white dark:bg-gray-700">
                            <div class="text-right text-gray-400">
                                3
                            </div>
                            <div>
                                                            </div>
                        </div>
                                            <div class="relative py-2 px-3 bg-white dark:bg-gray-700">
                            <div class="text-right text-gray-400">
                                4
                            </div>
                            <div>
                                                            </div>
                        </div>
                                            <div class="relative py-2 px-3 bg-white dark:bg-gray-700">
                            <div class="text-right text-gray-400">
                                5
                            </div>
                            <div>
                                                            </div>
                        </div>
                                            <div class="relative py-2 px-3 bg-white dark:bg-gray-700">
                            <div class="text-right text-gray-400">
                                6
                            </div>
                            <div>
                                                            </div>
                        </div>
                                            <div class="relative py-2 px-3 bg-white dark:bg-gray-700">
                            <div class="text-right text-gray-400">
                                7
                            </div>
                            <div>
                                                            </div>
                        </div>
                                            <div class="relative py-2 px-3 bg-white dark:bg-gray-700">
                            <div class="text-right text-gray-400">
                                8
                            </div>
                            <div>
                                                            </div>
                        </div>
                                            <div class="relative py-2 px-3 bg-white dark:bg-gray-700">
                            <div class="text-right text-gray-400">
                                9
                            </div>
                            <div>
                                                            </div>
                        </div>
                                            <div class="relative py-2 px-3 bg-white dark:bg-gray-700">
                            <div class="text-right text-gray-400">
                                10
                            </div>
                            <div>
                                                            </div>
                        </div>
                                            <div class="relative py-2 px-3 bg-white dark:bg-gray-700">
                            <div class="text-right text-gray-400">
                                11
                            </div>
                            <div>
                                                            </div>
                        </div>
                                            <div class="relative py-2 px-3 bg-white dark:bg-gray-700">
                            <div class="text-right text-gray-400">
                                12
                            </div>
                            <div>
                                                            </div>
                        </div>
                                            <div class="relative py-2 px-3 bg-white dark:bg-gray-700">
                            <div class="text-right text-gray-400">
                                13
                            </div>
                            <div>
                                                            </div>
                        </div>
                                            <div class="relative py-2 px-3 bg-white dark:bg-gray-700">
                            <div class="text-right text-gray-400">
                                14
                            </div>
                            <div>
                                                            </div>
                        </div>
                                            <div class="relative py-2 px-3 bg-white dark:bg-gray-700">
                            <div class="text-right text-gray-400">
                                15
                            </div>
                            <div>
                                                            </div>
                        </div>
                                            <div class="relative py-2 px-3 bg-white dark:bg-gray-700">
                            <div class="text-right text-gray-400">
                                16
                            </div>
                            <div>
                                                            </div>
                        </div>
                                            <div class="relative py-2 px-3 bg-white dark:bg-gray-700">
                            <div class="text-right text-gray-400">
                                17
                            </div>
                            <div>
                                                            </div>
                        </div>
                                            <div class="relative py-2 px-3 bg-white dark:bg-gray-700">
                            <div class="text-right text-gray-400">
                                18
                            </div>
                            <div>
                                                            </div>
                        </div>
                                            <div class="relative py-2 px-3 bg-white dark:bg-gray-700">
                            <div class="text-right text-gray-400">
                                19
                            </div>
                            <div>
                                                            </div>
                        </div>
                                            <div class="relative py-2 px-3 bg-white dark:bg-gray-700">
                            <div class="text-right text-gray-400">
                                20
                            </div>
                            <div>
                                                            </div>
                        </div>
                                            <div class="relative py-2 px-3 bg-white dark:bg-gray-700">
                            <div class="text-right text-gray-400">
                                21
                            </div>
                            <div>
                                                            </div>
                        </div>
                                            <div class="relative py-2 px-3 bg-white dark:bg-gray-700">
                            <div class="text-right text-gray-400">
                                22
                            </div>
                            <div>
                                                            </div>
                        </div>
                                            <div class="relative py-2 px-3 bg-white dark:bg-gray-700">
                            <div class="text-right text-gray-400">
                                23
                            </div>
                            <div>
                                                            </div>
                        </div>
                                            <div class="relative py-2 px-3 bg-white dark:bg-gray-700">
                            <div class="text-right text-gray-400">
                                24
                            </div>
                            <div>
                                                            </div>
                        </div>
                                            <div class="relative py-2 px-3 bg-white dark:bg-gray-700">
                            <div class="text-right text-gray-400">
                                25
                            </div>
                            <div>
                                                            </div>
                        </div>
                                            <div class="relative py-2 px-3 bg-white dark:bg-gray-700">
                            <div class="text-right text-gray-400">
                                26
                            </div>
                            <div>
                                                            </div>
                        </div>
                                            <div class="relative py-2 px-3 bg-white dark:bg-gray-700">
                            <div class="text-right text-gray-400">
                                27
                            </div>
                            <div>
                                                            </div>
                        </div>
                                            <div class="relative py-2 px-3 bg-white dark:bg-gray-700">
                            <div class="text-right text-gray-400">
                                28
                            </div>
                            <div>
                                                            </div>
                        </div>
                                            <div class="relative py-2 px-3 bg-white dark:bg-gray-700">
                            <div class="text-right text-gray-400">
                                29
                            </div>
                            <div>
                                                            </div>
                        </div>
                                            <div class="relative py-2 px-3 bg-white dark:bg-gray-700">
                            <div class="text-right text-gray-400">
                                30
                            </div>
                            <div>
                                                            </div>
                        </div>
                                            <div class="relative py-2 px-3 bg-white dark:bg-gray-700">
                            <div class="text-right text-gray-400">
                                31
                            </div>
                            <div>
                                                                    <ul>
                                                                                                                                <li class="mb-1 truncate pl-1 bg-orange-500/[.1] border-l-2 border-l-orange-500">
                                                
    <a href="#" data-modal-id="activity-9756441741" data-model-content-url="activity/activity-9756441741.html" class="flex items-center gap-x-1 font-medium text-blue-600 dark:text-blue-500 hover:underline" rel="nofollow">
                    <svg class="w-3 shrink-0" xmlns="http://www.w3.org/2000/svg" viewbox="0 0 40 40"><path fill="#F26722" d="M30.866 26.667h-4.49L42.565 0H6.615C2.961 0 0 2.985 0 6.667s2.962 6.666 6.615 6.666h4.469L.955 30.018S0 31.421 0 33.443C0 37.065 2.913 40 6.506 40h24.36c3.654 0 6.615-2.985 6.615-6.667 0-3.681-2.961-6.666-6.615-6.666"></path></svg>
                            <span class="truncate">Watopia Flat Forward in London</span>
            </a>

                                            </li>
                                                                            </ul>
                                                            </div>
                        </div>
                                            <div class="relative py-2 px-3 bg-gray-100 dark:bg-gray-800">
                            <div class="text-right text-gray-400">
                                1
                            </div>
                            <div>
                                                            </div>
                        </div>
                                            <div class="relative py-2 px-3 bg-gray-100 dark:bg-gray-800">
                            <div class="text-right text-gray-400">
                                2
                            </div>
                            <div>
                                                            </div>
                        </div>
                                            <div class="relative py-2 px-3 bg-gray-100 dark:bg-gray-800">
                            <div class="text-right text-gray-400">
                                3
                            </div>
                            <div>
                                                            </div>
                        </div>
                                    </div>
            </div>
        </div>
    </div>
</body></html>
