  => Calculating Eddington
  => Calculating activity highlights
  => Calculating weekday stats
  => Calculating daytime stats
  => Calculating monthly stats
  => Calculating best power outputs
  => Enriching activities with data
  => Building index.html
  => Building dashboard.html
  => Building activities.html
  => Building photos.html
  => Building challenges.html
  => Building eddington.html
  => Building segments.html
  => Building monthly-stats.html
  => Building gear-stats.html
  => Building heatmap.html
  => Building alpe-du-zwift.html
  => Building activity.html