<!-- Modal header --><html><body>
<div class="z-[10000] sticky top-0 bg-white dark:bg-gray-700 p-4 md:p-5 border-b rounded-t dark:border-gray-600">
        <div class="flex items-center justify-between">
            <h3 class="max-w-[30%] sm:max-w-[50%] md:max-w-[100%] truncate text-lg font-semibold text-gray-900 dark:text-white">
                <a class="flex items-center gap-x-1 hover:underline" href="https://www.strava.com/activities/9830227182" target="_blank" rel="nofollow">
                    Night Ride
                    <svg class="w-2 h-2" aria-hidden="true" xmlns="http://www.w3.org/2000/svg" fill="none" viewbox="0 0 18 18">
                        <path stroke="currentColor" stroke-linecap="round" stroke-linejoin="round" stroke-width="2" d="M15 11v4.833A1.166 1.166 0 0 1 13.833 17H2.167A1.167 1.167 0 0 1 1 15.833V4.167A1.166 1.166 0 0 1 2.167 3h4.618m4.447-2H17v5.768M9.111 8.889l7.778-7.778"></path>
                    </svg>
                </a>
            </h3>
            <span class="mx-1 text-xs font-normal text-gray-500 dark:text-gray-400">-</span>
            <span class="text-xs font-normal text-gray-500 dark:text-gray-400">
                21:05 on Tuesday,
                <a href="#" data-model-content-url="month/month-2023-09.html" class="hover:underline">September</a>
                 12, 2023
            </span>
            <button type="button" class="close text-gray-400 bg-transparent hover:bg-gray-200 hover:text-gray-900 rounded-lg text-sm w-8 h-8 ms-auto inline-flex justify-center items-center dark:hover:bg-gray-600 dark:hover:text-white">
                <svg class="w-3 h-3" aria-hidden="true" xmlns="http://www.w3.org/2000/svg" fill="none" viewbox="0 0 14 14">
                    <path stroke="currentColor" stroke-linecap="round" stroke-linejoin="round" stroke-width="2" d="m1 1 6 6m0 0 6 6M7 7l6-6M7 7l-6 6"></path>
                </svg>
                <span class="sr-only">Close modal</span>
            </button>
        </div>
            </div>
    <!-- Modal body -->
    <div class="p-4 md:p-5 space-y-4">
    <div class="grid grid-cols-1 lg:grid-cols-2 gap-4">
        <div>
            <div class="mb-4 grid grid-cols-6 gap-2">
                <div class="flex flex-col items-center justify-center px-2 py-2 border border-gray-200 rounded-lg shadow dark:bg-gray-800 dark:border-gray-600">
                    <div class="text-center">
                        <dd class="text-xs text-gray-500 dark:text-gray-400">Distance</dd>
                        <dt class="font-extrabold">6<span class="text-xs">km</span>
</dt>
                    </div>
                </div>
                <div class="flex flex-col items-center justify-center px-2 py-2 border border-gray-200 rounded-lg shadow dark:bg-gray-800 dark:border-gray-600">
                    <div class="text-center">
                        <dd class="text-xs text-gray-500 dark:text-gray-400">Moving time</dd>
                        <dt class="font-extrabold">16:41</dt>
                    </div>
                </div>
                <div class="flex flex-col items-center justify-center px-2 py-2 border border-gray-200 rounded-lg shadow dark:bg-gray-800 dark:border-gray-600">
                    <div class="text-center">
                        <dd class="text-xs text-gray-500 dark:text-gray-400">Elevation</dd>
                        <dt class="font-extrabold">9<span class="text-xs">m</span>
</dt>
                    </div>
                </div>
                <div class="flex flex-col items-center justify-center px-2 py-2 border border-gray-200 rounded-lg shadow dark:bg-gray-800 dark:border-gray-600">
                    <div class="text-center">
                        <dd class="text-xs text-gray-500 dark:text-gray-400">Calories</dd>
                        <dt class="font-extrabold">163</dt>
                    </div>
                </div>
                <div class="flex flex-col items-center justify-center px-2 py-4 border border-gray-200 rounded-lg shadow dark:bg-gray-800 dark:border-gray-600">
                    <div class="text-center">
                        <dd class="text-xs text-gray-500 dark:text-gray-400">Gear</dd>
                        <dt class="text-xs font-extrabold">Other</dt>
                    </div>
                </div>
                <div class="flex flex-col items-center justify-center px-2 py-4 border border-gray-200 rounded-lg shadow dark:bg-gray-800 dark:border-gray-600">
                    <div class="text-center">
                        <dd class="text-xs text-gray-500 dark:text-gray-400">Device</dd>
                        <dt class="text-xs font-extrabold">Polar Vantage M</dt>
                    </div>
                </div>
            </div>
                                        <div class="mb-4 text-xs font-normal text-gray-500 dark:text-gray-400">
                    Stormy, 19 &Acirc;&deg;C,
                    Humidity 95%,
                    Wind 2.2km/h from E.
                </div>
                                    <div class="mb-4 relative overflow-x-auto px-2 py-2 border border-gray-200 rounded-lg shadow dark:bg-gray-800 dark:border-gray-600">
                <table class="w-full text-sm text-center text-gray-500 dark:text-gray-400">
                    <thead class="text-xs text-gray-700 uppercase dark:text-gray-400">
                    <tr>
                        <th scope="col" class="px-2 py-2">

                        </th>
                        <th scope="col" class="px-2 py-2">
                            Speed
                        </th>
                        <th scope="col" class="px-2 py-2">
                            Heart rate
                        </th>
                        <th scope="col" class="px-2 py-2">
                            Cadence
                        </th>
                        <th scope="col" class="px-2 py-2">
                            Power
                        </th>
                    </tr>
                    </thead>
                    <tbody>
                    <tr class="border-b dark:border-gray-600">
                        <th class="px-2 py-2">
                            Avg
                        </th>
                        <td class="px-2 py-2 text-sm">
                                                                                        22<span class="text-xs">km/h</span>
                                                    </td>
                        <td class="px-2 py-2 text-sm">
                                                                                        133<span class="text-xs">bpm</span>
                                                    </td>
                        <td class="px-2 py-2 text-sm">
                                                        n/a
                        </td>
                        <td class="px-2 py-2 text-sm">
                                                                                        93<span class="text-xs">w</span>
                                                    </td>
                    </tr>
                    <tr>
                        <th class="px-2 py-2">
                            Max
                        </th>
                        <td class="px-2 py-2 text-sm">
                                                                                        53.4<span class="text-xs">km/h</span>
                                                    </td>
                        <td class="px-2 py-2 text-sm">
                                                                                        159<span class="text-xs">bpm</span>
                                                    </td>
                        <td class="px-2 py-2 text-sm">
                                                        n/a
                        </td>
                        <td class="px-2 py-2 text-sm">
                                                                                        n/a
                                                    </td>
                    </tr>
                    </tbody>
                </table>
            </div>
                    </div>
                    <div>
                <img class="h-auto max-w-full rounded-lg lazy" src="https://raw.githubusercontent.com/robiningelbrecht/strava-activities/master/build/html/placeholder.webp" data-src="https://raw.githubusercontent.com/robiningelbrecht/strava-activities-template/master/files/maps/not-found.jpg" alt="No map">
            </div>
            </div>
        </div>
</body></html>
