<!-- Modal header --><html><body>
<div class="flex items-center justify-between p-4 md:p-5 border-b rounded-t dark:border-gray-600">
        <h3 class="flex items-center text-lg font-semibold text-gray-900 dark:text-white">
            <span class="mx-2">Segment One - Top 10</span>
        </h3>
        <div class="flex items-center">
            <ul class="hidden md:flex text-center mr-2 divide-x divide-gray-200 dark:divide-gray-700">
                <li class="flex items-center gap-x-0.5 pr-2">
                    <svg class="w-7 h-7" xmlns="http://www.w3.org/2000/svg" viewbox="0 0 64 64" stroke-width="3" stroke="#F26722" fill="none"><path d="M17.94,54.81a.1.1,0,0,1-.14,0c-1-1.11-11.69-13.23-11.69-21.26,0-9.94,6.5-12.24,11.76-12.24,4.84,0,11.06,2.6,11.06,12.24C28.93,41.84,18.87,53.72,17.94,54.81Z"></path><circle cx="17.52" cy="31.38" r="4.75"></circle><path d="M49.58,34.77a.11.11,0,0,1-.15,0c-.87-1-9.19-10.45-9.19-16.74,0-7.84,5.12-9.65,9.27-9.65,3.81,0,8.71,2,8.71,9.65C58.22,24.52,50.4,33.81,49.58,34.77Z"></path><circle cx="49.23" cy="17.32" r="3.75"></circle><path d="M17.87,54.89a28.73,28.73,0,0,0,3.9.89"></path><path d="M24.68,56.07c2.79.12,5.85-.28,7.9-2.08,5.8-5.09,2.89-11.25,6.75-14.71a16.72,16.72,0,0,1,4.93-3" stroke-dasharray="7.8 2.92"></path><path d="M45.63,35.8a23,23,0,0,1,3.88-.95"></path></svg>
                    <div>0.10</div>
                    <div class="text-xs text-gray-500 dark:text-gray-400">km</div>
                </li>
                <li class="flex items-center gap-x-0.5 px-2">
                    <svg class="w-5 h-5" aria-hidden="true" viewbox="0 0 24 24" fill="none" xmlns="http://www.w3.org/2000/svg"><g stroke-width="0"></g><g stroke-linecap="round" stroke-linejoin="round"></g><g><path fill-rule="evenodd" clip-rule="evenodd" d="M7.25 10.5a3.75 3.75 0 1 1 0-7.5 3.75 3.75 0 0 1 0 7.5zm-1.543 9.207a1 1 0 0 1-1.414-1.414l14-14a1 1 0 1 1 1.414 1.414l-14 14zM13 17.25a3.75 3.75 0 1 0 7.5 0 3.75 3.75 0 0 0-7.5 0zM7.25 8.5a1.75 1.75 0 1 0 0-3.5 1.75 1.75 0 0 0 0 3.5zm11.25 8.75a1.75 1.75 0 1 1-3.5 0 1.75 1.75 0 0 1 3.5 0z" fill="#F26722"></path></g></svg>
                    <div>5.3</div>
                    <div class="text-xs text-gray-500 dark:text-gray-400">max gradient</div>
                </li>
            </ul>
            <button type="button" class="close text-gray-400 bg-transparent hover:bg-gray-200 hover:text-gray-900 rounded-lg text-sm w-8 h-8 ms-auto inline-flex justify-center items-center dark:hover:bg-gray-600 dark:hover:text-white">
                <svg class="w-3 h-3" aria-hidden="true" xmlns="http://www.w3.org/2000/svg" fill="none" viewbox="0 0 14 14">
                    <path stroke="currentColor" stroke-linecap="round" stroke-linejoin="round" stroke-width="2" d="m1 1 6 6m0 0 6 6M7 7l6-6M7 7l-6 6"></path>
                </svg>
                <span class="sr-only">Close modal</span>
            </button>
        </div>
    </div>
    <!-- Modal body -->
    <div class="p-4 md:p-5 space-y-4">
        <div class="grid grid-cols-1 gap-4">
            <div class="relative overflow-x-auto">
                <table class="sortable w-full text-sm text-center text-gray-500 dark:text-gray-400">
                    <thead class="text-xs text-gray-700 uppercase bg-gray-50 dark:bg-gray-700 dark:text-gray-400">
                    <tr>
                        <th scope="col" class="cursor-pointer px-2 py-3 bg-gray-50 dark:bg-gray-700 lg:sticky lg:left-0">
                            <div class="flex items-center justify-center">
                                <svg class="w-5 h-5" viewbox="0 0 24 24" fill="none" xmlns="http://www.w3.org/2000/svg"><g stroke-width="0"></g><g stroke-linecap="round" stroke-linejoin="round"></g><g> <path d="M10 4L7 20M17 4L14 20M5 8H20M4 16H19" stroke="#F26722" stroke-width="2" stroke-linecap="round"></path> </g></svg>
                            </div>
                        </th>
                        <th scope="col" class="cursor-pointer px-2 py-3">
                            <div class="flex items-center justify-center">
                                <svg class="w-7 h-7" xmlns="http://www.w3.org/2000/svg" viewbox="0 0 24 24" fill="none"><path d="M3 9H21M7 3V5M17 3V5M6 12H10V16H6V12ZM6.2 21H17.8C18.9201 21 19.4802 21 19.908 20.782C20.2843 20.5903 20.5903 20.2843 20.782 19.908C21 19.4802 21 18.9201 21 17.8V8.2C21 7.07989 21 6.51984 20.782 6.09202C20.5903 5.71569 20.2843 5.40973 19.908 5.21799C19.4802 5 18.9201 5 17.8 5H6.2C5.0799 5 4.51984 5 4.09202 5.21799C3.71569 5.40973 3.40973 5.71569 3.21799 6.09202C3 6.51984 3 7.07989 3 8.2V17.8C3 18.9201 3 19.4802 3.21799 19.908C3.40973 20.2843 3.71569 20.5903 4.09202 20.782C4.51984 21 5.07989 21 6.2 21Z" stroke="#F26722" stroke-width="2" stroke-linecap="round" stroke-linejoin="round"></path></svg>
                            </div>
                        </th>
                        <th scope="col" class="no-sort px-2 py-3">
                        </th>
                        <th scope="col" class="cursor-pointer px-2 py-3">
                            <div class="flex items-center justify-center">
                                <svg class="w-7 h-7" xmlns="http://www.w3.org/2000/svg" viewbox="0 0 24 24" fill="none"><path d="M12 8V12L15 15" stroke="#F26722" stroke-width="2" stroke-linecap="round"></path><circle cx="12" cy="12" r="9" stroke="#F26722" stroke-width="2"></circle></svg>
                            </div>
                        </th>
                        <th scope="col" class="cursor-pointer px-2 py-3">
                            <div class="flex items-center justify-center">
                                <svg class="w-7 h-7" xmlns="http://www.w3.org/2000/svg" viewbox="0 0 24 24" fill="none"><path d="M6.34315 17.6569C5.22433 16.538 4.4624 15.1126 4.15372 13.5607C3.84504 12.0089 4.00346 10.4003 4.60896 8.93853C5.21446 7.47672 6.23984 6.22729 7.55544 5.34824C8.87103 4.46919 10.4177 4 12 4C13.5823 4 15.129 4.46919 16.4446 5.34824C17.7602 6.22729 18.7855 7.47672 19.391 8.93853C19.9965 10.4003 20.155 12.0089 19.8463 13.5607C19.5376 15.1126 18.7757 16.538 17.6569 17.6569" stroke="#F26722" stroke-width="2" stroke-linecap="round" stroke-linejoin="round"></path><path d="M12 12L16 10" stroke="#F26722" stroke-width="2" stroke-linecap="round" stroke-linejoin="round"></path></svg>
                            </div>
                        </th>
                        <th scope="col" class="cursor-pointer px-2 py-3">
                            <div class="flex items-center justify-center">
                                <svg class="w-7 h-7" xmlns="http://www.w3.org/2000/svg" viewbox="0 0 24 24"><polygon fill="none" stroke="#F26722" stroke-width="2" stroke-miterlimit="10" points="8.29 1.71 18.5 1.71 13.86 9.14 17.57 9.14 7.36 20.29 9.21 12.86 5.5 12.86 8.29 1.71"></polygon></svg>
                            </div>
                        </th>
                    </tr>
                    </thead>
                    <tbody>
                                            <tr class="bg-white border-b dark:bg-gray-900 dark:border-gray-700">
                            <td class="px-2 py-2 truncate lg:sticky lg:left-0 bg-white dark:bg-gray-900">
                                1
                            </td>
                            <td class="px-2 py-2">
                                <div class="flex justify-center">
                                    <div class="w-[4.5rem]">10-10-23</div>
                                </div>
                            </td>
                            <td class="px-2 py-2">
                                                        <a href="#" data-model-content-url="activity/activity-9542782314.html" class="font-medium text-blue-600 dark:text-blue-500 hover:underline flex items-center gap-x-1" rel="nofollow">
                                    <svg class="h-4 shrink-0" xmlns="http://www.w3.org/2000/svg" fill="#F26722" viewbox="0 0 300.25 300.25"><path d="M238.703,127.946c-5.119,0-10.089,0.487-14.847,1.67l-18.955-50.955h6.176c9.72,0,18.913-3.577,25.887-10.345l6.541-6.273  c2.973-2.885,3.043-7.595,0.158-10.568s-7.633-3.024-10.605-0.139l-6.541,6.206c-4.159,4.037-9.643,6.118-15.439,6.118h-16.979  c-2.458,0-4.76,1.356-6.161,3.375c-1.401,2.02-1.725,4.673-0.865,6.975l7.214,19.372c-0.046-0.001-0.093,0.141-0.139,0.141  c-0.016,0-0.032,0.137-0.049,0.137H98.126L85.165,71.823l14.078-4.895c3.467-1.191,5.564-4.55,4.961-8.166  c-0.604-3.615-3.731-6.101-7.397-6.101H55.597c-5.775,0-10.475,4.506-10.475,10.281c0,8.941,7.266,16.12,16.196,16.12  c1.79,0,3.565-0.347,5.277-0.934l4.103-1.433l13.146,21.996l-10.097,30.285c-3.312-0.669-6.714-1.09-10.193-1.201  c-17.589-0.563-34.055,6.138-46.219,18.697c-11.694,12.074-17.84,27.992-17.303,44.822c1.032,32.337,27.172,58.476,59.509,59.508  c0.673,0.021,1.34,0.032,2.008,0.032c16.811,0,32.513-6.716,44.212-18.794c9.464-9.773,15.291-22.38,16.885-35.38h12.051  c2.598,2,5.961,3.634,9.639,3.634c8.196,0,14.864-6.636,14.864-14.833c0-2.661-0.712-5.139-1.942-7.303l42.042-71.305l10.553,28.289  c-19.435,10.359-32.698,30.831-32.698,54.348c0,33.938,27.61,61.549,61.548,61.549s61.547-27.61,61.547-61.547  S272.641,127.946,238.703,127.946z M180.979,108.661l-36.606,62.091c-0.013,0-0.025-0.062-0.037-0.062  c-0.043,0-0.084,0.096-0.127,0.097l-37.131-62.125H180.979z M93.992,115.669l37.378,62.514c-0.618,1.101-1.089,2.478-1.412,3.478  h-7.326c-2.591-21-16.064-39.121-34.658-48.001L93.992,115.669z M74.447,181.661c-0.503-1-1.081-1.526-1.728-2.233l8.865-26.626  c10.72,5.925,18.562,16.859,20.834,28.859H74.447z M91.395,218.126c-8.215,8.481-19.311,13.04-31.215,12.655  c-21.822-0.696-39.461-18.319-40.157-40.141c-0.363-11.369,3.784-22.112,11.679-30.262c7.898-8.154,18.497-12.642,29.845-12.642  c0.455,0,0.91,0.01,1.369,0.024c1.502,0.048,2.981,0.185,4.439,0.389l-8.966,26.9c-6.569,1.537-11.481,7.43-11.481,14.461  c0,8.196,6.668,14.801,14.863,14.801c5.552,0,10.395-2.65,12.947-7.65h27.699C100.966,204.661,97.197,212.135,91.395,218.126z   M238.703,231.042c-22.909,0-41.548-18.639-41.548-41.548c0-14.932,7.921-28.044,19.779-35.369l14.098,37.785  c1.125,3.017,3.986,4.88,7.027,4.88c0.871,0,1.757-0.152,2.621-0.476c3.881-1.447,5.853-5.768,4.404-9.648l-14.169-37.977  c2.524-0.481,5.125-0.743,7.788-0.743c22.909,0,41.547,18.639,41.547,41.548S261.613,231.042,238.703,231.042z"></path></svg>
                                        <span class="truncate">Morning Ride</span>
            </a>

                            </td>
                            <td class="px-2 py-2">
                                9s
                            </td>
                            <td class="px-2 py-2">
                                38.7<span class="text-xs">km/h</span>
                            </td>
                            <td class="px-2 py-2">
                                                                    200.0<span class="text-xs">w</span>
                                                            </td>
                        </tr>
                                            <tr class="border-b bg-gray-50 dark:bg-gray-800 dark:border-gray-700">
                            <td class="px-2 py-2 truncate lg:sticky lg:left-0 bg-gray-50 dark:bg-gray-800">
                                2
                            </td>
                            <td class="px-2 py-2">
                                <div class="flex justify-center">
                                    <div class="w-[4.5rem]">10-10-23</div>
                                </div>
                            </td>
                            <td class="px-2 py-2">
                                                        <a href="#" data-model-content-url="activity/activity-9542782314.html" class="font-medium text-blue-600 dark:text-blue-500 hover:underline flex items-center gap-x-1" rel="nofollow">
                                    <svg class="h-4 shrink-0" xmlns="http://www.w3.org/2000/svg" fill="#F26722" viewbox="0 0 300.25 300.25"><path d="M238.703,127.946c-5.119,0-10.089,0.487-14.847,1.67l-18.955-50.955h6.176c9.72,0,18.913-3.577,25.887-10.345l6.541-6.273  c2.973-2.885,3.043-7.595,0.158-10.568s-7.633-3.024-10.605-0.139l-6.541,6.206c-4.159,4.037-9.643,6.118-15.439,6.118h-16.979  c-2.458,0-4.76,1.356-6.161,3.375c-1.401,2.02-1.725,4.673-0.865,6.975l7.214,19.372c-0.046-0.001-0.093,0.141-0.139,0.141  c-0.016,0-0.032,0.137-0.049,0.137H98.126L85.165,71.823l14.078-4.895c3.467-1.191,5.564-4.55,4.961-8.166  c-0.604-3.615-3.731-6.101-7.397-6.101H55.597c-5.775,0-10.475,4.506-10.475,10.281c0,8.941,7.266,16.12,16.196,16.12  c1.79,0,3.565-0.347,5.277-0.934l4.103-1.433l13.146,21.996l-10.097,30.285c-3.312-0.669-6.714-1.09-10.193-1.201  c-17.589-0.563-34.055,6.138-46.219,18.697c-11.694,12.074-17.84,27.992-17.303,44.822c1.032,32.337,27.172,58.476,59.509,59.508  c0.673,0.021,1.34,0.032,2.008,0.032c16.811,0,32.513-6.716,44.212-18.794c9.464-9.773,15.291-22.38,16.885-35.38h12.051  c2.598,2,5.961,3.634,9.639,3.634c8.196,0,14.864-6.636,14.864-14.833c0-2.661-0.712-5.139-1.942-7.303l42.042-71.305l10.553,28.289  c-19.435,10.359-32.698,30.831-32.698,54.348c0,33.938,27.61,61.549,61.548,61.549s61.547-27.61,61.547-61.547  S272.641,127.946,238.703,127.946z M180.979,108.661l-36.606,62.091c-0.013,0-0.025-0.062-0.037-0.062  c-0.043,0-0.084,0.096-0.127,0.097l-37.131-62.125H180.979z M93.992,115.669l37.378,62.514c-0.618,1.101-1.089,2.478-1.412,3.478  h-7.326c-2.591-21-16.064-39.121-34.658-48.001L93.992,115.669z M74.447,181.661c-0.503-1-1.081-1.526-1.728-2.233l8.865-26.626  c10.72,5.925,18.562,16.859,20.834,28.859H74.447z M91.395,218.126c-8.215,8.481-19.311,13.04-31.215,12.655  c-21.822-0.696-39.461-18.319-40.157-40.141c-0.363-11.369,3.784-22.112,11.679-30.262c7.898-8.154,18.497-12.642,29.845-12.642  c0.455,0,0.91,0.01,1.369,0.024c1.502,0.048,2.981,0.185,4.439,0.389l-8.966,26.9c-6.569,1.537-11.481,7.43-11.481,14.461  c0,8.196,6.668,14.801,14.863,14.801c5.552,0,10.395-2.65,12.947-7.65h27.699C100.966,204.661,97.197,212.135,91.395,218.126z   M238.703,231.042c-22.909,0-41.548-18.639-41.548-41.548c0-14.932,7.921-28.044,19.779-35.369l14.098,37.785  c1.125,3.017,3.986,4.88,7.027,4.88c0.871,0,1.757-0.152,2.621-0.476c3.881-1.447,5.853-5.768,4.404-9.648l-14.169-37.977  c2.524-0.481,5.125-0.743,7.788-0.743c22.909,0,41.547,18.639,41.547,41.548S261.613,231.042,238.703,231.042z"></path></svg>
                                        <span class="truncate">Morning Ride</span>
            </a>

                            </td>
                            <td class="px-2 py-2">
                                10s
                            </td>
                            <td class="px-2 py-2">
                                35.0<span class="text-xs">km/h</span>
                            </td>
                            <td class="px-2 py-2">
                                                                    200.0<span class="text-xs">w</span>
                                                            </td>
                        </tr>
                                        </tbody>
                </table>
            </div>
        </div>
    </div>
</body></html>
