<html><body><p>RIFF$ WEBPVP8  Pt&#157;*6&Uuml;&gt;I$&#143;F"&cent;%0&iexcl;2&#136;&uacute;		gn&Icirc;&#138;&yuml;&para;&yuml;4&ccedil;&yuml;^U&eacute;&middot;&iuml;&oslash;&uuml;&cent;6&szlig;&#157;&aacute;K&sect;{&ccedil;\&iacute;s&Eacute;W&pound;&#139;&ntilde;&uuml;&Iuml;_=&otilde;	&thorn;w&ccedil;&otilde;&#140;&macr;&acirc;&Uacute;&ouml;&ograve;&aring;&Ograve;&frac34;&#147;&divide;} &yuml;G&yuml;&laquo;&Ocirc;;&thorn;&thorn;Y&yuml;&acirc;:&#157;&oslash;&reg;0&Oacute;&Ccedil;&euml;&Eacute;&cedil;&szlig;&yuml;&Yacute;&eacute;&#159;&raquo;&aring;&ocirc;p&otilde;&iuml;&ecirc;&yuml;&ocirc;z&raquo;&otilde;'&yacute;&thorn;W&plusmn;'&igrave;?&igrave;G&frac12;O&ucirc;&szlig;&acute;&yuml;t=V&thorn;&Oacute;&thorn;&Ucirc;{&AElig;&yuml;&Ucirc;&yacute;&Aring;&oslash;&thorn;#&ograve;&agrave;&#159;&ucirc;&#159;&ugrave;&#159;&yacute;&THORN;&frac14;&gt;&Ograve;&gt;&#136;&iquest;&acute;&gt;&#156;&raquo;?&Oslash;?&Yacute;&thorn;&Oslash;&ucirc;F&yuml;&ugrave;&igrave;&yuml;&egrave;&Iuml;&ntilde;o&thorn;&#133;&thorn;W&thorn;_&iacute;&divide;&#147;&#153;j3&ugrave;&Ugrave;&egrave;&iuml;&agrave;&yuml;&iacute;&uacute;&Egrave;&ucirc;&acirc;&ucirc;&#148;&ouml;&divide;&frac34;&#159;&Agrave;&iuml;&aelig;&yuml;&Oslash;&iquest;&szlig;~k&#132;&iuml; &divide;&#146;&ordm;?&oslash;}N;&ugrave;&yuml;&uuml;&Ccedil;&iuml;&uacute;&Iuml;&#137;&#138;}5&uuml;`&szlig;&Igrave;&szlig;-/)Q&yacute;&middot;&oslash;&yacute;&yuml;w&uuml;O&sup2;&#143;&thorn;_&euml;?&Ucirc;{&uacute;&laquo;&yuml;G&uacute;&iuml;g&#143;&ugrave;&iquest;&acirc;&iquest;)&frac34;r&frac12;&shy;~&auml;&ucirc;`~&Ntilde;&#135;h&cedil;&#151;&Ntilde;&#130;.&amp;\K&#137;q7&Ocirc;4&yacute;)&#140;&amp;&aelig;&igrave;&THORN;;ge&raquo;KN&#132;&ccedil;m8V@&#157;-)R&#157;&raquo;&acute;&iquest;(&oslash;d&frac34;&brvbar;&Ocirc;&AElig;0O-&ecirc;~&times;&#130;&Ocirc;&Uacute;&#155;Sjy!!=pF&cent;@&euml;&Igrave;&sup1;&agrave;&deg;5C!v&Ograve;&macr;&uacute;&gt;&#150;I&uacute;4&sect;&Ecirc;&gt;93w&Auml;q&raquo;5&#152;&#131;&frac14;ca&#140;1&reg;&#128;&#137;&ograve;~{&lt;&Ntilde;&#159;#&Aacute;Ats&brvbar;;Ye&#155;{&Iacute;iHx&cedil;&reg;&Acirc;&reg;&#144;^Qt?d B%&gt;&#159;&yuml;&uuml;9&frac12;&atilde;a&oslash;&curren;6&deg;&euml;Z&aring;&#140;&#139;$&#129;&Uuml;&frac14;&#159;&#148;0&#141;6S&#154;&Ocirc;&aacute;&Ouml;q&not;f&#148;&ccedil;&#131;&brvbar;&Oacute;&#151;&yacute;GR &#148;.&#130;_'&yacute;<i xu>&Ucirc;&amp;&oslash;&Euml;U'&#144;&#151;V&Otilde;&uuml;&#159;&#150;+&#128;O'&eacute;#&#132;&Aring;p&AElig;y&thorn;&sect;Ri0&oacute;&Agrave;&iquest;&sect;&THORN;&oacute;&plusmn;&#134;v&Otilde;fs&curren;&deg;&iacute;&#159;&Uacute;y7&Ograve;&#157;&iexcl;&curren;&Ograve;&#132;&Eacute;d&macr;&agrave;&#136;{&frac34;62;&#131;?&auml;k^yLVI&#137;Q&#136;"&acirc;]_&AElig;v|&sup3;&THORN;&deg;	t:&Otilde;&Atilde;&#155;)i&iexcl;7;&aring;&#128;Tw&#147;&#138;&#144;&thorn;&#131;&lt;:&#129;@Z&eacute;&Igrave;(&Acirc;8&#152;&#129;&ccedil;&aelig;}hA&acirc;F&Euml;&divide;&agrave;&ocirc;!z.&Yacute;&#155;&sup3;&#138;}&#143;&auml;&yacute;&#128;$&Auml;&#152;&#147;+&sect;&#148;&#151;&#134;&Atilde;n&#139;&Acirc;&agrave;&Ocirc;~7Q&ntilde;&Igrave;&ordm;Zt&AElig;]&yuml;&atilde;&lt;&ordf;/\&#139;&#136;&frac34;&lt;&THORN;&Euml;&acirc;x&acute;&Ugrave;&gt;:&#129;&Igrave;&oacute;Mn&sup2;&#154;D8e%&middot;&#137;&#151;Q&yen;I&middot;&middot;%nx&iexcl;Y=&#141;p&szlig;&#129;&amp;&#159;4&Aring;@&Ocirc;o&THORN;&middot;&ugrave;wBpMM&times;l&agrave;&Eacute;3&ograve;&Otilde;{&eth;&aring;&ograve;Xn` `l&#128;&euml;&euml;&#147;N&copy;3&#130;&uacute;z&Iacute;&Icirc;&#146;&Aring;&aring;&atilde;&ntilde;n&egrave;&Auml;&times;&iexcl;}t&Eacute;m&laquo;9&Ccedil;\G:R&not;&ecirc;&pound;&gt;&lt;&Ocirc;s&Auml;&ugrave;&sect;&ecirc;K&yacute;hxX@&pound;&reg;&iquest;xq&middot;&yuml;&yuml;&sup3;&aring;/&Euml;&macr;&frac14;&#146;&yacute;$7&Ecirc;&#142;j&acirc;&frac34;&sect;&not;&AElig;&#129;X&ETH;,&acute;&Ograve;&AElig;X;p&#155;&sup1;&#143;&shy;W&aacute;&Egrave;7&sup1;t&pound;;&Ucirc;o(&deg;&Ograve;Zl&Auml;&brvbar;&Atilde;)lh&Oacute;&ccedil;PE&Ntilde;P&oslash;5?w&#145;3&frac14;&Otilde;&frac34;]&thorn;X&THORN;&#132;&raquo;&macr;`&uacute;&macr;&#134;&sect;&sect;&#132;&iexcl;&uacute;j9?7&sup3;&divide;&eth;&yuml;&yuml;&Iuml;&ouml;lyn&#141;&cent;?A&Acirc;&oslash;&para;&acute;&#137;e&micro;Z&Eacute;3&#130;&Agrave;&Otilde;	&auml;&ecirc;&ordf;&ocirc;&curren;|&Ouml;&Atilde;&acirc;&copy;@,&acirc;:Ovkx&Uuml;&Aring;r,&ucirc;]&#129;&sup3;&ugrave;&Aring;&frac34;&copy;&auml;2&igrave; 2&times;R&ordm;&#128;i1G#&#139;h&deg;&ouml;&#155;&Ocirc;v{_&ntilde;&euml;&thorn;b&Oslash;aak&reg;&#137;w&#135;&acirc;&yuml;&yuml;9&yuml;&ograve;RdIr18&Icirc;&deg;&sup2;PyR&iuml;&szlig;pFO&#132;&agrave;&sect;&oacute;&ouml;&#128;&uacute;&ordm;X&ordm;&#131;&#153;
/&#133;&auml;&aring;&nbsp;A&Ccedil;&#142;VI&ordf;i&#135;&#129;p]&shy;&iquest;&uuml;&#157;!&iquest;&Uuml;&ETH;M{&uml;&reg;fN&Uacute;,&#141;&#152;&Aring;&acirc;&AElig;&sup1;&Yacute;&#157;4&Uuml;&ccedil;&Otilde;bA&Ograve;V&ntilde;&ograve;&Aacute;&euml;&#140;5~&uuml;&Icirc;&Ecirc;,v&thorn;&yuml;&ocirc;&eth;&euml;&#156;JC&ecirc;LL&THORN;E&#133;T&frac14;&laquo;&#148;&#128;F&Otilde;&#155;L&eth;e&iacute;F:5&Euml;_&Ocirc;&gt;&oacute;g&frac34;&curren;U&sup1;.&#134;o'&#152;."&times;&Oacute;&Oacute;P&#144;&sect;&#139;H-&ccedil;N.&#140;UE&yen;&#146;:&middot;&#157;&middot;&#146;z&ordm;.(&euml;&szlig;&thorn;&aelig;&yuml;&yuml;&iuml;&Acirc;&sup2;&agrave;&Ccedil;&#131;/&not;&euml;&yacute;&aacute;gg|&euml;&brvbar;e&#134;~P3d&uuml;&#159;&#147;&ouml;&Aacute;A&acirc;M&ecirc;gbD2$3le&#133;&#139;dQ/&sect;Q&#132;&raquo;&Aacute;38&ntilde;&gt;&Ugrave;&#150;Nb&ordf;M&Oacute;&#149;&icirc;&Icirc;&raquo;&sup2;XH&atilde;&oacute;&curren;4?BW&Atilde;&ograve;&Atilde;&divide;x&#156;2&#142;B&Oacute;&#139;&curren;D&uuml;&Ntilde;&yacute;&frac34;=&divide;&cedil;)?n&sup1;]&#146;&ecirc;&#147;bLI&#137;10#\q+LTL%&#151;B&#148;&not;}&sup2;&oslash;&uml;&iexcl; &#154;&Uacute;lR&#153;&nbsp;&Ugrave;&#154;&uacute;&Eacute;&Icirc;&#140;&cent;&euml;&ecirc;7&#134;2&AElig;&auml;&Igrave;B*%&#135;v&macr;&#142;&yuml;OuxH&Agrave;)9&ocirc;&Igrave;M&otilde;\&icirc;/}&Ccedil;E&Otilde;&frac34;&micro;&Ugrave;&#159;&#155;RY.&iacute;&#151;s&uuml;C&Ugrave;n&iuml;*mM&copy;&uacute;&nbsp;&#135;&Euml;_\&cedil;]z&times;&Oacute;&nbsp;&Auml; &#157;&ETH;!&acute;&#154;2&amp;j&acirc;&#140;&Otilde;&Oslash;&ecirc;{&Ograve;&middot;c&aacute;&lt;&aring;4NH&plusmn;&ccedil;&Oacute;`&Ocirc;` &Otilde;a&AElig;'F&Acirc;k4&middot;X&#142;&Uuml;&ordf;08&Iacute;&Egrave;&Uuml;&#139;&ccedil;&Ograve;&egrave;&not;N&ecirc;&igrave;P&Ntilde;&oslash;g:&yen;&nbsp;{&#152;@\&#152;m(~&lt;&nbsp;&THORN;&#146;*90&iquest;$&#138;&ntilde;Qi&aring;=&sup1;&uml;a$?&gt;r&Euml;6&ETH;:&egrave;f&Eacute;&oslash;&oslash;|^&Ucirc;&para;O&ordm;a5&para;x&sup3;&#128;7Xu&sup2;5&Auml;&shy;?&not;)y&igrave;Q&atilde;Cl&#134;%&iexcl;&sup1;^}A&iquest;&#141;l&#147;&sup1;&divide;S&#157;&Ecirc;&#150;iVb&#136;&iuml;&Atilde;Wl&ecirc;&pound;&Ocirc;[&oslash;&iuml;}&ograve;B&raquo;&aacute;&frac34;&#159;&#143;48$x&uacute;r&frac34;&igrave;pu&sup2;	`&gt;8
c0$8&Auml;&Ugrave;!&yen;\}&#152;&yen;&#154;&aacute;&eacute;a&#153;&cent;&oacute;&#133;-|&gt;-&Ntilde;&#159;&iuml;&middot;&eth;f&oslash;uy&Otilde;&amp;*&Igrave;
&Iacute;&brvbar;&Ouml;&Uuml;yp:&uml;&iuml;]o5&Acirc;&Iacute;&Otilde;&yacute;6&deg;8&para;&brvbar;&Atilde;KE6&#144;&acirc;)`&ecirc;&divide;&Ouml;&Uacute;'&iquest;&brvbar;k&para;&Iuml;}&Iuml;&agrave;&#155;]&#131;&#150;&cedil;&eth;&copy;&para;.=&times;&copy;&iexcl;a&#133;b&#147;&Iuml;&#144;G&#154;&cedil;.RP&iexcl;&Igrave;7&THORN;&eth;&otilde;&#137;-l3vi&plusmn;&Auml;&Iuml;&ordm;&#153; "=&oslash;jE&pound;Pk&frac12;&aelig;&#134;_&copy;_&#155;&Otilde;&Iuml;&divide;&raquo;&Igrave;&eacute;&iquest;p%&uacute;&ccedil;&euml;&eacute;&oslash;w&ucirc;&Ccedil;&auml;&brvbar;R&Uacute;~&#130;	&#130;&sup3;wY&Ugrave;&sup3;&sup3;&Atilde;&shy;&ntilde;&#154;D&Icirc;&#133;F.U&Ugrave;&sup1;l)`&Ntilde;U\3d &acute;&Ccedil;&#135;&ouml;G&sup3; &Ugrave;s^&#155;	i&aring;;2+&#153;E!9&Uacute;&macr;&sup3;'5&lt;&Eacute;&plusmn;!e&Ograve;&Iuml;&#136;d(=&#146;&#138;&ugrave;&#131;&oacute;m&ouml;&#130;5	D&#150;&#139;r&ocirc;l&#144;gn&#131;	&reg;U	&#144;&#134;U&sect;O&Iacute;&#159;&Euml;0AS&#155;&yuml;&frac12;&oacute;&aacute;&Otilde;kkTb,fM&Acirc;,&#154;&eacute;&#145;Yw&curren;&#153;&ordf;&laquo;&Ograve;&cedil;&yuml;'&THORN;&laquo;&sect;&Oslash;&#136;Q%&atilde;A&iacute;9&deg;&thorn;&#158;&auml;h&thorn;N|B5[c&nbsp;lu&#137;&THORN;&uuml;6.2&auml;&egrave;G&ordm;&auml;MG&otilde;)]&#147;X&Ocirc;G&Aacute;
z&cedil;&#157;W)&Uacute;&uuml;r&#140;N&#147;vw&laquo;"&egrave;&ucirc;?=(&#133;&Eacute;_p&divide;;o&#146;&#130;&#153;&#154;&ccedil;&cent;&micro;&yuml;&Uacute;&oslash;&sup3;&#157;u&amp;T'N&uuml;LS&#129;Z&sup1;m&aring;&sup1;N&THORN;&#142;&deg;&times;#a&#138;&#147;nH&oacute;T&times;
&frac12;Ke&ecirc;&lt;
=gAk&sup2;&Agrave;&ograve;2&uuml;v&ugrave;o&agrave;&micro;&#147;&sup2;&para;&#138;/[&lt;-&acirc;S&yacute;Q&#153;;\&Iuml;&#151;V&plusmn;&#135;$&Ecirc;&Ucirc;&Atilde;O8&yuml;\&#133;&#128;Z&THORN;&#149;&#142;&THORN;y&yuml;@0&Auml;&Ograve;&yuml;&ordf;&aacute;&micro;&#136;&macr;v&Ecirc;&#141;&Ccedil;5&frac14;&ugrave;&pound;&#136;&raquo;K$8Lh&ordf;&ETH;&#146;g&iquest;&Atilde;&iexcl;&ordm;&#145;&#147;b\K&#140;9&Ecirc;i&#148;&otilde;&Uacute;&divide;WMy\W&atilde;&ouml;&Ecirc;&thorn;(L*&ccedil;&Igrave;D;&#156;&Oacute;&#147;&#157;&sup1;&#154;54&Eacute;&nbsp;9&raquo;&Icirc;v&#140;1&Otilde;&Ntilde;C&lt;&para;-P&Iuml;&reg;&ugrave;&middot;&ouml; L&Ugrave;&Oslash;Mo&Icirc;]&Atilde;Zm&ugrave;&#157;a&#155;&#134;&times;'&yen;&#154;&Oslash;&#148;h&oacute;/&aring;&Ecirc;dsV&uuml;&Yacute;+&Ograve;&#155;&uuml;j(&Agrave;&cedil;?P&gt;[&#148;NM-J&yuml;&cent;&#142;T&#146;x&otilde;~M&auml;&aacute;&pound;&#144;&#136;&iexcl;&aacute;W&#156;&Ouml;&amp;&plusmn;w&#129;&Ucirc;G&aring;!;&frac12;&AElig;&#138;&#159;+&oacute;&Iuml;0"a&Aacute;&#128;H&uml;&thorn;&acirc;;&#146;3&#132;zy&#149;P&yen;&raquo;]&szlig;f&oacute;y&#140;wF&Egrave;&atilde;H[&aring;&curren;~@&deg;&Egrave;&iexcl;$1\\&#159;~ggZ&Atilde;lo&oslash;&#148;&euml;&gt;9&#131;&ograve;&frac34;&frac14;&iquest;&#146;S&#150;&Ecirc;g&#137;vPD&Acirc;p7&ograve;&iquest;#&#152;&#145;6TT4&#152;&Iuml;rYR#&Oacute;&Egrave;+`-&#152;&#144;&iacute;&Uacute;
&nbsp;&curren;&Yacute;&Icirc;&Ouml;b&plusmn;&#142;&aelig;&Acirc;&Iacute;&iuml;&yuml;&#158;&#140;&#158;"&#145;&#132;&ETH;&#140;&cent;&sup3;&iexcl;&cedil;&egrave;&aacute;&Ecirc;1*+&iexcl;&shy;n&agrave;&ucirc;&agrave;&ordm;&ordm;
q&#151;&uacute;D&igrave;&igrave;&#155;pX/&#148;G&igrave;&Acirc;&Ugrave;&otilde;IXp&middot;&deg;&uml;(,a
&uacute;&Egrave;&egrave;c&uacute;j&#143;&Ouml;&yacute;'A&divide;Y&para;&otilde;1&shy;&#143;&#131;r&Ouml;&Oslash;sX&shy;&Otilde;&not;&#141;&amp;0&#149;&iacute;&#157;&Ccedil;p&#132;&atilde;&iacute;&aelig;&nbsp;&#154;0&iuml;&iexcl;!&Ecirc;	&aelig;&micro;Ix9&#149;_&raquo;~&reg;&atilde;-&middot;#&aring;	&amp;gh&#132;R&laquo;1&amp;&#152;&#138;&#137;L&Ucirc;R!&#142;&Aring;b"&ecirc;&#143;J&egrave;|(a&Eacute;1&ocirc;~&gt;&igrave;&#135;&Ugrave;x&egrave;x&#150;&#140;&#152;&#142;&acute;i=7&divide;j(&THORN;p&macr;|&icirc;d&euml;$&ocirc;&acute;&ordm;J&Icirc;C&brvbar;&nbsp;Rw&Ograve;&divide;&raquo;~C/~&#142;&ordf;	&aring;&Ouml;eG5=j1&eth;!&#132;J&#133;&gt;K&pound;u#&iuml;"&amp;ATX''&times;&#139;&aacute;&#131;&#137;&#139;&Igrave;&Igrave;";&#140;&reg;&Igrave;nkcrP&euml;&#154;&ccedil;&reg;z&ordf;&curren;&szlig;&#151;C&frac12;&nbsp;;&#131;&#145;&ograve;&oacute;&#144;&ocirc;`-&Oacute;&Ouml;'&#147;&para;&#148;&#152;&igrave;&Atilde;	&ecirc;&pound;&Otilde;oy&yuml;&szlig;&#146;&euml;&auml;'&Icirc;B&AElig;I0j&pound;&shy;&aring;&egrave;FWP&THORN;&ordf;&#151;7d&#134;&aacute;poY3_&#132;6&Iuml;)7FmM&Acirc;*x&oslash;%&aelig;&icirc;mt&Ecirc;z&iacute;
&uml;{&otilde;G&#130;&Ocirc;&times;ng&Ucirc;&raquo;O&uuml;&frac12;&lt;&reg;Kz&ocirc;&Ntilde;V&Yacute;&deg;y&#138;T&laquo;S&#146;&#151;&eacute;&not;&brvbar;&sup2;&Acirc;wsAx&#136;1&Otilde;&cedil;&eth;Ne;&Iuml;&uuml;%h&#143;nT&Atilde;|u&#151;&#139;&Otilde;&Eacute;v$&divide;GlQ&Oslash;)&iquest;YB&Iacute;E8&#136;]&acirc;&raquo;&ETH;&#128;eM=&Acirc;ka&Otilde;$&#133;&#159;&middot;&icirc;&lt;&#158;&#157;&Auml;?':&lt;&pound;&#136;&curren;	C$E&middot;Rg|-&#148;mIn[Df&eacute;eKf&macr;&Otilde;&#156;Y&uuml;2]&sup3;&sup1;&#135;+&aelig;&thorn;&eacute;&gt;&curren;"K&atilde;/&#141;$&Atilde;&egrave;&#146;&Ocirc;&sup2;&reg;&shy;It&ecirc;Z&not;'A&Aacute;&#157;&uml;{&ocirc;/&#132;&AElig;&#147;&#137;is&Iuml;&eacute;&middot;g&ntilde;&sup1;y&agrave;&ouml;&ordm;R&cedil;&plusmn;&nbsp;7&AElig;&Ccedil;&Ograve;X&ecirc;&agrave;h&ecirc;N&yen;Z&Ucirc;&curren;&divide;&ordf;&iquest;	SZ&Aring;&aelig;t&ugrave;
&#151;5m]&#138;D&aacute;k&yuml;&gt;T&#144;h:&divide;K;p&nbsp;9+&#150;|&Ouml;&curren;!&Otilde;&divide;&frac12;&ntilde;
&sup3;&#139;lfku&#144;L&sect;&reg;&#128;&Uacute;&divide;&Agrave;&ordf;8&#156;&Otilde;Z&Auml;B&brvbar;&#128;&Otilde;&yuml;&#153;&#157;&egrave;&oslash;E&#147;~*L	&sect;&Aring;g&iuml;&eacute;&brvbar;&#148;u&Aacute;c~V&Agrave;i&macr;5} &atilde;&divide;&copy;"&shy;V{G&Iuml;N&sup2;s&#143;&yen;&frac14;/O&#143;&copy;&divide;Sypc&Yacute;&THORN;G&Ograve;&frac14;&amp;&plusmn;fs&yuml;&acirc;R&iacute;&#141;&#144;&igrave;&raquo;&egrave;&#137;&#147;W&ccedil;v&macr;3&micro;&Uacute;ZjAuD&iacute;&Auml;&frac14;&micro;`&nbsp;&Iacute;&sup3;&#155;73&#157;&agrave;l&aring;&#157;&Igrave;&otilde;mk&#152;K9i&#152;&#143;&aelig;^&plusmn;&micro;&#146;t&#146;#kpcJ&nbsp;U&#146;&igrave;&#143;7&#136;&AElig;Q&AElig;WaY3&igrave;e&Yacute;&ouml;SU&Auml;&ucirc;&Yacute;&Oslash;"9&cedil;k&#148;&amp;&#133;&cedil;&divide;&copy;&micro;;&#156;&Agrave;e&Euml;&Agrave;K&agrave;&#130;&aelig;V&deg;!&Ucirc;]A!.&iacute;,Y&Ucirc;}&#132;&micro;n&Uacute;&not;&icirc;&#147;.&#152;Fv&aacute;7&Aring;D&#138;&Eacute;&szlig;F
eT2N&shy;&Ecirc;&Yacute;&thorn;#Z&#154;o&szlig;&frac14;C2&otilde;p&laquo;&#158;&ucirc;&sup2;?&atilde;&lt;&Ntilde;&#158;&ograve;&egrave;&#130;4&not;&amp;Vgig&ordm;&brvbar;=?7&iacute;S-@6&ocirc;)q&acute;&THORN;&#158;&Otilde;&sup3;0&egrave;&amp;&#153;]&#135;o.~&ucirc;&auml;&shy;&thorn;;"&lt;&Atilde;&eacute;2&#154;yZ&uml;=&ucirc;&iacute;y#&divide;=t%)b'&Ucirc;&Iacute;&#148;&sup2;4&Eacute;4ze&#152;&icirc;&szlig;&Oslash;&egrave;&szlig;]?&#132;6E#&aring;LM&ETH;	&ouml;&Ugrave;&ccedil;&#149;c&amp;&middot;&#138;N&iquest;&otilde;&Iuml;&sup1;&#140;}&sup3;&aelig;&Ecirc;^n@&cedil;&iquest;&brvbar;\~&Iacute;&oacute;H&ucirc;&frac12;&pound;g&#143;&shy;:&#154;&cent;Jz p&Iuml;Z&Uacute;.@&#148; &#139;&Egrave;&laquo;v&cedil;@PB&sect;%&Aring;&middot;| b&Iuml;h(q&oacute;&Iacute;!t&not;^i&Egrave;J&Uacute;Vm}&acirc;&cedil;Z&aring;&laquo;&#143;&Egrave;7/&oacute;&oacute;c&#129;RB&aacute;&plusmn;&#152;&#137;&iquest;0&eacute;&THORN;&#143;&Ouml;R&frac12;&Uacute;&uacute;&#134;&Ntilde;&aelig;&#156;3&frac12;&ucirc;&deg;A}&uacute;&eth;@&sect;0 &Ocirc;&Ocirc;5&lt;&Acirc;&micro;&uml;Z&Iuml;7i&Euml;&ucirc;&Eacute;&oslash;
&Ecirc;&ucirc;&eth;&Ecirc;&plusmn;&acirc;yXy9'&plusmn;o&Iuml;&micro;KR&#148;o&sup1;&#143;&uuml;&Ucirc;&ugrave; }m&#145;&deg;&laquo;G&Iacute;&aacute;{&deg;&#131;&#137;&THORN;L&Yacute;O&uacute;&#142;H5&deg;	&auml;65&cent;/ &sup2;&atilde;Z&#157;&oslash;{k&THORN;uq&Yacute;&aring;&#138;{&times;&Igrave;&#130;&copy;C&aelig;&#140;Mp&frac34;&#155;&szlig;)&Igrave;1d=&laquo;&#128;&middot;&#151;&ugrave;&#144;&aring;&Agrave; &#135;4&Ugrave;f&#159;&thorn;&aelig;&#141;8&#137;&curren;&ograve;&ecirc;&cent;&#132;&aacute;4"&sect;4B&#153;&Atilde;&eacute;z&Ecirc;&Uacute;&Ograve;&Atilde;&yuml;&#152;&egrave;&yen;&euml;&ETH;(6&Acirc;Z	&laquo;+&szlig;&macr;K&eacute;0&cent;&iexcl;t}&Ograve;ZI&aelig;b&Atilde;&#132;&#146;&gt;1&ntilde;&#135;{/&#130;&#149;&#149;&iquest;?&iquest;&middot;&#128;)W&frac14;&uacute;n&sup3;"&Eacute;P&uacute;&cedil;A)&#132;H&acute;0-p&acute;&Otilde;*&divide;jFv&ETH;&#145;6&Auml;&agrave;&sect;Whaw&aacute;&Egrave;&uml;&#145;&Egrave;&auml;9'&#158;&Oacute;K&#132;&Euml;&cent;g&ugrave;?&yuml;F&Iuml;f&#147;&Uuml;&Euml;&#144;By&#155;&Acirc;&yuml;d&#139;H%&#156;&plusmn;(&#137;&#140;r&amp;p&brvbar;&eth;j&eacute;5&copy;&pound;-&ocirc;&acirc;&THORN;7&uuml;T&#134;&oslash;_&iuml;&uacute;&sup2;&uml;vrd yq&frac12;&sup3;&igrave;&#156;!c&yuml;&#139;Zt+&acirc;&otilde;<ba></ba></i></p></body></html>
