<!-- Modal header --><html><body>
<div class="flex items-center justify-between p-4 md:p-5 border-b rounded-t dark:border-gray-600">
        <h3 class="max-w-[30%] sm:max-w-[50%] md:max-w-[100%] truncate text-xl font-semibold text-gray-900 dark:text-white">
            <a class="hover:underline" href="https://www.strava.com/activities/9756441741" rel="nofollow">Watopia Flat Forward in London</a>
        </h3>
        <span class="mx-1 text-xs font-normal text-gray-500 dark:text-gray-400">-</span>
        <span class="text-xs font-normal text-gray-500 dark:text-gray-400">
            16:35 on Thursday, August 31, 2023
        </span>
        <button type="button" class="close text-gray-400 bg-transparent hover:bg-gray-200 hover:text-gray-900 rounded-lg text-sm w-8 h-8 ms-auto inline-flex justify-center items-center dark:hover:bg-gray-600 dark:hover:text-white">
            <svg class="w-3 h-3" aria-hidden="true" xmlns="http://www.w3.org/2000/svg" fill="none" viewbox="0 0 14 14">
                <path stroke="currentColor" stroke-linecap="round" stroke-linejoin="round" stroke-width="2" d="m1 1 6 6m0 0 6 6M7 7l6-6M7 7l-6 6"></path>
            </svg>
            <span class="sr-only">Close modal</span>
        </button>
    </div>
    <!-- Modal body -->
    <div class="p-4 md:p-5 space-y-4">
        <div class="grid grid-cols-1 lg:grid-cols-2 gap-4">
            <div>
                <div class="grid grid-cols-5 gap-2 mb-4">
                    <div class="flex flex-col items-center justify-center px-2 py-4 border border-gray-200 rounded-lg shadow dark:border-gray-700">
                        <div class="text-center">
                            <dd class="text-xs text-gray-500 dark:text-gray-400">Distance</dd>
                            <dt class="font-extrabold">34<span class="text-xs">km</span>
</dt>
                        </div>
                    </div>
                    <div class="flex flex-col items-center justify-center px-2 py-4 border border-gray-200 rounded-lg shadow dark:border-gray-700">
                        <div class="text-center">
                            <dd class="text-xs text-gray-500 dark:text-gray-400">Moving time</dd>
                            <dt class="font-extrabold">1:03:06</dt>
                        </div>
                    </div>
                    <div class="flex flex-col items-center justify-center px-2 py-4 border border-gray-200 rounded-lg shadow dark:border-gray-700">
                        <div class="text-center">
                            <dd class="text-xs text-gray-500 dark:text-gray-400">Elevation</dd>
                            <dt class="font-extrabold">278<span class="text-xs">m</span>
</dt>
                        </div>
                    </div>
                    <div class="flex flex-col items-center justify-center px-2 py-4 border border-gray-200 rounded-lg shadow dark:border-gray-700">
                        <div class="text-center">
                            <dd class="text-xs text-gray-500 dark:text-gray-400">Calories</dd>
                            <dt class="font-extrabold">695</dt>
                        </div>
                    </div>
                    <div class="flex flex-col items-center justify-center px-2 py-4 border border-gray-200 rounded-lg shadow dark:border-gray-700">
                        <div class="text-center">
                            <dd class="text-xs text-gray-500 dark:text-gray-400">Gear</dd>
                            <dt class="font-extrabold">Retro Race Bike</dt>
                        </div>
                    </div>
                </div>
                <div class="mb-2 text-xs font-normal text-gray-500 dark:text-gray-400">
                                                        </div>
                <div class="grid grid-cols-4 gap-2">
                                            <div>
                            <img class="h-auto max-w-full rounded-lg lazy" src="https://raw.githubusercontent.com/robiningelbrecht/strava-activities/master/build/html/placeholder.webp" data-src="https://raw.githubusercontent.com/robiningelbrecht/strava-activities/master/files/activities/aea2d7b4-53a7-11ee-a5e1-9a34a3268d74.jpg" alt="Activity image">
                        </div>
                                            <div>
                            <img class="h-auto max-w-full rounded-lg lazy" src="https://raw.githubusercontent.com/robiningelbrecht/strava-activities/master/build/html/placeholder.webp" data-src="https://raw.githubusercontent.com/robiningelbrecht/strava-activities/master/files/activities/aea955a8-53a7-11ee-bb29-9a34a3268d74.jpg" alt="Activity image">
                        </div>
                                            <div>
                            <img class="h-auto max-w-full rounded-lg lazy" src="https://raw.githubusercontent.com/robiningelbrecht/strava-activities/master/build/html/placeholder.webp" data-src="https://raw.githubusercontent.com/robiningelbrecht/strava-activities/master/files/activities/aeb339e2-53a7-11ee-8ef5-9a34a3268d74.jpg" alt="Activity image">
                        </div>
                                            <div>
                            <img class="h-auto max-w-full rounded-lg lazy" src="https://raw.githubusercontent.com/robiningelbrecht/strava-activities/master/build/html/placeholder.webp" data-src="https://raw.githubusercontent.com/robiningelbrecht/strava-activities/master/files/activities/aeb9c32a-53a7-11ee-824c-9a34a3268d74.jpg" alt="Activity image">
                        </div>
                                    </div>
            </div>
            <div>
                <div class="relative overflow-x-auto">
                    <table class="w-full text-sm text-center text-gray-500 dark:text-gray-400">
                        <thead class="text-xs text-gray-700 uppercase dark:text-gray-400">
                        <tr>
                            <th scope="col" class="px-6 py-2">

                            </th>
                            <th scope="col" class="px-6 py-2">
                                Speed
                            </th>
                            <th scope="col" class="px-6 py-2">
                                Heart rate
                            </th>
                            <th scope="col" class="px-6 py-2">
                                Cadence
                            </th>
                            <th scope="col" class="px-6 py-2">
                                Power
                            </th>
                        </tr>
                        </thead>
                        <tbody>
                        <tr>
                            <th class="px-6 py-3">
                                Avg
                            </th>
                            <td class="px-6 py-3">
                                <span class="text-sm font-medium px-2.5 py-0.5 rounded bg-green-100 text-green-800 dark:bg-gray-700 dark:text-green-400 border border-green-400">
                                                                                                                31.9<span class="text-xs">km/h</span>
                                                                    </span>
                            </td>
                            <td class="px-6 py-3">
                                <span class="text-sm font-medium px-2.5 py-0.5 rounded bg-green-100 text-green-800 dark:bg-gray-700 dark:text-green-400 border border-green-400">
                                                                                                                154<span class="text-xs">bpm</span>
                                                                    </span>
                            </td>
                            <td class="px-6 py-3">
                                 <span class="text-sm font-medium px-2.5 py-0.5 rounded bg-green-100 text-green-800 dark:bg-gray-700 dark:text-green-400 border border-green-400">
                                                                          84
                                 </span>
                            </td>
                            <td class="px-6 py-3">
                                 <span class="text-sm font-medium px-2.5 py-0.5 rounded bg-green-100 text-green-800 dark:bg-gray-700 dark:text-green-400 border border-green-400">
                                                                                                                   192<span class="text-xs">w</span>
                                                                      </span>
                            </td>
                        </tr>
                        <tr>
                            <th class="px-6 py-3">
                                Max
                            </th>
                            <td class="px-6 py-3">
                                <span class="text-sm font-medium px-2.5 py-0.5 rounded bg-blue-100 text-blue-800 dark:bg-gray-700 dark:text-blue-400 border border-blue-400">
                                                                                                                76.8<span class="text-xs">km/h</span>
                                                                    </span>
                            </td>
                            <td class="px-6 py-3">
                                <span class="text-sm font-medium px-2.5 py-0.5 rounded bg-blue-100 text-blue-800 dark:bg-gray-700 dark:text-blue-400 border border-blue-400">
                                                                                                                174<span class="text-xs">bpm</span>
                                                                    </span>
                            </td>
                            <td class="px-6 py-3">
                                <span class="text-sm font-medium px-2.5 py-0.5 rounded bg-blue-100 text-blue-800 dark:bg-gray-700 dark:text-blue-400 border border-blue-400">
                                                                        102
                                </span>
                            </td>
                            <td class="px-6 py-3">
                                <span class="text-sm font-medium px-2.5 py-0.5 rounded bg-blue-100 text-blue-800 dark:bg-gray-700 dark:text-blue-400 border border-blue-400">
                                                                                                                479<span class="text-xs">w</span>
                                                                    </span>
                            </td>
                        </tr>
                        </tbody>
                    </table>
                </div>
            </div>
        </div>
                    <div class="mt-4 mb-1">
                <h3 class="font-bold mb-1">Power outputs</h3>
                <div class="relative overflow-x-auto">
                    <table class="w-full text-sm text-center text-gray-500 dark:text-gray-400">
                        <thead class="text-xs text-gray-700 uppercase bg-gray-50 dark:bg-gray-700 dark:text-gray-400">
                                                <tr>
                                                                                                                                <th scope="col" colspan="2" class="px-6 py-3">
                                        Best 5s
                                    </th>
                                                                                                                                                                <th scope="col" colspan="2" class="px-6 py-3">
                                        Best 10s
                                    </th>
                                                                                                                                                                <th scope="col" colspan="2" class="px-6 py-3">
                                        Best 30s
                                    </th>
                                                                                                                                                                <th scope="col" colspan="2" class="px-6 py-3">
                                        Best 1m
                                    </th>
                                                                                                                                                                <th scope="col" colspan="2" class="px-6 py-3">
                                        Best 5m
                                    </th>
                                                                                                                                                                <th scope="col" colspan="2" class="px-6 py-3">
                                        Best 8m
                                    </th>
                                                                                                                                                                <th scope="col" colspan="2" class="px-6 py-3">
                                        Best 20m
                                    </th>
                                                                                                                                                                <th scope="col" colspan="2" class="px-6 py-3">
                                        Best 1h
                                    </th>
                                                                                    </tr>
                        </thead>
                        <tbody>
                        <tr class="bg-white border-b dark:bg-gray-800 dark:border-gray-700">
                                                                                                                                <td class="px-2 py-2 border-l">
                                        493<span class="text-xs">w</span>
                                    </td>
                                    <td class="px-2 py-2 border-r">
                                        7.14<span class="text-xs">w/kg</span>
                                    </td>
                                                                                                                                                                <td class="px-2 py-2 border-l">
                                        460<span class="text-xs">w</span>
                                    </td>
                                    <td class="px-2 py-2 border-r">
                                        6.67<span class="text-xs">w/kg</span>
                                    </td>
                                                                                                                                                                <td class="px-2 py-2 border-l">
                                        412<span class="text-xs">w</span>
                                    </td>
                                    <td class="px-2 py-2 border-r">
                                        5.97<span class="text-xs">w/kg</span>
                                    </td>
                                                                                                                                                                <td class="px-2 py-2 border-l">
                                        352<span class="text-xs">w</span>
                                    </td>
                                    <td class="px-2 py-2 border-r">
                                        5.1<span class="text-xs">w/kg</span>
                                    </td>
                                                                                                                                                                <td class="px-2 py-2 border-l">
                                        273<span class="text-xs">w</span>
                                    </td>
                                    <td class="px-2 py-2 border-r">
                                        3.96<span class="text-xs">w/kg</span>
                                    </td>
                                                                                                                                                                <td class="px-2 py-2 border-l">
                                        256<span class="text-xs">w</span>
                                    </td>
                                    <td class="px-2 py-2 border-r">
                                        3.71<span class="text-xs">w/kg</span>
                                    </td>
                                                                                                                                                                <td class="px-2 py-2 border-l">
                                        239<span class="text-xs">w</span>
                                    </td>
                                    <td class="px-2 py-2 border-r">
                                        3.46<span class="text-xs">w/kg</span>
                                    </td>
                                                                                                                                                                <td class="px-2 py-2 border-l">
                                        218<span class="text-xs">w</span>
                                    </td>
                                    <td class="px-2 py-2 border-r">
                                        3.16<span class="text-xs">w/kg</span>
                                    </td>
                                                                                    </tr>
                        </tbody>
                    </table>
                </div>
            </div>
            </div>
</body></html>
