<html><body>
<nav class="flex mb-5" aria-label="Breadcrumb">
    <ol class="inline-flex items-center space-x-1 text-sm font-medium md:space-x-2">
        <li class="inline-flex items-center">
            <a href="#" data-router-navigate="dashboard" class="inline-flex items-center text-gray-700 hover:text-primary-600 dark:text-gray-300 dark:hover:text-white hover:underline">
                <svg class="w-5 h-5 mr-2.5" fill="currentColor" viewbox="0 0 20 20" xmlns="http://www.w3.org/2000/svg"><path d="M10.707 2.293a1 1 0 00-1.414 0l-7 7a1 1 0 001.414 1.414L4 10.414V17a1 1 0 001 1h2a1 1 0 001-1v-2a1 1 0 011-1h2a1 1 0 011 1v2a1 1 0 001 1h2a1 1 0 001-1v-6.586l.293.293a1 1 0 001.414-1.414l-7-7z"></path></svg>
                Dashboard
            </a>
        </li>
            <li>
        <div class="flex items-center">
            <svg class="w-6 h-6 text-gray-400" fill="currentColor" viewbox="0 0 20 20" xmlns="http://www.w3.org/2000/svg"><path fill-rule="evenodd" d="M7.293 14.707a1 1 0 010-1.414L10.586 10 7.293 6.707a1 1 0 011.414-1.414l4 4a1 1 0 010 1.414l-4 4a1 1 0 01-1.414 0z" clip-rule="evenodd"></path></svg>
            <a href="#" data-router-navigate="segments" class="ml-1 text-gray-700 hover:text-primary-600 md:ml-2 dark:text-gray-300 dark:hover:text-white">Segments</a>
        </div>
    </li>
    </ol>
</nav>
            <div class="grid grid-cols-1 gap-4">
            <!-- SEGMENTS -->
            <div class="p-4 bg-white border border-gray-200 rounded-lg shadow-sm dark:border-gray-700 sm:p-6 dark:bg-gray-800">
                <div data-datatable-settings='{"url":"fetch-json/segment-data-table.json"}' class="relative">
                    <form class="mb-2 flex items-center">
                        <label for="search" class="sr-only">Search</label>
                        <div class="relative w-full">
                            <div class="absolute inset-y-0 start-0 flex items-center ps-3 pointer-events-none">
                                <svg class="w-4 h-4 text-gray-500 dark:text-gray-400" aria-hidden="true" xmlns="http://www.w3.org/2000/svg" fill="none" viewbox="0 0 20 20">
                                    <path stroke="currentColor" stroke-linecap="round" stroke-linejoin="round" stroke-width="2" d="m19 19-4-4m0-7A7 7 0 1 1 1 8a7 7 0 0 1 14 0Z"></path>
                                </svg>
                            </div>
                            <input id="search" type="search" placeholder="Search segment..." class="table-search bg-gray-50 border border-gray-300 text-gray-900 text-sm rounded-lg focus:ring-blue-500 focus:border-blue-500 block w-full ps-10 p-2.5  dark:bg-gray-700 dark:border-gray-600 dark:placeholder-gray-400 dark:text-white dark:focus:ring-blue-500 dark:focus:border-blue-500">
                        </div>
                        <button data-popover-target="popover-description" data-popover-placement="right" type="button">
                            <svg class="w-4 h-4 ml-1 text-gray-400 hover:text-gray-500" aria-hidden="true" xmlns="http://www.w3.org/2000/svg" width="14" height="20" fill="none" viewbox="0 0 14 20">
                                <path stroke="currentColor" stroke-linecap="round" stroke-linejoin="round" stroke-width="2" d="M4 7a3 3 0 0 1 3-3M5 19h4m0-3c0-4.1 4-4.9 4-9A6 6 0 1 0 1 7c0 4 4 5 4 9h4Z"></path>
                            </svg>
                            <span class="sr-only">Show tip</span>
                        </button>
                        <div data-popover id="popover-description" role="tooltip" class="absolute z-[100] invisible inline-block text-sm text-gray-500 transition-opacity duration-300 bg-white border border-gray-200 rounded-lg shadow-sm opacity-0 dark:bg-gray-800 dark:border-gray-600 dark:text-gray-400">
                            <p class="p-3">
                                You can search on "<span class="font-bold">starred</span>" or "<span class="font-bold">favourite</span>" to filter on starred segments.
                            </p>
                        </div>
                    </form>
                    <div class="scroll-area overflow-auto max-h-[calc(100vh-240px)]">
                        <table class="w-full text-sm text-center text-gray-500 dark:text-gray-400">
                            <thead class="z-[10] sticky top-0 text-xs text-gray-700 uppercase bg-gray-50 dark:bg-gray-700 dark:text-gray-400">
                            <tr>
                                <th scope="col" data-datatable-sort="name" class="px-2 py-3 cursor-pointer">
                                    <div class="w-[23rem]">
<div class="ml-1.5 group sorting-icon" aria-sort="none">
    <svg class="w-2 h-2 group-aria-[sort=descending]:text-strava-orange" aria-hidden="true" xmlns="http://www.w3.org/2000/svg" fill="none" viewbox="0 0 14 8">
        <path stroke="currentColor" stroke-linecap="round" stroke-linejoin="round" stroke-width="3" d="M13 7 7.674 1.3a.91.91 0 0 0-1.348 0L1 7"></path>
    </svg>
    <svg class="w-2 h-2 group-aria-[sort=ascending]:text-strava-orange" aria-hidden="true" xmlns="http://www.w3.org/2000/svg" fill="none" viewbox="0 0 14 8">
        <path stroke="currentColor" stroke-linecap="round" stroke-linejoin="round" stroke-width="3" d="m1 1 5.326 5.7a.909.909 0 0 0 1.348 0L13 1"></path>
    </svg>
</div>
</div>
                                </th>
                                <th scope="col" class="px-2 py-3">
                                    <div class="flex items-center justify-center">
                                        <svg class="w-6 h-6" xmlns="http://www.w3.org/2000/svg" fill="none" viewbox="0 0 24 24" stroke-width="1.5" stroke="#F26722"><path stroke-linecap="round" stroke-linejoin="round" d="M16.5 18.75h-9m9 0a3 3 0 0 1 3 3h-15a3 3 0 0 1 3-3m9 0v-3.375c0-.621-.503-1.125-1.125-1.125h-.871M7.5 18.75v-3.375c0-.621.504-1.125 1.125-1.125h.872m5.007 0H9.497m5.007 0a7.454 7.454 0 0 1-.982-3.172M9.497 14.25a7.454 7.454 0 0 0 .981-3.172M5.25 4.236c-.982.143-1.954.317-2.916.52A6.003 6.003 0 0 0 7.73 9.728M5.25 4.236V4.5c0 2.108.966 3.99 2.48 5.228M5.25 4.236V2.721C7.456 2.41 9.71 2.25 12 2.25c2.291 0 4.545.16 6.75.47v1.516M7.73 9.728a6.726 6.726 0 0 0 2.748 1.35m8.272-6.842V4.5c0 2.108-.966 3.99-2.48 5.228m2.48-5.492a46.32 46.32 0 0 1 2.916.52 6.003 6.003 0 0 1-5.395 4.972m0 0a6.726 6.726 0 0 1-2.749 1.35m0 0a6.772 6.772 0 0 1-3.044 0"></path></svg>
                                    </div>
                                </th>
                                <th scope="col" data-datatable-sort="distance" class="px-2 py-3 cursor-pointer">
                                    <div class="flex items-center justify-center">
                                        <svg class="w-7 h-7" xmlns="http://www.w3.org/2000/svg" viewbox="0 0 64 64" stroke-width="3" stroke="#F26722" fill="none"><path d="M17.94,54.81a.1.1,0,0,1-.14,0c-1-1.11-11.69-13.23-11.69-21.26,0-9.94,6.5-12.24,11.76-12.24,4.84,0,11.06,2.6,11.06,12.24C28.93,41.84,18.87,53.72,17.94,54.81Z"></path><circle cx="17.52" cy="31.38" r="4.75"></circle><path d="M49.58,34.77a.11.11,0,0,1-.15,0c-.87-1-9.19-10.45-9.19-16.74,0-7.84,5.12-9.65,9.27-9.65,3.81,0,8.71,2,8.71,9.65C58.22,24.52,50.4,33.81,49.58,34.77Z"></path><circle cx="49.23" cy="17.32" r="3.75"></circle><path d="M17.87,54.89a28.73,28.73,0,0,0,3.9.89"></path><path d="M24.68,56.07c2.79.12,5.85-.28,7.9-2.08,5.8-5.09,2.89-11.25,6.75-14.71a16.72,16.72,0,0,1,4.93-3" stroke-dasharray="7.8 2.92"></path><path d="M45.63,35.8a23,23,0,0,1,3.88-.95"></path></svg>
                                        <div class="ml-1.5 group sorting-icon" aria-sort="none">
    <svg class="w-2 h-2 group-aria-[sort=descending]:text-strava-orange" aria-hidden="true" xmlns="http://www.w3.org/2000/svg" fill="none" viewbox="0 0 14 8">
        <path stroke="currentColor" stroke-linecap="round" stroke-linejoin="round" stroke-width="3" d="M13 7 7.674 1.3a.91.91 0 0 0-1.348 0L1 7"></path>
    </svg>
    <svg class="w-2 h-2 group-aria-[sort=ascending]:text-strava-orange" aria-hidden="true" xmlns="http://www.w3.org/2000/svg" fill="none" viewbox="0 0 14 8">
        <path stroke="currentColor" stroke-linecap="round" stroke-linejoin="round" stroke-width="3" d="m1 1 5.326 5.7a.909.909 0 0 0 1.348 0L13 1"></path>
    </svg>
</div>

                                    </div>
                                </th>
                                <th scope="col" data-datatable-sort="max-gradient" class="px-2 py-3 cursor-pointer">
                                    <div class="flex items-center justify-center">
                                        <svg class="w-5 h-5" aria-hidden="true" viewbox="0 0 24 24" fill="none" xmlns="http://www.w3.org/2000/svg"><g stroke-width="0"></g><g stroke-linecap="round" stroke-linejoin="round"></g><g><path fill-rule="evenodd" clip-rule="evenodd" d="M7.25 10.5a3.75 3.75 0 1 1 0-7.5 3.75 3.75 0 0 1 0 7.5zm-1.543 9.207a1 1 0 0 1-1.414-1.414l14-14a1 1 0 1 1 1.414 1.414l-14 14zM13 17.25a3.75 3.75 0 1 0 7.5 0 3.75 3.75 0 0 0-7.5 0zM7.25 8.5a1.75 1.75 0 1 0 0-3.5 1.75 1.75 0 0 0 0 3.5zm11.25 8.75a1.75 1.75 0 1 1-3.5 0 1.75 1.75 0 0 1 3.5 0z" fill="#F26722"></path></g></svg>
                                        <div class="ml-1.5 group sorting-icon" aria-sort="none">
    <svg class="w-2 h-2 group-aria-[sort=descending]:text-strava-orange" aria-hidden="true" xmlns="http://www.w3.org/2000/svg" fill="none" viewbox="0 0 14 8">
        <path stroke="currentColor" stroke-linecap="round" stroke-linejoin="round" stroke-width="3" d="M13 7 7.674 1.3a.91.91 0 0 0-1.348 0L1 7"></path>
    </svg>
    <svg class="w-2 h-2 group-aria-[sort=ascending]:text-strava-orange" aria-hidden="true" xmlns="http://www.w3.org/2000/svg" fill="none" viewbox="0 0 14 8">
        <path stroke="currentColor" stroke-linecap="round" stroke-linejoin="round" stroke-width="3" d="m1 1 5.326 5.7a.909.909 0 0 0 1.348 0L13 1"></path>
    </svg>
</div>

                                    </div>
                                </th>
                                <th scope="col" data-datatable-sort="ride-count" class="px-2 py-3 cursor-pointer">
                                    <div class="flex items-center justify-center">
                                        <svg class="w-5 h-5" viewbox="0 0 24 24" fill="none" xmlns="http://www.w3.org/2000/svg"><g stroke-width="0"></g><g stroke-linecap="round" stroke-linejoin="round"></g><g> <path d="M10 4L7 20M17 4L14 20M5 8H20M4 16H19" stroke="#F26722" stroke-width="2" stroke-linecap="round"></path> </g></svg>
                                        <div class="ml-1.5 group sorting-icon" aria-sort="none">
    <svg class="w-2 h-2 group-aria-[sort=descending]:text-strava-orange" aria-hidden="true" xmlns="http://www.w3.org/2000/svg" fill="none" viewbox="0 0 14 8">
        <path stroke="currentColor" stroke-linecap="round" stroke-linejoin="round" stroke-width="3" d="M13 7 7.674 1.3a.91.91 0 0 0-1.348 0L1 7"></path>
    </svg>
    <svg class="w-2 h-2 group-aria-[sort=ascending]:text-strava-orange" aria-hidden="true" xmlns="http://www.w3.org/2000/svg" fill="none" viewbox="0 0 14 8">
        <path stroke="currentColor" stroke-linecap="round" stroke-linejoin="round" stroke-width="3" d="m1 1 5.326 5.7a.909.909 0 0 0 1.348 0L13 1"></path>
    </svg>
</div>

                                    </div>
                                </th>
                            </tr>
                            </thead>
                            <tbody class="clusterize-content">
                            <tr class="clusterize-loading">
                                <td class="px-6 py-2 truncate">Loading data...</td>
                            </tr>
                            </tbody>
                        </table>
                    </div>
                </div>
            </div>
        </div>
    
</body></html>
