<html><body>
<nav class="flex mb-5" aria-label="Breadcrumb">
    <ol class="inline-flex items-center space-x-1 text-sm font-medium md:space-x-2">
        <li class="inline-flex items-center">
            <a href="#" data-router-navigate="dashboard.html" class="inline-flex items-center text-gray-700 hover:text-primary-600 dark:text-gray-300 dark:hover:text-white">
                <svg class="w-5 h-5 mr-2.5" fill="currentColor" viewbox="0 0 20 20" xmlns="http://www.w3.org/2000/svg"><path d="M10.707 2.293a1 1 0 00-1.414 0l-7 7a1 1 0 001.414 1.414L4 10.414V17a1 1 0 001 1h2a1 1 0 001-1v-2a1 1 0 011-1h2a1 1 0 011 1v2a1 1 0 001 1h2a1 1 0 001-1v-6.586l.293.293a1 1 0 001.414-1.414l-7-7z"></path></svg>
                Dashboard
            </a>
        </li>
            <li>
        <div class="flex items-center">
            <svg class="w-6 h-6 text-gray-400" fill="currentColor" viewbox="0 0 20 20" xmlns="http://www.w3.org/2000/svg"><path fill-rule="evenodd" d="M7.293 14.707a1 1 0 010-1.414L10.586 10 7.293 6.707a1 1 0 011.414-1.414l4 4a1 1 0 010 1.414l-4 4a1 1 0 01-1.414 0z" clip-rule="evenodd"></path></svg>
            <a href="#" data-router-navigate="eddington.html" class="ml-1 text-gray-700 hover:text-primary-600 md:ml-2 dark:text-gray-300 dark:hover:text-white">Eddington</a>
        </div>
    </li>
    </ol>
</nav>
    <!-- EDDINGTON -->
    <div class="grid grid-cols-1 mb-4">
        <div class="p-4 bg-white border border-gray-200 rounded-lg shadow-sm dark:border-gray-700 sm:p-6 dark:bg-gray-800">
            <blockquote class="p-4 my-4 border-l-4 border-gray-300 bg-gray-50 dark:border-gray-500 dark:bg-gray-800">
                <p class="italic leading-relaxed text-gray-600 dark:text-white mb-4">The Eddington number in the context of cycling is defined as the maximum number E such that the cyclist has cycled at least E km on at least E days.</p>
                <p class="italic leading-relaxed text-gray-600 dark:text-white">For example, an Eddington number of 70 would imply that the cyclist has cycled at least 70 km in a day on at least 70 occasions.
                    Achieving a high Eddington number is difficult, since moving from, say, 70 to 75 will (probably)
                    require more than five new long-distance rides, since any rides shorter than 75 km will no longer be included in the reckoning.</p>
            </blockquote>
            <div class="h-64" data-echarts-options='{"backgroundColor":null,"animation":true,"grid":{"left":"3%","right":"4%","bottom":"3%","containLabel":true},"legend":{"show":true,"selectedMode":false},"xAxis":{"data":["1km","2km","3km","4km","5km","6km","7km","8km","9km","10km","11km","12km","13km","14km","15km","16km","17km","18km","19km","20km","21km","22km","23km","24km","25km","26km","27km","28km","29km","30km","31km","32km","33km","34km"],"type":"category","axisTick":{"alignWithLabel":true}},"yAxis":[{"type":"value","splitLine":{"show":true},"max":30,"interval":30},{"type":"value","splitLine":{"show":false},"max":30,"interval":30}],"series":[{"name":"Times completed","yAxisIndex":0,"type":"bar","label":{"show":false},"showBackground":false,"itemStyle":{"color":"rgba(227, 73, 2, 0.3)"},"markPoint":{"symbol":"pin","symbolOffset":[0,-5],"itemStyle":{"color":"rgba(227, 73, 2, 0.8)"},"data":[{"value":5,"coord":[4,4]}]},"data":[5,5,5,5,{"value":5,"itemStyle":{"color":"rgba(227, 73, 2, 0.8)"}},5,4,4,4,4,4,4,1,1,1,1,1,1,1,1,1,1,1,1,1,1,1,1,1,1,1,1,1,1]},{"name":"Eddington","yAxisIndex":1,"zlevel":1,"type":"line","smooth":false,"showSymbol":false,"label":{"show":false},"showBackground":false,"itemStyle":{"color":"#E34902"},"data":[1,2,3,4,5,6,7,8,9,10,11,12,13,14,15,16,17,18,19,20,21,22,23,24,25,26,27,28,29,30,31,32,33,34]}],"tooltip":{"trigger":"axis"}}'></div>
            <div class="mt-10">
                <h3 class="font-bold mb-2">Days needed</h3>
                <div class="relative overflow-x-auto">
                    <table class="w-full text-sm text-center text-gray-500 dark:text-gray-400">
                        <thead class="text-xs text-gray-700 uppercase bg-gray-50 dark:bg-gray-700 dark:text-gray-400">
                        <tr>
                                                            <th scope="col" class="px-6 py-3">
                                    6<span class="text-xs">km</span>
                                </th>
                                                            <th scope="col" class="px-6 py-3">
                                    7<span class="text-xs">km</span>
                                </th>
                                                            <th scope="col" class="px-6 py-3">
                                    8<span class="text-xs">km</span>
                                </th>
                                                            <th scope="col" class="px-6 py-3">
                                    9<span class="text-xs">km</span>
                                </th>
                                                            <th scope="col" class="px-6 py-3">
                                    10<span class="text-xs">km</span>
                                </th>
                                                            <th scope="col" class="px-6 py-3">
                                    11<span class="text-xs">km</span>
                                </th>
                                                            <th scope="col" class="px-6 py-3">
                                    12<span class="text-xs">km</span>
                                </th>
                                                            <th scope="col" class="px-6 py-3">
                                    13<span class="text-xs">km</span>
                                </th>
                                                            <th scope="col" class="px-6 py-3">
                                    14<span class="text-xs">km</span>
                                </th>
                                                            <th scope="col" class="px-6 py-3">
                                    15<span class="text-xs">km</span>
                                </th>
                                                            <th scope="col" class="px-6 py-3">
                                    16<span class="text-xs">km</span>
                                </th>
                                                            <th scope="col" class="px-6 py-3">
                                    17<span class="text-xs">km</span>
                                </th>
                                                            <th scope="col" class="px-6 py-3">
                                    18<span class="text-xs">km</span>
                                </th>
                                                            <th scope="col" class="px-6 py-3">
                                    19<span class="text-xs">km</span>
                                </th>
                                                            <th scope="col" class="px-6 py-3">
                                    20<span class="text-xs">km</span>
                                </th>
                                                            <th scope="col" class="px-6 py-3">
                                    21<span class="text-xs">km</span>
                                </th>
                                                            <th scope="col" class="px-6 py-3">
                                    22<span class="text-xs">km</span>
                                </th>
                                                            <th scope="col" class="px-6 py-3">
                                    23<span class="text-xs">km</span>
                                </th>
                                                            <th scope="col" class="px-6 py-3">
                                    24<span class="text-xs">km</span>
                                </th>
                                                            <th scope="col" class="px-6 py-3">
                                    25<span class="text-xs">km</span>
                                </th>
                                                            <th scope="col" class="px-6 py-3">
                                    26<span class="text-xs">km</span>
                                </th>
                                                            <th scope="col" class="px-6 py-3">
                                    27<span class="text-xs">km</span>
                                </th>
                                                            <th scope="col" class="px-6 py-3">
                                    28<span class="text-xs">km</span>
                                </th>
                                                            <th scope="col" class="px-6 py-3">
                                    29<span class="text-xs">km</span>
                                </th>
                                                            <th scope="col" class="px-6 py-3">
                                    30<span class="text-xs">km</span>
                                </th>
                                                            <th scope="col" class="px-6 py-3">
                                    31<span class="text-xs">km</span>
                                </th>
                                                            <th scope="col" class="px-6 py-3">
                                    32<span class="text-xs">km</span>
                                </th>
                                                            <th scope="col" class="px-6 py-3">
                                    33<span class="text-xs">km</span>
                                </th>
                                                            <th scope="col" class="px-6 py-3">
                                    34<span class="text-xs">km</span>
                                </th>
                                                    </tr>
                        </thead>
                        <tbody>
                        <tr class="bg-white border-b dark:bg-gray-800 dark:border-gray-700">
                                                            <td class="px-6 py-2">
                                    1
                                </td>
                                                            <td class="px-6 py-2">
                                    3
                                </td>
                                                            <td class="px-6 py-2">
                                    4
                                </td>
                                                            <td class="px-6 py-2">
                                    5
                                </td>
                                                            <td class="px-6 py-2">
                                    6
                                </td>
                                                            <td class="px-6 py-2">
                                    7
                                </td>
                                                            <td class="px-6 py-2">
                                    8
                                </td>
                                                            <td class="px-6 py-2">
                                    12
                                </td>
                                                            <td class="px-6 py-2">
                                    13
                                </td>
                                                            <td class="px-6 py-2">
                                    14
                                </td>
                                                            <td class="px-6 py-2">
                                    15
                                </td>
                                                            <td class="px-6 py-2">
                                    16
                                </td>
                                                            <td class="px-6 py-2">
                                    17
                                </td>
                                                            <td class="px-6 py-2">
                                    18
                                </td>
                                                            <td class="px-6 py-2">
                                    19
                                </td>
                                                            <td class="px-6 py-2">
                                    20
                                </td>
                                                            <td class="px-6 py-2">
                                    21
                                </td>
                                                            <td class="px-6 py-2">
                                    22
                                </td>
                                                            <td class="px-6 py-2">
                                    23
                                </td>
                                                            <td class="px-6 py-2">
                                    24
                                </td>
                                                            <td class="px-6 py-2">
                                    25
                                </td>
                                                            <td class="px-6 py-2">
                                    26
                                </td>
                                                            <td class="px-6 py-2">
                                    27
                                </td>
                                                            <td class="px-6 py-2">
                                    28
                                </td>
                                                            <td class="px-6 py-2">
                                    29
                                </td>
                                                            <td class="px-6 py-2">
                                    30
                                </td>
                                                            <td class="px-6 py-2">
                                    31
                                </td>
                                                            <td class="px-6 py-2">
                                    32
                                </td>
                                                            <td class="px-6 py-2">
                                    33
                                </td>
                                                    </tr>
                        </tbody>
                    </table>
                </div>
            </div>
            <div class="mt-10">
                <h3 class="font-bold mb-2">History</h3>
                <div class="relative overflow-x-auto">
                    <table class="w-full text-sm text-center text-gray-500 dark:text-gray-400">
                        <thead class="text-xs text-gray-700 uppercase bg-gray-50 dark:bg-gray-700 dark:text-gray-400">
                        <tr>
                                                            <th scope="col" class="px-6 py-3">
                                    5<span class="text-xs">km</span>
                                </th>
                                                            <th scope="col" class="px-6 py-3">
                                    4<span class="text-xs">km</span>
                                </th>
                                                            <th scope="col" class="px-6 py-3">
                                    3<span class="text-xs">km</span>
                                </th>
                                                            <th scope="col" class="px-6 py-3">
                                    2<span class="text-xs">km</span>
                                </th>
                                                            <th scope="col" class="px-6 py-3">
                                    1<span class="text-xs">km</span>
                                </th>
                                                    </tr>
                        </thead>
                        <tbody>
                        <tr class="bg-white border-b dark:bg-gray-800 dark:border-gray-700">
                                                            <td class="px-6 py-2 truncate">
                                    11-09-2023
                                </td>
                                                            <td class="px-6 py-2 truncate">
                                    31-08-2023
                                </td>
                                                            <td class="px-6 py-2 truncate">
                                    29-07-2023
                                </td>
                                                            <td class="px-6 py-2 truncate">
                                    28-07-2023
                                </td>
                                                            <td class="px-6 py-2 truncate">
                                    29-01-2023
                                </td>
                                                    </tr>
                        </tbody>
                    </table>
                </div>
            </div>
        </div>
    </div>

</body></html>
