<!-- Modal header --><html><body>
<div class="z-[10000] sticky top-0 bg-white dark:bg-gray-700 p-4 md:p-5 border-b rounded-t dark:border-gray-600">
        <div class="flex items-center justify-between">
            <h3 class="max-w-[30%] sm:max-w-[50%] md:max-w-[100%] truncate text-lg font-semibold text-gray-900 dark:text-white">
                <a class="flex items-center gap-x-1 hover:underline" href="https://www.strava.com/activities/9830227182" target="_blank" rel="nofollow">
                    Night Ride
                    <svg class="w-2 h-2" aria-hidden="true" xmlns="http://www.w3.org/2000/svg" fill="none" viewbox="0 0 18 18">
                        <path stroke="currentColor" stroke-linecap="round" stroke-linejoin="round" stroke-width="2" d="M15 11v4.833A1.166 1.166 0 0 1 13.833 17H2.167A1.167 1.167 0 0 1 1 15.833V4.167A1.166 1.166 0 0 1 2.167 3h4.618m4.447-2H17v5.768M9.111 8.889l7.778-7.778"></path>
                    </svg>
                </a>
            </h3>
            <span class="mx-1 text-xs font-normal text-gray-500 dark:text-gray-400">-</span>
            <span class="text-xs font-normal text-gray-500 dark:text-gray-400">
                21:05 on Monday,
                <a href="#" data-model-content-url="month/month-2023-09.html" class="hover:underline">September</a>
                 11, 2023
            </span>
            <button type="button" class="close text-gray-400 bg-transparent hover:bg-gray-200 hover:text-gray-900 rounded-lg text-sm w-8 h-8 ms-auto inline-flex justify-center items-center dark:hover:bg-gray-600 dark:hover:text-white">
                <svg class="w-3 h-3" aria-hidden="true" xmlns="http://www.w3.org/2000/svg" fill="none" viewbox="0 0 14 14">
                    <path stroke="currentColor" stroke-linecap="round" stroke-linejoin="round" stroke-width="2" d="m1 1 6 6m0 0 6 6M7 7l6-6M7 7l-6 6"></path>
                </svg>
                <span class="sr-only">Close modal</span>
            </button>
        </div>
            </div>
    <!-- Modal body -->
    <div class="p-4 md:p-5 space-y-4">
    <div class="grid grid-cols-1 lg:grid-cols-2 gap-4">
        <div>
            <div class="mb-4 grid grid-cols-6 gap-2">
                <div class="flex flex-col items-center justify-center px-2 py-2 border border-gray-200 rounded-lg shadow dark:bg-gray-800 dark:border-gray-600">
                    <div class="text-center">
                        <dd class="text-xs text-gray-500 dark:text-gray-400">Distance</dd>
                        <dt class="font-extrabold">6<span class="text-xs">km</span>
</dt>
                    </div>
                </div>
                <div class="flex flex-col items-center justify-center px-2 py-2 border border-gray-200 rounded-lg shadow dark:bg-gray-800 dark:border-gray-600">
                    <div class="text-center">
                        <dd class="text-xs text-gray-500 dark:text-gray-400">Moving time</dd>
                        <dt class="font-extrabold">16:41</dt>
                    </div>
                </div>
                <div class="flex flex-col items-center justify-center px-2 py-2 border border-gray-200 rounded-lg shadow dark:bg-gray-800 dark:border-gray-600">
                    <div class="text-center">
                        <dd class="text-xs text-gray-500 dark:text-gray-400">Elevation</dd>
                        <dt class="font-extrabold">9<span class="text-xs">m</span>
</dt>
                    </div>
                </div>
                <div class="flex flex-col items-center justify-center px-2 py-2 border border-gray-200 rounded-lg shadow dark:bg-gray-800 dark:border-gray-600">
                    <div class="text-center">
                        <dd class="text-xs text-gray-500 dark:text-gray-400">Calories</dd>
                        <dt class="font-extrabold">163</dt>
                    </div>
                </div>
                <div class="flex flex-col items-center justify-center px-2 py-4 border border-gray-200 rounded-lg shadow dark:bg-gray-800 dark:border-gray-600">
                    <div class="text-center">
                        <dd class="text-xs text-gray-500 dark:text-gray-400">Gear</dd>
                        <dt class="text-xs font-extrabold">Other</dt>
                    </div>
                </div>
                <div class="flex flex-col items-center justify-center px-2 py-4 border border-gray-200 rounded-lg shadow dark:bg-gray-800 dark:border-gray-600">
                    <div class="text-center">
                        <dd class="text-xs text-gray-500 dark:text-gray-400">Device</dd>
                        <dt class="text-xs font-extrabold">Polar Vantage M</dt>
                    </div>
                </div>
            </div>
                                        <div class="mb-4 text-xs font-normal text-gray-500 dark:text-gray-400">
                    Stormy, 19 &Acirc;&deg;C,
                    Humidity 95%,
                    Wind 2.2km/h from E.
                </div>
                                    <div class="mb-4 relative overflow-x-auto px-2 py-2 border border-gray-200 rounded-lg shadow dark:bg-gray-800 dark:border-gray-600">
                <table class="w-full text-sm text-center text-gray-500 dark:text-gray-400">
                    <thead class="text-xs text-gray-700 uppercase dark:text-gray-400">
                    <tr>
                        <th scope="col" class="px-2 py-2">

                        </th>
                        <th scope="col" class="px-2 py-2">
                            Speed
                        </th>
                        <th scope="col" class="px-2 py-2">
                            Heart rate
                        </th>
                        <th scope="col" class="px-2 py-2">
                            Cadence
                        </th>
                        <th scope="col" class="px-2 py-2">
                            Power
                        </th>
                    </tr>
                    </thead>
                    <tbody>
                    <tr class="border-b dark:border-gray-600">
                        <th class="px-2 py-2">
                            Avg
                        </th>
                        <td class="px-2 py-2 text-sm">
                                                                                        22<span class="text-xs">km/h</span>
                                                    </td>
                        <td class="px-2 py-2 text-sm">
                                                                                        133<span class="text-xs">bpm</span>
                                                    </td>
                        <td class="px-2 py-2 text-sm">
                                                        n/a
                        </td>
                        <td class="px-2 py-2 text-sm">
                                                                                        93<span class="text-xs">w</span>
                                                    </td>
                    </tr>
                    <tr>
                        <th class="px-2 py-2">
                            Max
                        </th>
                        <td class="px-2 py-2 text-sm">
                                                                                        53.4<span class="text-xs">km/h</span>
                                                    </td>
                        <td class="px-2 py-2 text-sm">
                                                                                        159<span class="text-xs">bpm</span>
                                                    </td>
                        <td class="px-2 py-2 text-sm">
                                                        n/a
                        </td>
                        <td class="px-2 py-2 text-sm">
                                                                                        n/a
                                                    </td>
                    </tr>
                    </tbody>
                </table>
            </div>
                    </div>
                                <div class="h-[350px]" style="background-color:#bbbbb7" data-leaflet='{"routes":["adowHewlRa@aL?sAHuE?eGCaDGoAMmASkAc@qBmCyKc@aC@IJIpAUbBc@~Bc@tA_@XFPCNGZW^MKBm@Zy@?AGMs@SyA?i@WiC@cACg@MiAKqASoAs@kFu@yFMqAQ_AiAsJ]_Cq@_DaA_BiBqCk@uAQw@OaA[yDI}A_@}CHCVuATeCDQLY|BaChAeAjAoAnCeCpGkG@MAKwA_EKa@[cC@m@Bi@Xw@j@oA"],"tileLayer":"https:\/\/tile.openstreetmap.org\/{z}\/{x}\/{y}.png","minZoom":1,"maxZoom":14,"imageOverlay":null,"bounds":[]}'></div>
            </div>
                <div class="grid grid-cols-1 lg:grid-cols-2 gap-4">
                                        <div>
                    <h3 class="font-bold mb-1 text-center">Heart rate distribution</h3>
                    <div class="h-[350px]" data-echarts-options='{"grid":{"left":"1%","right":"1%","bottom":"7%","height":"325px","containLabel":false},"xAxis":{"type":"category","data":[60,65,70,75,80,85,90,95,100,105,110,115,120,125,130,135,140,145,150,155,160,165,170,175,180,185,190,195,200],"axisTick":{"show":false},"axisLine":{"show":false},"axisLabel":{"interval":2,"showMinLabel":true}},"yAxis":{"show":false,"min":0,"max":140},"series":[{"data":[0,0,0,0,0,0,0,0,0,0,0,0,0,0,0,0,0,0,0,0,0,0,0,100,0,0,0,0,0],"type":"bar","barCategoryGap":1,"itemStyle":{"color":"#fff","borderRadius":[25,25,0,0]},"markPoint":{"silent":true,"animation":false,"symbol":"path:\/\/M2 9.1371C2 14 6.01943 16.5914 8.96173 18.9109C10 19.7294 11 20.5 12 20.5C13 20.5 14 19.7294 15.0383 18.9109C17.9806 16.5914 22 14 22 9.1371C22 4.27416 16.4998 0.825464 12 5.50063C7.50016 0.825464 2 4.27416 2 9.1371Z","symbolSize":[55,48],"itemStyle":{"color":"#7F7F7F"},"label":{"formatter":"{label|AVG}\n{sub|{c}}","lineHeight":15,"rich":{"label":{"fontWeight":"bold"},"sub":{"fontSize":12}}},"data":[{"value":133,"coord":[14,112]}]},"markLine":{"symbol":"none","animation":false,"lineStyle":{"type":"solid","width":2,"color":"#7F7F7F"},"label":{"show":false},"data":[[{"xAxis":14,"yAxis":0},{"xAxis":14,"yAxis":112}]],"silent":true},"markArea":{"data":[[{"itemStyle":{"color":"#303030"}},{"x":"23.571428571429%"}],[{"name":"Zone 1\n50% - 60%","label":{"position":"insideTop","fontWeight":"bold","fontSize":10,"textAlign":"center","distance":12,"textBorderColor":"none"},"itemStyle":{"color":"#DF584A"},"x":"23.571428571429%"},{"x":"36.857142857143%"}],[{"name":"Zone 2\n60% - 70%","label":{"position":"insideTop","fontWeight":"bold","fontSize":10,"textAlign":"center","distance":12,"textBorderColor":"none"},"itemStyle":{"color":"#D63522"},"x":"36.857142857143%"},{"x":"50.142857142857%"}],[{"name":"Zone 3\n70% - 80%","label":{"position":"insideTop","fontWeight":"bold","fontSize":10,"textAlign":"center","distance":12,"textBorderColor":"none"},"itemStyle":{"color":"#BD2D22"},"x":"50.142857142857%"},{"x":"63.428571428571%"}],[{"name":"Zone 4\n80% - 90%","label":{"position":"insideTop","fontWeight":"bold","fontSize":10,"textAlign":"center","distance":12,"textBorderColor":"none"},"itemStyle":{"color":"#942319"},"x":"63.428571428571%"},{"x":"76.714285714286%"}],[{"name":"Zone 5\n&gt; 90%","label":{"position":"insideTop","fontWeight":"bold","fontSize":10,"textAlign":"center","distance":12,"textBorderColor":"none"},"itemStyle":{"color":"#6A1009"},"x":"76.714285714286%"},[]]],"silent":true}}]}'></div>
                </div>
                    </div>
    </div>
</body></html>
