{
    "build\/charts\/chart_1000_300.json": "{\n    \"width\": 1000,\n    \"height\": 300,\n    \"options\": {\n        \"animation\": false,\n        \"backgroundColor\": \"#ffffff\",\n        \"color\": [\n            \"#E34902\"\n        ],\n        \"grid\": {\n            \"left\": \"3%\",\n            \"right\": \"4%\",\n            \"bottom\": \"3%\",\n            \"containLabel\": true\n        },\n        \"xAxis\": [\n            {\n                \"type\": \"time\",\n                \"boundaryGap\": false,\n                \"axisTick\": {\n                    \"show\": false\n                },\n                \"axisLabel\": {\n                    \"formatter\": {\n                        \"year\": \"{yyyy}\",\n                        \"month\": \"{MMM}\",\n                        \"day\": \"\",\n                        \"hour\": \"{HH}:{mm}\",\n                        \"minute\": \"{HH}:{mm}\",\n                        \"second\": \"{HH}:{mm}:{ss}\",\n                        \"millisecond\": \"{hh}:{mm}:{ss} {SSS}\",\n                        \"none\": \"{yyyy}-{MM}-{dd} {hh}:{mm}:{ss} {SSS}\"\n                    }\n                },\n                \"splitLine\": {\n                    \"show\": true,\n                    \"lineStyle\": {\n                        \"color\": \"#E0E6F1\"\n                    }\n                }\n            }\n        ],\n        \"yAxis\": [\n            {\n                \"type\": \"value\",\n                \"splitLine\": {\n                    \"show\": false\n                },\n                \"axisLabel\": {\n                    \"formatter\": \"{value} km\"\n                }\n            }\n        ],\n        \"series\": [\n            {\n                \"name\": \"Average distance \\\/ week\",\n                \"type\": \"line\",\n                \"smooth\": false,\n                \"label\": {\n                    \"show\": true,\n                    \"formatter\": \"{@[1]} km\",\n                    \"rotate\": -45\n                },\n                \"lineStyle\": {\n                    \"width\": 1\n                },\n                \"symbolSize\": 6,\n                \"showSymbol\": true,\n                \"areaStyle\": {\n                    \"opacity\": 0.3,\n                    \"color\": \"rgba(227, 73, 2, 0.3)\"\n                },\n                \"emphasis\": {\n                    \"focus\": \"series\"\n                },\n                \"data\": [\n                    [\n                        \"2023-08-07\",\n                        0\n                    ],\n                    [\n                        \"2023-08-14\",\n                        0\n                    ],\n                    [\n                        \"2023-08-21\",\n                        0\n                    ],\n                    [\n                        \"2023-08-28\",\n                        34\n                    ],\n                    [\n                        \"2023-09-04\",\n                        0\n                    ],\n                    [\n                        \"2023-09-11\",\n                        6\n                    ],\n                    [\n                        \"2023-09-18\",\n                        0\n                    ],\n                    [\n                        \"2023-09-25\",\n                        0\n                    ],\n                    [\n                        \"2023-10-02\",\n                        0\n                    ],\n                    [\n                        \"2023-10-09\",\n                        0\n                    ],\n                    [\n                        \"2023-10-16\",\n                        0\n                    ]\n                ]\n            }\n        ]\n    }\n}"
}
