{
    "build\/strava-activities-latest.md": "<table>\n    <tr>\n        <th><\/th>\n        <th><\/th>\n        <th align=\"center\"><img src=\"https:\/\/raw.githubusercontent.com\/robiningelbrecht\/strava-activities\/master\/public\/distance.svg\" width=\"30\" alt=\"distance\" title=\"distance\"\/><\/th>\n        <th align=\"center\"><img src=\"https:\/\/raw.githubusercontent.com\/robiningelbrecht\/strava-activities\/master\/public\/elevation.svg\" width=\"30\" alt=\"elevation\" title=\"elevation\"\/><\/th>\n        <th align=\"center\"><img src=\"https:\/\/raw.githubusercontent.com\/robiningelbrecht\/strava-activities\/master\/public\/time.svg\" width=\"30\" alt=\"time\" title=\"time\"\/><\/th>\n        <th align=\"center\"><img src=\"https:\/\/raw.githubusercontent.com\/robiningelbrecht\/strava-activities\/master\/public\/average-watt.svg\" width=\"30\" alt=\"average watts\" title=\"average watts\"\/><\/th>\n        <th align=\"center\"><img src=\"https:\/\/raw.githubusercontent.com\/robiningelbrecht\/strava-activities\/master\/public\/average-speed.svg\" width=\"30\" alt=\"average speed\" title=\"average speed\"\/><\/th>\n        <th align=\"center\"><img src=\"https:\/\/raw.githubusercontent.com\/robiningelbrecht\/strava-activities\/master\/public\/heart-rate.svg\" width=\"30\" alt=\"average heart rate\" title=\"average heart rate\"\/><\/th>\n    <\/tr>\n            <tr>\n            <td>11-09-23<\/td>\n            <td>\n                <img src=\"https:\/\/raw.githubusercontent.com\/robiningelbrecht\/strava-activities\/master\/public\/activity-ride.svg\" width=\"12\" alt=\"virtual ride\" title=\"virtual ride\"\/>\n                <a href=\"https:\/\/www.strava.com\/activities\/9830227182\" title=\"Kcal: 163 | Gear: None \">Night Ride<\/a>\n            <\/td>\n            <td align=\"center\">6 <sup><sub>km<\/sub><\/sup><\/td>\n            <td align=\"center\">9 <sup><sub>m<\/sub><\/sup><\/td>\n            <td align=\"center\">16:41<\/td>\n            <td align=\"center\">93 <sup><sub>w<\/sub><\/sup><\/td>\n            <td align=\"center\">22 <sup><sub>km\/h<\/sub><\/sup><\/td>\n            <td align=\"center\">133<\/td>\n        <\/tr>\n            <tr>\n            <td>31-08-23<\/td>\n            <td>\n                <img src=\"https:\/\/raw.githubusercontent.com\/robiningelbrecht\/strava-activities\/master\/public\/activity-virtual-ride.svg\" width=\"12\" alt=\"virtual ride\" title=\"virtual ride\"\/>\n                <a href=\"https:\/\/www.strava.com\/activities\/9756441741\" title=\"Kcal: 695 | Gear: None \">Watopia Flat Forward in Lo...<\/a>\n            <\/td>\n            <td align=\"center\">34 <sup><sub>km<\/sub><\/sup><\/td>\n            <td align=\"center\">278 <sup><sub>m<\/sub><\/sup><\/td>\n            <td align=\"center\">1:03:06<\/td>\n            <td align=\"center\">192 <sup><sub>w<\/sub><\/sup><\/td>\n            <td align=\"center\">31.9 <sup><sub>km\/h<\/sub><\/sup><\/td>\n            <td align=\"center\">154<\/td>\n        <\/tr>\n            <tr>\n            <td>29-07-23<\/td>\n            <td>\n                <img src=\"https:\/\/raw.githubusercontent.com\/robiningelbrecht\/strava-activities\/master\/public\/activity-ride.svg\" width=\"12\" alt=\"virtual ride\" title=\"virtual ride\"\/>\n                <a href=\"https:\/\/www.strava.com\/activities\/9542782814\" title=\"Kcal: 293 | Gear: None \">Morning Ride<\/a>\n            <\/td>\n            <td align=\"center\">12 <sup><sub>km<\/sub><\/sup><\/td>\n            <td align=\"center\">15 <sup><sub>m<\/sub><\/sup><\/td>\n            <td align=\"center\">31:56<\/td>\n            <td align=\"center\">92 <sup><sub>w<\/sub><\/sup><\/td>\n            <td align=\"center\">23.3 <sup><sub>km\/h<\/sub><\/sup><\/td>\n            <td align=\"center\">129<\/td>\n        <\/tr>\n            <tr>\n            <td>28-07-23<\/td>\n            <td>\n                <img src=\"https:\/\/raw.githubusercontent.com\/robiningelbrecht\/strava-activities\/master\/public\/activity-ride.svg\" width=\"12\" alt=\"virtual ride\" title=\"virtual ride\"\/>\n                <a href=\"https:\/\/www.strava.com\/activities\/9542782814\" title=\"Kcal: 293 | Gear: None \">Morning Ride<\/a>\n            <\/td>\n            <td align=\"center\">12 <sup><sub>km<\/sub><\/sup><\/td>\n            <td align=\"center\">15 <sup><sub>m<\/sub><\/sup><\/td>\n            <td align=\"center\">31:56<\/td>\n            <td align=\"center\">92 <sup><sub>w<\/sub><\/sup><\/td>\n            <td align=\"center\">23.3 <sup><sub>km\/h<\/sub><\/sup><\/td>\n            <td align=\"center\">129<\/td>\n        <\/tr>\n            <tr>\n            <td>29-01-23<\/td>\n            <td>\n                <img src=\"https:\/\/raw.githubusercontent.com\/robiningelbrecht\/strava-activities\/master\/public\/activity-ride.svg\" width=\"12\" alt=\"virtual ride\" title=\"virtual ride\"\/>\n                <a href=\"https:\/\/www.strava.com\/activities\/9542782814\" title=\"Kcal: 293 | Gear: None \">Morning Ride<\/a>\n            <\/td>\n            <td align=\"center\">12 <sup><sub>km<\/sub><\/sup><\/td>\n            <td align=\"center\">15 <sup><sub>m<\/sub><\/sup><\/td>\n            <td align=\"center\">31:56<\/td>\n            <td align=\"center\">92 <sup><sub>w<\/sub><\/sup><\/td>\n            <td align=\"center\">23.3 <sup><sub>km\/h<\/sub><\/sup><\/td>\n            <td align=\"center\">129<\/td>\n        <\/tr>\n                <tr>\n            <td colspan=\"8\" align=\"right\"><a href=\"https:\/\/github.com\/robiningelbrecht\/strava-activities#activities\">View all activities<\/a><\/td>\n        <\/tr>\n    <\/table>\n"
}
