{
    "commandName": "App.Domain.Strava.Activity.BuildEddingtonChart.BuildEddingtonChart",
    "payload": {
        "metadata": []
    }
}
