{
    "commandName": "App.Domain.Strava.BuildHtmlVersion.BuildHtmlVersion",
    "payload": {
        "metadata": []
    }
}
