{
    "commandName": "App.Domain.Strava.Activity.BuildWeekdayStatsChart.BuildWeekdayStatsChart",
    "payload": {
        "metadata": []
    }
}
