{
    "commandName": "App.Domain.Strava.BuildReadMe.BuildReadMe",
    "payload": {
        "metadata": []
    }
}
