{
    "commandName": "App.Domain.Strava.Activity.ImportActivities.ImportActivities",
    "payload": {
        "metadata": [],
        "output": {}
    }
}
