{
    "commandName": "App.Domain.Strava.Gear.ImportGear.ImportGear",
    "payload": {
        "metadata": [],
        "output": {}
    }
}
