{
    "commandName": "App.Domain.Strava.Activity.Stream.ImportActivityStreams.ImportActivityStreams",
    "payload": {
        "metadata": [],
        "output": {}
    }
}
