{
    "commandName": "App.Domain.Strava.Activity.Stream.CalculateBestStreamAverages.CalculateBestStreamAverages",
    "payload": {
        "metadata": [],
        "output": {}
    }
}
