{
    "commandName": "App.Domain.Strava.Challenge.ImportChallenges.ImportChallenges",
    "payload": {
        "metadata": [],
        "output": {}
    }
}
