[
    {
        "activityId": "activity-1",
        "startDateTime": "2023-10-10 14:00:34",
        "data": "{\"kudos_count\":3,\"name\":\"Test activity\"}",
        "location": "null",
        "weather": "[]",
        "gearId": "gear-10"
    }
]
