{
    "query": {
        "latitude": 80,
        "longitude": 100,
        "start_date": "2023-10-01",
        "end_date": "2023-10-01",
        "temperature_unit": "celsius",
        "windspeed_unit": "kmh",
        "precipitation_unit": "mm",
        "timezone": "auto",
        "daily": "weathercode,temperature_2m_max,temperature_2m_min,temperature_2m_mean,apparent_temperature_max,apparent_temperature_min,apparent_temperature_mean,sunrise,sunset,precipitation_sum,rain_sum,snowfall_sum,precipitation_hours,windspeed_10m_max,windgusts_10m_max,winddirection_10m_dominant,shortwave_radiation_sum,et0_fao_evapotranspiration",
        "hourly": "temperature_2m,relativehumidity_2m,dewpoint_2m,apparent_temperature,precipitation,rain,snowfall,weathercode,pressure_msl,cloudcover,cloudcover_low,cloudcover_mid,cloudcover_high,et0_fao_evapotranspiration,vapor_pressure_deficit,windspeed_10m,windspeed_100m,winddirection_10m,winddirection_100m,windgusts_10m"
    },
    "base_uri": "https:\/\/archive-api.open-meteo.com\/"
}
