{
    "query": {
        "latitude": 80,
        "longitude": 100,
        "start_date": "2023-10-31",
        "end_date": "2023-10-31",
        "temperature_unit": "celsius",
        "windspeed_unit": "kmh",
        "precipitation_unit": "mm",
        "timezone": "auto",
        "daily": "weathercode,temperature_2m_max,temperature_2m_min,apparent_temperature_max,apparent_temperature_min,sunrise,sunset,uv_index_max,uv_index_clear_sky_max,precipitation_sum,rain_sum,showers_sum,snowfall_sum,precipitation_hours,precipitation_probability_max,windspeed_10m_max,windgusts_10m_max,winddirection_10m_dominant,shortwave_radiation_sum,et0_fao_evapotranspiration",
        "hourly": "temperature_2m,relativehumidity_2m,dewpoint_2m,apparent_temperature,precipitation_probability,precipitation,rain,showers,snowfall,snow_depth,weathercode,pressure_msl,surface_pressure,cloudcover,cloudcover_low,cloudcover_mid,cloudcover_high,visibility,evapotranspiration,et0_fao_evapotranspiration,vapor_pressure_deficit,windspeed_10m,windspeed_80m,windspeed_120m,windspeed_180m,winddirection_10m,winddirection_80m,winddirection_120m,winddirection_180m,windgusts_10m,temperature_80m,temperature_120m,temperature_180m"
    },
    "base_uri": "https:\/\/api.open-meteo.com\/"
}
